✖ Host恢复已退役调查定义按任务控制状态处理：cancelled (119.8924ms)
✖ Host恢复已退役调查定义按任务控制状态处理：active (108.77ms)
✖ Host恢复已退役调查定义按任务控制状态处理：paused (108.0857ms)
ℹ tests 3
ℹ suites 0
ℹ pass 0
ℹ fail 3
ℹ cancelled 0
ℹ skipped 0
ℹ todo 0
ℹ duration_ms 694.0653

✖ failing tests:

test at test\workflow-service.test.js:24:58
✖ Host恢复已退役调查定义按任务控制状态处理：cancelled (119.8924ms)
  Error: ENOSPC: no space left on device, open 'C:\Users\64554\AppData\Local\Temp\retired-owner-control-7cHdUF\control.db'
      at deserializeError (file:///D:/project/dingtalk-dsh-assistant-workflow-domain-contracts/packages/dingtalk-dsh-assistant/execution-store.js:14:49)
      at Worker.<anonymous> (file:///D:/project/dingtalk-dsh-assistant-workflow-domain-contracts/packages/dingtalk-dsh-assistant/execution-store.js:57:54)
      at Worker.emit (node:events:509:28)
      at MessagePort.<anonymous> (node:internal/worker:350:14)
      at [nodejs.internal.kHybridDispatch] (node:internal/event_target:856:20)
      at MessagePort.<anonymous> (node:internal/per_context/messageport:23:28) {
    code: 'ENOSPC',
    sqliteCode: null
  }

test at test\workflow-service.test.js:24:58
✖ Host恢复已退役调查定义按任务控制状态处理：active (108.77ms)
  Error: ENOSPC: no space left on device, open 'C:\Users\64554\AppData\Local\Temp\retired-owner-control-EPxBGU\control.db'
      at deserializeError (file:///D:/project/dingtalk-dsh-assistant-workflow-domain-contracts/packages/dingtalk-dsh-assistant/execution-store.js:14:49)
      at Worker.<anonymous> (file:///D:/project/dingtalk-dsh-assistant-workflow-domain-contracts/packages/dingtalk-dsh-assistant/execution-store.js:57:54)
      at Worker.emit (node:events:509:28)
      at MessagePort.<anonymous> (node:internal/worker:350:14)
      at [nodejs.internal.kHybridDispatch] (node:internal/event_target:856:20)
      at MessagePort.<anonymous> (node:internal/per_context/messageport:23:28) {
    code: 'ENOSPC',
    sqliteCode: null
  }

test at test\workflow-service.test.js:24:58
✖ Host恢复已退役调查定义按任务控制状态处理：paused (108.0857ms)
  Error: ENOSPC: no space left on device, open 'C:\Users\64554\AppData\Local\Temp\retired-owner-control-LWwqHT\control.db'
      at deserializeError (file:///D:/project/dingtalk-dsh-assistant-workflow-domain-contracts/packages/dingtalk-dsh-assistant/execution-store.js:14:49)
      at Worker.<anonymous> (file:///D:/project/dingtalk-dsh-assistant-workflow-domain-contracts/packages/dingtalk-dsh-assistant/execution-store.js:57:54)
      at Worker.emit (node:events:509:28)
      at MessagePort.<anonymous> (node:internal/worker:350:14)
      at [nodejs.internal.kHybridDispatch] (node:internal/event_target:856:20)
      at MessagePort.<anonymous> (node:internal/per_context/messageport:23:28) {
    code: 'ENOSPC',
    sqliteCode: null
  }
