✔ v5 冻结定义保留历史 digest，新运行 v6 维持原预算 (9.5394ms)
✔ 调查阶段交付逐条说明整体要求的不足，后续编码未执行不阻塞阶段成功 (3.0331ms)
✔ Owner不能把调查明确不足改成已满足，必须引用随后阶段的有效产物 (5.3317ms)
✔ 领域结果拒绝错型、缺失及重复验收项、虚构证据及无引用事实 (4.9355ms)
✔ 旧来源校验仅接收基础字段，权限错误不被领域校验覆盖 (0.5017ms)
✔ 调查输入保留 Host handoff、材料按 ID 去重且拒绝冲突 (0.5017ms)
✔ 修订后的真实 hash 验收 ID 冻结交接，拒绝按序号冒充及容量截断 (0.6775ms)
✔ 混合领域只核验实际承担条目，无关写入拒绝且有效保存不必再次证明调查 (2.0516ms)
✔ 验收回执仅跟随实际已验决定，序列化伪造、产物/运行/计划/决定变化均失效 (3.8874ms)
✔ 历史通用阶段无承担条目时只核验效果，承担条目时仍执行当前领域门禁 (0.9217ms)
✔ 旧新平台效果都不能作为生产修复的逐项接纳，当前域判据必须通过 (0.9265ms)
✔ 受信文件读取只接受双重授权路径，独立回读能发现修改和链接逃逸 (26.5097ms)
✔ 通用效果阶段只接受授权写能力，读取能力必须留在Agent会话内 (1.445ms)
✔ Task Markdown 文件仅落在 Host 根目录，回读核验原字节且冲突不覆盖 (22.3764ms)
✔ Task Markdown 写入经过效果账，重启对账不重放写入 (383.1212ms)
✔ 无写能力配置仍可启动但不能执行任何能力 (0.3268ms)
✔ 显式v4保持原定义摘要，v5可恢复且新运行使用v6验收策略 (2.6657ms)
✔ 新产物阶段派发artifact效果并容纳64KiB控制字符JSON膨胀 (108.7455ms)
✔ v5保留Markdown请求限额与file效果，拒绝prepared跨action (0.6019ms)
✔ 领域判断原生零工具流按项保留证据与顺序，禁止把产物回执视为业务证明 (7.8561ms)
▶ 领域判断拒绝工具、未完成、非法JSON、额外字段、错项和错证据
  ✔ 工具增量 (1.8398ms)
  ✔ 工具开始 (1.0049ms)
  ✔ 工具结束 (0.7847ms)
  ✔ 无结束 (0.8466ms)
  ✔ 长度终止 (0.8118ms)
  ✔ 非正常结束后伪造stop (0.7355ms)
  ✔ 非法JSON (0.7408ms)
  ✔ 额外字段 (1.3119ms)
  ✔ 错项顺序 (0.894ms)
  ✔ 跨项引用 (1.1813ms)
  ✔ 缺少证据 (1.1151ms)
  ✔ 满足但子项失败 (2.3665ms)
✔ 领域判断拒绝工具、未完成、非法JSON、额外字段、错项和错证据 (14.8548ms)
✔ 领域判断UTF8信封和输出硬预算不截断，不配置模型不调用流 (2.779ms)
✔ 领域判断超时中止原生流与模型配置等待并返回未验证 (41.6479ms)
✔ 交接绑定当前计划、Run、digest、generation与必交字段 (2.2507ms)
✔ 领域准备前后都核验材料角色、容量，并以冻结输入Schema拒绝错型 (1.374ms)
✔ 后阶段准备获得真实交接和冻结历史定义版本 (0.2671ms)
✔ 工程消费者仅接受声明的调查类型和版本，未知交接在领域准备前拒绝 (0.5936ms)
✔ 消费者声明拒绝空版本和重复条目 (0.234ms)
✔ 目录由当前权威结果合同派生，历史冻结交接仍使用生产时版本 (0.382ms)
✔ 正式 Host 重启恢复 v5 成功前序：后续待确认 (402.6793ms)
✔ 正式 Host 重启恢复 v5 成功前序：阶段全成功但 Owner 未完成 (386.3975ms)
✔ 产物声明拒绝未知字段和重复必交字段，声明变化进入 workflow digest (2.3581ms)
ℹ tests 44
ℹ suites 0
ℹ pass 44
ℹ fail 0
ℹ cancelled 0
ℹ skipped 0
ℹ todo 0
ℹ duration_ms 1228.7645
