✔ 领域判断原生零工具流按项保留证据与顺序，禁止把产物回执视为业务证明 (8.3739ms)
▶ 领域判断拒绝工具、未完成、非法JSON、额外字段、错项和错证据
  ✔ 工具增量 (1.3799ms)
  ✔ 工具开始 (1.7806ms)
  ✔ 工具结束 (0.848ms)
  ✔ 无结束 (0.9669ms)
  ✔ 长度终止 (0.9108ms)
  ✔ 非正常结束后伪造stop (0.8366ms)
  ✔ 非法JSON (1.6454ms)
  ✔ 额外字段 (1.306ms)
  ✔ 错项顺序 (0.8913ms)
  ✔ 跨项引用 (0.95ms)
  ✔ 缺少证据 (1.8315ms)
  ✔ 满足但子项失败 (1.1197ms)
✔ 领域判断拒绝工具、未完成、非法JSON、额外字段、错项和错证据 (15.8659ms)
✔ 领域判断UTF8信封和输出硬预算不截断，不配置模型不调用流 (2.0025ms)
✔ 领域判断超时中止原生流与模型配置等待并返回未验证 (34.5453ms)
ℹ tests 16
ℹ suites 0
ℹ pass 16
ℹ fail 0
ℹ cancelled 0
ℹ skipped 0
ℹ todo 0
ℹ duration_ms 277.825
