
> dingtalk-dsh-assistant@0.5.15 test D:\project\dingtalk-dsh-assistant-performance-flow
> node --test

✔ v8旧记录和新增扩展字段都通过，预检不改输入 (19.1791ms)
✔ Schema剥字段或类型不合法必须失败，结果只含计数不含业务正文 (1.9464ms)
✔ CLI要求--check，实跑前后文件字节相同 (3248.1467ms)
✔ Web client使用dsh原生插件页签slot注册唯一状态卡 (3.3466ms)
✔ Web bundle patch只挂载无副作用host face，不启动第二份resident Runtime (203.2748ms)
✔ 设置页异步展示版本状态且版本检查不阻塞核心配置加载 (103.421ms)
✔ 插件配置区分叶子通用提示词与可增删的任务流程提示词 (262.5296ms)
✔ 插件设置页提供统一视觉尺度、窄屏表单布局和可见键盘焦点 (90.9903ms)
✔ 添加常驻群在操作位置反馈前置条件、进度和请求结果 (116.8188ms)
✔ 派发核对绑定来源事项与当前启用流程版本 (76.7631ms)
✔ 定向重规划证据必须给出消息依据、原因及受影响阶段 (2.7162ms)
✔ Topic 决策独立提交并以固定 Topic 版本关联任务 (59.0819ms)
✔ Topic 决策拒绝缺失来源依据、消息副本和缺失执行版本 (12.6974ms)
✔ 任务续接协议允许目标修订同时携带新的任务名称 (5.5127ms)
✔ 归类可新建、追加或多归属，空归属必须有原因 (7.5562ms)
✔ 显式任务指向识别配置名称、别名、DWS登录人或cc指令 (3.3171ms)
✔ 回复审阅结构严格区分确认、结果与订正 (5.3819ms)
✔ 历史回复候选保留真实消息内容且引用ID不参与同一事项定论 (134.7555ms)
✔ 历史回复候选按真实关联优先且严格限制数量和序列化体积 (151.4382ms)
✔ 图片mediaId不算@对象且明确询问其他同事不算Agent授权 (0.5062ms)
✔ 叶子任务不得绕过Runtime直接发送群通知 (52.1294ms)
✔ 同事AI回复必须进入模型并由群决策协议判断 (3.6011ms)
✔ 未点名但应处理时先询问且不得由 Runtime 静默降级 (3.5263ms)
✔ 主会话对任务补充发送简短且不复述信息的确认 (3.9962ms)
✔ 诊断请求不得被主会话或叶子会话扩大为修复授权 (3.189ms)
✔ 任务关联索引覆盖当前群全部状态并允许历史任务记录关联上下文 (4.8233ms)
✔ 任务所需附件读取失败时硬拦截任务动作并反馈缺失信息 (1.8211ms)
✔ 历史回复审阅从 Task 固定 Topic 版本读取事实，不偷换为最新消息 (2.0026ms)
✔ 单一业务插件使用通用命名且 health 明示 fake transport (1437.4371ms)
✔ 完成通知签名由 Agent 工作区规则决定且插件不写死身份 (3.4937ms)
✔ resident重启通过Topic协调器恢复归类和已接受决策 (6.3913ms)
✔ DWS profile在恢复遗留判断前注入引用消息查询协议 (1.6458ms)
✔ 旧任务来源和续接迁移配置在打开存储前明确拒绝 (1.2453ms)
✔ 生产HTTP提供精确的单消息重试入口 (1.7682ms)
✔ 叶子会话使用DSH原生descriptor且恢复旧会话时补齐 (2.1548ms)
✔ Task上下文只引用固定Topic版本，不再构造消息正文持久副本 (1.151ms)
✔ DWS adapter 默认禁用且不会调用 runner (2.8251ms)
✔ 群监听等待 ready 后逐行交付且坏行不吞后续事件 (1.9357ms)
✔ 个人IM监听等待ready后交付引用回复 (1.471ms)
✔ DWS profile固定附加到订阅、回读和发送命令 (0.6432ms)
✔ Task完成通知使用DWS原生引用回复并@提出人 (1.385ms)
✔ 引用回复回读即使正文完全相同也必须匹配quoted message ID (0.595ms)
✔ 无引用回复不能认领其他话题的同文引用回复 (0.2362ms)
✔ 话题 A 的同文回复不阻止话题 B 的发送和精确回读 (0.4632ms)
✔ 短引用回复允许钉钉补充前导@但仍要求精确quoted message ID (0.3176ms)
✔ 本人私聊发送通过openTaskId回查真实会话与消息ID (2.2649ms)
✔ 本人私聊发送等待DWS异步投递完成后再记录消息ID (536.301ms)
✔ 本人私聊回读限定起止时间但不设置消息条数上限 (0.5242ms)
✔ 群范围回补自动翻页但不设人为消息条数上限 (0.2175ms)
✔ outbox 回读命中跳过发送，未命中则只发一次并回读真实消息 ID (4.4748ms)
✔ outbox 历史不完整或投递未知时保持 pending 不盲重发 (0.385ms)
✔ 组织未授权导致发送前检查失败时不发送，不绕过真实回读 (0.3485ms)
✔ 发送后组织未授权，空回执、失败回执、任务受理回执及成功回执均不能确认送达 (1.2051ms)
✔ 任意回执未在历史中匹配真实消息时保持 pending (1.3335ms)
✔ 历史命中但缺少真实消息ID时不得确认或盲目重发 (1.0541ms)
✔ DWS读取错误保留结构化服务端错误码 (0.8078ms)
✔ DWS引用回复错误保留结构化服务端错误码 (0.7592ms)
✔ outbox 可使用无失败的最近消息窗口完成去重与投递确认 (0.5411ms)
✔ 历史检查期间被替代的旧消息不能继续发送，领取持久失败同样零外发 (0.6654ms)
✔ outbox 可识别钉钉补充@、移除Markdown并附加Agent签名后的已发送消息 (0.4839ms)
✔ 本人消息增量补拉默认每10秒执行并使用30秒重叠窗口 (47.884ms)
✔ DWS历史消息senderId映射为持久化发送人ID (0.8449ms)
✔ DWS历史消息保留引用消息上下文 (1.3157ms)
✔ DWS bridge 不额外查询引用详情并只保留事件已有的引用 ID (11.4688ms)
✔ DWS历史图片消息保留可下载资源引用 (0.6297ms)
✔ 补拉完成只证明可靠接收，未完成的 Topic 不阻塞同批后续消息 (159.0753ms)
✔ 已接收消息补齐发送人和引用时仍交给 Runtime 生成事实版本 (2.3992ms)
✔ 已归类图片恢复可读取后清除不可读原因并重新交给 Runtime (0.8596ms)
✔ 普通Outbox替换通过DWS精确撤回并确认消息已不存在 (1.2572ms)
✔ 已落盘Outbox准备失败不发送，完成准备后先送达再推进独立撤回 (7.7576ms)
▶ DWS bridge 区分发送前、发送中和回读失败，保留 pending 与错误观测
  ✔ preflight (1.3287ms)
  ✔ send (0.6558ms)
  ✔ postflight (0.3081ms)
✔ DWS bridge 区分发送前、发送中和回读失败，保留 pending 与错误观测 (3.2058ms)
✔ 明确服务端拒绝停止同意图发送，不让周期或追加监听重复外发 (33.4801ms)
✔ DWS bridge 将稳定事件交给 resident 并在真实回读后确认 outbox (1.8126ms)
✔ 主会话回复首次无法确认时会绑定同一outbox持续回读并避免重复发送 (44.5576ms)
✔ 启动时先建立 live consumer 再补拉，重叠消息由持久 ingress 去重 (1.5358ms)
✔ 定时增量补拉可接收本人消息并在附件处理前按持久 messageId 去重 (74.611ms)
✔ 定时增量补拉按已持久化发送消息ID过滤Agent本人账号消息 (1.4394ms)
✔ 增量补拉过滤已投递及判断失败消息，只重试插话前失败项和投递新项 (42.6359ms)
✔ 补拉命中当前账号的短引用pending outbox时确认发送并修正历史判断失败 (1.4445ms)
✔ DWS consumer 异常退出只记录活动 Task 告警 (3.96ms)
✔ 没有订阅群时 bridge 也会发布初始健康状态 (0.6368ms)
✔ 无活动Task时 DWS listener 退出也会重连并恢复入站健康 (96.5024ms)
✔ DWS listener 的 done 拒绝会重连，并在告警落盘后关闭 carrier 告警 (192.1457ms)
✔ listener 在旧恢复执行中再次失败时，新 carrier 告警保持活动 (137.3916ms)
✔ listener 未收到 ready 时超时重连，旧 generation 不得阻塞新订阅 (119.2265ms)
✔ 单群补拉失败不会饿死其他群，下一轮成功后恢复健康 (47.6727ms)
✔ 慢回补不被周期 tick 连环排队，重连补偿保留断线范围且完成前降级 (116.3088ms)
✔ 本人私聊阻塞不设超时并只用引用消息恢复原Task (3.1747ms)
✔ 个人IM实时引用回复精确恢复redline审批且重复事件幂等 (32.3623ms)
✔ 非redline个人引用回复按处置意见恢复并补齐approved decision (0.6705ms)
✔ 个人IM审批监听异常退出后重连并恢复健康 (2.135ms)
✔ 阻塞单已真实发送并获引用批准时自动补记投递并恢复原Task (98.8473ms)
✔ 已补记错误恢复时间的阻塞单会改用原申请时间回读批准 (3.5164ms)
✔ redline 阻塞将非空引用回复视为批复并保留明确拒绝语义 (1.1676ms)
✔ Web在DWS发送过程中批复时撤回已落地申请并停止等待 (3.2166ms)
✔ fake 叶子按固定输入版本逐项 checkpoint 再提交 result，工具拒绝立即失败 (18.1388ms)
✔ fake adapter 产出完整 dsh 流式 chunk 协议 (0.8827ms)
✔ fake adapter 先归类，再读取工具正式 Topic 标识独立提交 (13.4715ms)
✔ fake adapter 一批多个话题处理完一个提交一个 (2.0101ms)
✔ fake adapter 补充任务携带当前 Task 版本与新 Topic 版本 (4.5365ms)
✔ fake adapter 内部审阅必须使用结构化工具回执 (1.1748ms)
✔ fake adapter 对 Task 协调通知引用 Topic 消息且不提交全群观察集合 (0.9017ms)
✔ fake adapter 读取候选后提交完整 replyReview (3.2216ms)
✔ 生产HTTP开放只读状态与明确的本机群配置接口，测试控制面仍关闭 (1414.4302ms)
✔ 活动审计历史缺源计入单独状态但不误报当前健康故障 (22.1517ms)
✔ 显式testApiEnabled才开放测试写入口 (18.8259ms)
✔ 报告查询与显式恢复只采用路径身份，缺失返回404、不可恢复状态409 (105.1864ms)
✔ context支持同源影响证据，create/reopen拒绝这些字段 (142.9251ms)
✔ Web Task 入口强制稳定请求与执行版本且拒绝伪造来源和Session (249.0916ms)
✔ 移除群遇到Topic引用或未完成决策返回409而非普通参数错误 (70.0856ms)
✔ Web输入版本与幂等身份冲突返回409，可靠接收尚未完成返回202 (73.2334ms)
✔ Topic 查询有界分页且群摘要不泄漏内部决策、归类和预约记录 (149.4531ms)
✔ 本机Web的127.0.0.1与localhost来源均可读取resident，其他来源不开放CORS (68.2576ms)
✔ DWS健康状态以实际 bridge 存活和补拉状态为准 (40.0575ms)
✔ 运行看板保留左侧菜单并替换右侧整体内容 (248.0611ms)
✔ 任务卡不请求或展示执行轮次耗时统计 (139.7017ms)
✔ 运行看板提供统一视觉尺度、响应式布局和可见键盘焦点 (10.9305ms)
✔ Agent配置页面提供叶子任务并行上限且默认值为5 (2.6509ms)
✔ 发件状态按实际投递环节展示，pending不会伪装为已回读 (4.6484ms)
✔ worktree 子目录只用唯一标记回溯到 baibu-agent 根 AGENTS.md (163.8259ms)
✔ CLI --check零写入，--write只创建新候选且拒绝覆盖 (2042.7069ms)
✔ 离线流程修订只更新两个目标版本且重复执行不增版 (1.861ms)
✔ 缺基础对象FAIL，依赖集合或基线不完整UNKNOWN，均不得通过 (1.8041ms)
✔ 未经授权共享UAT和逆序依赖均FAIL，不强制选择Docker (0.7237ms)
✔ CI 只允许手工触发并在 Node 24 下测试、打包三个发行包 (60.6564ms)
✔ Release 绑定受控环境并按依赖顺序发布，npm 回读后才创建 Release (6.3206ms)
✔ 当前正式版本在 CHANGELOG 中有对应章节和 Release 链接 (25.8806ms)
✔ resident profile 只解析到最新版 DSH 依赖边界 (137.4423ms)
✔ 常驻启动优先读取用户代理，避免为启动解析完整 resident 状态 (187.7217ms)
✔ Web 启动优先使用当前 profile 的 DSH 入口 (4.1382ms)
✔ 真实Goal.block在当前step中可调用，idle后driver不启动新轮次 (30.0189ms)
✔ 真实Goal恢复加一次稳定Inbox通知，不因重复恢复入队两条结果 (12.6028ms)
✔ 真实Session重建后blocked保持，pending通知按稳定身份恢复 (25.9625ms)
✔ 真实AgentLoop拒绝step并回填Inbox不会空转；结果通知只放行一次模型步骤 (85.8806ms)
✔ Resident 完整提示词保留群职责与动态别名，不叠加登录人特殊禁令 (200.114ms)
✔ 内部审阅预算故障由 Host 暂停并一次通知，叶子重复提交不能耗尽轮次 (233.669ms)
✔ 活动投影从 DSH 工具结果关联真实工具名与错误位 (42.7699ms)
✔ 活动落盘失败暂停后续投影，故障消失按原事件顺序补齐并清除当前告警 (358.1668ms)
✔ 活动故障跨 Runtime 重启从 Session 原事件补投影 (350.4544ms)
✔ 已完成任务重启后从持久 Session 审计并补齐遗漏活动 (19.261ms)
✔ 历史已完成任务的 Session 不存在时审计收束为不可回填，不反复报当前写盘故障 (10.7345ms)
✔ 已完成任务的持久 Session 读取故障仍保留重试和当前告警 (10.5082ms)
✔ 关联状态追问走同模型无工具短路径，事实未变才写入统一 Outbox (28.5488ms)
✔ 短路径识别执行请求后交还常驻，不创建动作或发送推测回复 (30.005ms)
✔ 短答生成期间 Task 事实变化，原子提交拒绝旧快照并交还常驻 (29.4984ms)
▶ 短答期间关联任务集合或群职责改变，拒绝按旧集合和旧准入发言
  ✔ association (47.7931ms)
  ✔ responsibility (32.2708ms)
✔ 短答期间关联任务集合或群职责改变，拒绝按旧集合和旧准入发言 (81.1993ms)
✔ 纯工具心跳不使只含业务事实的短答失效，短答不携带活动投影 (27.6201ms)
✔ 别名修复请求创建任务，后续无称呼的图片补充续接同一叶子 (36.7705ms)
✔ 入站持久接收立即返回，模型尚未提交时也能接收后续消息 (3.9923ms)
✔ 重复入站幂等，Topic 提交成功后只生成一条可靠回复 (9.6456ms)
✔ 普通 assistant 文本或 turn 结束不能替代 Topic 结构化提交 (4.8645ms)
✔ 注册工具符合 DSH JSON Schema，Resident 只能通过 Topic 决策建任务 (11.65ms)
✔ 来源附件先持久保存，归类输入可恢复相同 imageRefs (10.237ms)
✔ 附件缺失硬拦截任务，仍发送明确缺失反馈 (8.3481ms)
✔ 多群请求隔离，A 等待归类不阻止 B 完成 (9.8474ms)
✔ Task 只保存固定 Topic 引用，叶子收到版本化原始上下文 (13.2679ms)
✔ 任务关联摘要不复制原文，按需读取返回 Topic refs 与执行约定 (13.5867ms)
✔ 任务并发容量满时 FIFO 排队，取消释放名额并保留取消事实 (52.8053ms)
✔ Outbox 已落盘时监听器失败不会回滚已接受 Topic 决策 (10.3354ms)
✔ 历史导入只发送 Topic 索引，不重放历史消息正文或指令 (7.9887ms)
✔ 恢复失败保留原 Resident Session，其他群仍能工作 (9.2242ms)
✔ 新群主会话具有完整工具权限，Topic 工具仍不能访问其他 Session (4.0599ms)
✔ 工作区切换保留事件历史并重建 Resident，旧 Session 释放 (10.4504ms)
✔ 存在活动 Task 时拒绝工作区或模型切换，不修改已保存配置 (8.5228ms)
✔ 模型与推理深度使用原生配置服务保存 (2.7406ms)
✔ 叶子会话提示词通过统一配置字段保存和读取 (3.3193ms)
✔ 内置通用规范不依赖用户补充，动态清空及恢复后仍只注入叶子 (11.9639ms)
✔ 叶子只常驻流程索引，按需加载后直接动态注入当前正文 (11.4589ms)
✔ 长任务可组合超过五个流程，重复加载去重，恢复后保留组合并按阶段裁减 (24.6616ms)
✔ 流程加载与组合调整排队期间目标变化时拒绝迟到写入 (8.7123ms)
✔ 流程修订后旧选择失效，拒绝叶子用旧流程完成任务 (28.2404ms)
✔ 计划绑定已选流程，主会话读完同一流程正文后才可审阅 (67.6034ms)
✔ 主会话可拒绝自行扩写的冲突计划，叶子重新规划前不能推进 (38.9321ms)
✔ 流程修订只使引用任务的旧计划失效，未引用任务不接收更新 (46.7099ms)
✔ 任务目标变化保留流程引用供重审，并拒绝未加载流程 (18.0125ms)
▶ 流程修改、禁用和删除后未重新加载也不能推进旧阶段
  ✔ modify (48.7179ms)
  ✔ disable (61.6837ms)
  ✔ delete (59.1063ms)
✔ 流程修改、禁用和删除后未重新加载也不能推进旧阶段 (170.4809ms)
✔ 待审计划遇流程改版会失效并归档，重新加载后可重新规划 (46.1489ms)
✔ 首次异常可报告但不能改变进度，随后可制定计划并正常完成 (125.8147ms)
✔ 异常可抢占待审计划，旧审阅不得回写或阻止新计划 (31.0551ms)
✔ 被拒计划仍能报告证据缺口，诊断确认不解除计划拒绝 (58.5517ms)
✔ 完成审阅发起即记录事件，拒绝与失败也保留耗时起点 (67.327ms)
✔ 完成审阅期间流程更新保持 Task 与 Goal 活动并记录失败 (36.2819ms)
✔ 审阅通过后最后落盘前流程改变，不能完成任务或发送通知 (53.2582ms)
✔ 重启恢复过期待审计划时归档失败项，新计划不再被 pending 卡住 (50.5022ms)
✔ 完成审阅通过后的并发暂停不能被完成 CAS 覆盖 (79.3724ms)
✔ 退订存储失败时保留 Resident，修复后可再次退订 (3.4469ms)
✔ 关闭后拒绝新消息，关闭两次只释放每个 Session 一次 (2.9867ms)
✔ 报告先持久接收并停等，Topic 决策事件解除等待而无需再次提交或巡检 (32.7904ms)
✔ 坏阶段决策在持久化前拒绝，同一请求纠正后恢复报告与正常阶段推进 (47.8025ms)
✔ 历史坏决策重启后退回重判，原报告不跳过且纠正后恢复同一Task (43.7156ms)
✔ 报告审阅耗尽保持同身份停等，显式重试重置原请求后恢复推进 (93.641ms)
✔ 完成审阅耗尽后出现人工阻塞，协调恢复只重放原报告并收口 waiting Task (149.3901ms)
✔ 旧运行任务恢复时从已批准计划补齐阶段索引，原检查点不改写且只补一次 (29.313ms)
✔ 叶子结果与检查点拒绝缺失或过期 inputVersion/runSequence (8.0518ms)
✔ 检查点逐项推进并由结构化内部审阅确认，不能跳项完成 (93.047ms)
✔ 首阶段等待时可独立核验后续阶段，跨序提交必须交主会话审阅 (45.8321ms)
✔ 完成验收拒绝后保持 running 并向叶子发送具体纠偏 (67.1362ms)
✔ 一次完成审阅同时准备通知，完成落盘后直接入 Outbox 且 FIFO 下个任务启动 (84.4777ms)
✔ 通知已入 Outbox 后执行事件写入失败不会重复发起通知协调 (70.9111ms)
✔ 尚未归类的新消息阻止叶子提交等待或完成结果 (7.7237ms)
✔ Web 创建按 requestId 幂等，原始输入只落 Topic，参数变更不能复用身份 (6.2477ms)
✔ Web 补充提升输入版本并重置当前检查点，同请求重试不重复补充 (17.4273ms)
✔ 目标修订原子更新任务名称并保留旧名称，普通补充不得单独改名 (8.9414ms)
✔ 目标变化缺少新任务名称时拒绝续接 (5.8745ms)
✔ preserve 新输入作废待审 checkpoint，并按新版本重新审阅 (45.2738ms)
✔ 授权变化即使阶段名称不变也撤销旧阶段批准 (34.5759ms)
✔ 相同待审计划的重复提交与Supervisor恢复共用一次审阅和拒绝注入 (40.3606ms)
✔ 旧执行轮次的 idle 回收不释放已重开的叶子 (83.2688ms)
✔ 人工批准与排队启动竞争时不突破并发上限 (51.3979ms)
✔ Web 重开完成任务建立新轮次，固定保留旧输入版本与历史 (14.352ms)
✔ 完成任务按新目标重开时同步更新名称并在轮次历史保留旧名称 (14.3164ms)
✔ 叶子 Topic 读取仅允许已接纳版本，拒绝未来版本及其他话题 (11.8105ms)
✔ 同一消息并发补齐身份与附件不会丢失任一事实 (5.7823ms)
✔ 人工授权重发、引用校验、批准幂等及已批准范围复用 (35.4301ms)
✔ Goal 耗尽转真实 waiting，正常 turn 结束只记录活动不完成 Task (10.2596ms)
✔ 叶子异常暂停最多重建两次，继续失败升级为人工阻塞 (10.9088ms)
✔ running 叶子 idle 时由 Runtime 继续，底层 unavailable 时重建同一 Task (16.9809ms)
✔ Resident 恢复超时由原生 AbortSignal 隔离，不阻止下一群恢复 (16.2993ms)
✔ 恢复清理旧协议与旧 Topic 请求 Inbox，但保留普通待办 (1.7485ms)
✔ 重启恢复 Running 叶子沿用 Goal 与已接纳输入，并重新注入已选流程正文 (12.1242ms)
✔ 关闭等待已接受的可靠 Outbox 写入，期间新消息被拒绝 (4.6155ms)
✔ 替换确认先送达新消息，随后精确撤回旧消息且重复恢复幂等 (16.3611ms)
✔ 未回读的旧确认停止重发，不阻塞替换，未观察到仍保持送达未知 (11.8918ms)
✔ 链式替换先送达最终通知，部分撤回失败不阻塞其他目标且永久拒绝不重试 (3.1722ms)
✔ 撤回瞬态异常有限重试，持久次数达到上限后不再调用渠道 (2.9899ms)
✔ 撤回成功后持久写失败不能伪报成功，恢复永久拒绝后保留人工核验状态 (4.479ms)
✔ 真实Store与Bridge在监听和启动补偿并发、回执落盘崩溃及两次重启下不重发旧消息 (110.347ms)
✔ 等待通知在同版本 resume 清除 result 后失效，不发送旧问题 (32.309ms)
✔ 信息等待只在原通知确认送达后有限跟进，重复巡检不补发 (31.41ms)
✔ 信息等待同时通知反馈人与发起人，并引用反馈消息 (28.0461ms)
✔ 信息等待通知投递失败产生告警，送达后解除 (16.719ms)
✔ 历史已送达询问只按指定任务补一次暂停更正，送达前不启动催促 (8.6154ms)
✔ 已完成自身工作的叶子不能以外部独立检查提交等待 (8.0971ms)
✔ 把他人后续检查误列为本职阶段时，内部修订范围并保留已完成证据 (43.2619ms)
✔ 等待审阅认为仍可自行继续时保持 Task 运行且不发阻塞通知 (16.3287ms)
✔ 历史 coordination 等待结果可重启读取，但通知补偿不会重发旧检查 (10.8213ms)
✔ 同版本重新 waiting 新问题不能被旧问题的通知快照覆盖 (34.8508ms)
✔ 等待结果原子落盘遇新输入，报告保留且 Goal 停等 (30.3735ms)
✔ 完成审阅通过后原子落盘遇新输入，不能提前 complete Goal (65.5442ms)
✔ 通知 Outbox 首次失败后相同请求重试使用稳定结果键且只落一次 (72.6173ms)
✔ 慢叶子创建期间同群其他 Topic 仍可完成 (34.4218ms)
✔ 排队叶子启动中取消立即落盘，迟到的 Session 创建不能复活任务 (29.6866ms)
✔ 缺少稳定发送人 ID 不伪造引用，缓冲回复监听异常不损失已存意图 (6.4302ms)
✔ DWS 恢复关闭同群 carrier 告警且不误清其他异常 (9.7812ms)
✔ 通知补发同批跳过退订群、隔离损坏 Resident，正常群仍独立完成 (16.8667ms)
✔ 工作区屏障内到达的历史导入与通知等待新 Resident，导入先前事件进入新 seed (15.6263ms)
✔ 切换工作区等待已经开始的结果通知，通知落盘前不释放旧 Resident (18.1283ms)
✔ 退订屏障之后的历史导入拒绝旧 Resident，等待期间其他群仍可提交 (14.2252ms)
✔ 关闭与进行中工作区切换串行收口，旧和替换 Resident 均释放一次 (17.1514ms)
✔ 同 Topic 一次决策不能重复改变同一 Task，共享主 Topic 可取消两个不同 Task 各一次 (35.7582ms)
✔ 已执行来源改归属不会重新授予效果权限，新授权消息可以创建新任务 (26.1745ms)
✔ 工作区切换等待期间不占任务提交队列，提交前复核新出现的活动任务 (14.2261ms)
✔ 关闭拒绝尚未提交的结果通知且不悬挂 (9.6904ms)
✔ 关闭等待已开始提交的结果通知 Outbox，不能提前关闭存储 (32.2458ms)
✔ 相同引用 ID 下的不同事项不自动撤回，只有显式 replacement 才能产生撤回意图 (14.8961ms)
✔ 短问答同模型一次调用，空工具、版本提交和usage均保留 (10.1798ms)
✔ 越界Task动作、额外字段和未知来源均不提交 (3.5749ms)
✔ 输入预算和关联不明确时不发起模型调用，来源快照不能截掉 (0.794ms)
✔ 复杂请求显式转交，过期CAS结果不产生第二出口 (2.9121ms)
✔ 工具流、Provider失败和超时均转交且不提交 (47.2074ms)
✔ 诊断区分输出截断和Provider错误，仅记录无敏感字段 (2.9097ms)
✔ 短请求只执行一次原生Provider重试策略，复用输入身份并累计usage (48.6776ms)
✔ Provider不可重试/重试耗尽/超出总预算不产生无界请求 (4.4219ms)
✔ 配置解算占用同一总预算，不能在超时后才启动首个模型调用 (11.183ms)
✔ 同群并发只允许一个模型请求；候选必须完整审阅且不能编造引用 (4.3506ms)
✔ 活动投影滚动500条、并发重复与重启乱序恢复，水位按Session隔离 (514.9123ms)
✔ 活动按上海本地日聚合，毫秒时间归属准确，裁剪和重放不重计 (5.2372ms)
✔ 裁剪前的乱序旧事件仍推进会话水位，避免投影恢复原地重试 (324.8396ms)
✔ 事件写入后任务投影失败，重启重放只补计一次 (4.96ms)
✔ 协调重试状态跨重启保留且按群隔离 (5.2137ms)
✔ 被新请求替代的协调账保留明确终态与替代身份 (1.2666ms)
✔ 协调仅淘汰completed旧记录，保留pending/exhausted与当前恢复epoch (27.8806ms)
✔ 投影水位已保存但淘汰删除失败，重启重放补齐裁剪且不复活旧事件 (367.1542ms)
✔ Topic事项模型使用独立domain版本8 (0.2234ms)
✔ 任务表格同步配置与运行状态独立持久化 (2.0643ms)
✔ 删除后重建同 ID 流程不能复用旧修订号使旧计划恢复有效 (1.7556ms)
✔ 群配置初始化、职责修改和删除均持久化 (1.0932ms)
✔ 同群消息按稳定 messageId 去重并递增排序 (9.5488ms)
✔ 显式确认可只回填缺少Agent投递状态的历史消息 (0.5216ms)
✔ 启动恢复会收口已经完成 Topic 决策的遗留投递状态 (4.2821ms)
✔ 旧路由协议使用真实 attachmentId 建立事项附件来源 (1.0799ms)
✔ Task 当前轮耗时拆分状态时间和可配对工具时间 (20.0559ms)
✔ Task 完成结果事件晚于完成状态时仍按调用ID配对 (15.8841ms)
✔ Task 确实缺少工具结果时保持未配对标记 (19.4428ms)
✔ 并发创建不同 Task 不会用旧 scheduler 快照互相覆盖 (1.9719ms)
✔ Supervisor 告警按 Task 和指纹去重且不推进业务状态 (1.4645ms)
✔ 重开 store 后复用同一 resident Session 和 outbox 状态 (0.4513ms)
✔ 叶子会话提示词、回复审阅与撤回元数据持久化 (1.048ms)
✔ Task 新执行版本使旧待发事项通知变为 superseded (1.1894ms)
✔ 旧版流程与证据配置合并为叶子会话提示词并在保存后移除旧字段 (0.241ms)
✔ 任务流程提示词生成稳定ID、递增修订并拒绝陈旧配置覆盖 (0.6989ms)
✔ 确认Outbox可在Task动作完成后原子补充关联Task (2.2048ms)
✔ 旧任务按已批准细计划恢复阶段索引，保留历史版本和原报告 (8.2146ms)
✔ 相同参数和单纯状态询问保留原版本证据，不误触发replan (0.7744ms)
✔ 同目标下证据否定仍触发定向重规划，preserve不能覆盖明确影响 (0.4925ms)
✔ 阶段标题不能冒充阶段ID，必须使用代码提供的稳定身份 (1.0029ms)
✔ 真实目标变化优先采用明确影响证据，未限定时保守失效全部 (0.6351ms)
✔ 授权变化即使目标和阶段标题不变也失效旧批准，普通资料补充仍保留 (1.2778ms)
✔ 重排阶段保留独立阶段身份，仅明确受影响阶段失效 (1.0879ms)
✔ 无依据replan、非法来源、未知阶段或空理由均拒绝 (0.7162ms)
✔ 拒绝记录、其他run以及空completedItems不能冒充有效受影响阶段 (41.8479ms)
✔ 阶段ID可重复恢复且重排稳定，重复标题或冲突ID明确拒绝 (18.8407ms)
✔ 快照只确认当前版本事实，批准保留原始引用且不授权新对象 (16.7887ms)
✔ 等待报告立即可见，settled后移出pending，不把报告当核验 (2.1832ms)
✔ 大量历史正文保持有界，旧轮批准不进入当前授权摘要 (2.5858ms)
✔ 修订显式保留的已审阶段可见，仍标原inputVersion，不复活未保留证据 (1.0652ms)
✔ 同state等待原因、Topic或活动事实变化使revision失效，纯读取时间不改变revision (2.4886ms)
✔ pending报告先落盘，重复提交复用身份，不执行也不通知 (49.0198ms)
✔ 输入解除后并发recover一次执行一次通知，终态重复提交不执行 (7.3001ms)
✔ 进程重建读取持久pending，不要求模型再次提交 (1.8461ms)
✔ 已知旧版本与已完成任务只保留事实，未知run和未来版本拒绝 (3.2599ms)
✔ pending期间版本更新不会用旧完成报告推进新目标 (12.4511ms)
✔ 两个并发提交在异步审阅期间复用同一执行 (2.1974ms)
✔ settled后通知失败再重建，补通知而不重复执行报告 (8.892ms)
✔ 同Task不同报告串行执行，drain等待后续报告完成 (1.4167ms)
✔ 协调失败只通知一次且保持阻塞，Supervisor恢复不自动重试执行 (1.6586ms)
✔ 确定性上下文故障保留报告，100 次恢复不重复审阅，业务驳回仍可改稿 (4.4877ms)
✔ 协调重试耗尽落failed并保持Goal门禁，仅显式retry恢复同一报告 (8.8327ms)
✔ 真实子进程在settled落文件后、通知前退出，恢复仅补一次通知 (1015.8128ms)
✔ 风险诊断可抢占等待计划，普通阶段仍串行 (2.6575ms)
✔ failed只允许显式同版本重试，成功后清掉失败通知状态与阻塞 (2.9137ms)
✔ 旧版本failed不阻塞新目标、不能retry，恢复归档history (2.1752ms)
✔ 诊断允许受影响阶段但拒绝推进字段与计划评估，历史存储不受影响 (14.9982ms)
✔ Task checkpoint只接受事件驱动的结构化内部同步 (21.1472ms)
✔ Task completed结果要求非空summary与至少一条evidence (2.3567ms)
✔ 开发任务证据由配置引导而非插件固化具体平台字段 (1.9883ms)
✔ Task waiting结果要求明确waitingReason且拒绝多余字段 (8.5612ms)
✔ 叶子回执必须声明执行输入版本和轮次，不能由 Runtime 猜测 (5.1589ms)
✔ 叶子回执错误只报告匹配类型的字段问题 (15.6799ms)
✔ 表格快照只含未归档任务并按看板状态和更新时间排序 (45.286ms)
✔ 同步使用一次严格事务覆盖完整工作表并独立回读 (54.8401ms)
✔ 并发触发单飞且定时周期固定为三分钟 (1.5608ms)
✔ 真实DSH接受同源生成的工具契约，无Zod元属性或不支持关键字 (21.0807ms)
✔ DSH wire保留checkpoint kind互斥、错误字段拒绝；长度由Zod精确执行 (16.8687ms)
✔ DSH wire保留result status/waitingKind区分，群动作仍按kind校验 (34.5747ms)
✔ v6迁移保留执行状态和渠道回执、Topic基线确定且移除所有Task消息副本 (48.9472ms)
✔ 来源缺失、正文冲突和未对账提交失败明确阻止迁移 (2.1134ms)
✔ 仅Task快照存在的历史原文迁回Message，Web输入没有伪造钉钉身份 (2.7759ms)
✔ 真实SDK JSON迁移check零写、独立目标读回、重复运行与旧版本回退可读 (565.5905ms)
✔ v7到v8为每条历史消息建立单事项基线并保留Task与已发回执 (11.1409ms)
✔ 已发v6等待通知匹配当前结果时补指纹并保留原业务键，新问题不会命中旧回执 (7.1098ms)
✔ 不匹配当前结果的旧通知和不存在通知的任务不生成猜测指纹 (2.4233ms)
✔ 原生Inbox插入稳定ID后跨文件重开恢复pending，重试不重复入队 (192.1532ms)
✔ 原生Inbox已进入user/message后跨重开无pending，但稳定ID仍可确认曾下发 (235.9087ms)
✔ 原生Inbox取消保留历史inserted，不能凭此认定输入已消费或仍待执行 (158.8495ms)
✔ 原生Inbox仅claim未进入surface时重开可见差异，不声称叶子已阅读 (123.5893ms)
✔ Topic 固定版本投影在摘要缺失时仍是无损 JSON (9.7752ms)
✔ Topic 工具统一返回 lossless JSON (120.5031ms)
✔ 工具参数错误返回精简字段问题且不产生副作用 (3.4201ms)
✔ 归类期间消息版本变化返回刷新后的当前请求 (11.0658ms)
✔ Topic 决策信封受字符预算约束，缺失增量读完后才可提交 (1198.0412ms)
✔ 超长直接引用保持当前事项可见，引用续读前拒绝决策 (34.7407ms)
✔ 长历史不进入新决策首屏，路由回执保持精简 (212.7756ms)
✔ 同消息多事项的引用与原始点名只发送一次 (7.8126ms)
✔ 压缩移除已见决策正文后需重新取得必要增量 (7.059ms)
✔ 超长单消息必须按连续文本片段读完后才允许决策 (23.0673ms)
✔ 归类协议区分 Topic 归属与历史资料查询 (1.9155ms)
✔ 消息仅在全部关联 Topic 完成后收口为已投递 (5.0131ms)
✔ 明确无需进入 Topic 的消息在归类完成后直接收口 (1.9909ms)
✔ 归类 exact batch 零副作用拒绝漏项，新增消息进入下一批 (3.1004ms)
✔ A/B 独立提交不要求覆盖其他 Topic，先完成 B 不消费 A (4.5277ms)
✔ 超长消息路由必须按冻结原文坐标连续读完，未读完不能原子接受 (21.5919ms)
✔ #1066 单消息拆成三个事项，各自建 Task 且已完成事项不等待兄弟事项反馈 (43.9942ms)
✔ 同消息复核不能改 unitKey 重授执行权，显式拆分保留旧固定版本 (8.0337ms)
✔ 未知输入返回 routing-required，归到 B 后原 A 请求继续有效 (7.7012ms)
✔ 待归类输入先完成路由，再派发已准备好的其他 Topic 决策 (10.6481ms)
✔ 异步决策预处理期间来了新消息，路由后只派发一次原请求 (4.9484ms)
✔ 新消息等待归类时决策协议提醒不消耗重试次数 (26.9613ms)
✔ 同 Topic 新增输入使旧决策失效且新依据必须覆盖本次增量 (6.4983ms)
✔ Topic 关联不能替代原消息授权，明确给他人的请求不得擅自接单 (2.3197ms)
▶ 事项正文剥离称呼后仍按原始消息核验任务授权及其他人定向
  ✔ agent (7.1643ms)
  ✔ colleague (2.4488ms)
✔ 事项正文剥离称呼后仍按原始消息核验任务授权及其他人定向 (10.4061ms)
▶ 同一消息拆分后的任务授权按事项就近点名判断
  ✔ other-b (3.4536ms)
  ✔ shared-agent (4.6567ms)
  ✔ other-after-agent (3.6566ms)
  ✔ agent-after-other (5.436ms)
  ✔ other-despite-agent-in-decision (2.4404ms)
✔ 同一消息拆分后的任务授权按事项就近点名判断 (21.323ms)
✔ 其他人的称呼被归类为 ignoredRefs 后仍禁止接走其事项 (2.9116ms)
✔ 引用消息正文不能作为当前消息的 contextRefs (4.9389ms)
✔ 引用消息中的 Agent 点名不授权当前未点名事项 (3.4675ms)
✔ 已建 Task 后故障，重启恢复只保留一个 Task 与 Outbox (7.1186ms)
✔ 同revision拒绝后新请求跨重启稳定，共享消息不转授权且已发回复不重放 (22.8721ms)
✔ 内部审阅按请求绑定 Task 版本，拒绝错种类和版本变更 (6.9124ms)
✔ 完成审阅一次提交通知草稿，Task 落盘后才写入 Outbox (9.869ms)
✔ 完成审阅后新增历史候选使通知草稿失效 (6.166ms)
✔ 完成审阅只内联受限的近期 Topic 消息 (248.4756ms)
✔ 内部检查点必须结构化确认，不能携带相互矛盾的 guidance (5.2632ms)
✔ 话题上下文剩余预算连一个字符也装不下时保留已装入消息 (0.3934ms)
✔ 单条超长消息保持 12k 硬预算并可完整续读 (47.2438ms)
✔ 超长目标及审阅结果分页保留原文，越序读取不能绕过完整读取门禁 (31.3703ms)
✔ 无专用流程时审阅者仍可见目录和选择依据并读取未选候选 (5.4782ms)
✔ 审阅读取后已选或未选候选改版、禁用、删除都使旧请求失效，无关配置不影响 (33.2083ms)
✔ 多流程组合一次批量读取，后续检查点会使原审阅失效 (10.9428ms)
✔ 诊断检查点可在旧流程删除后不读取流程获得协调意见 (10.7308ms)
✔ 通知回退同样限制整体预算并须读完超长目标结果后才允许入队 (31.3244ms)
✔ 协调方使指定 Task 审阅失效后拒绝迟到结果 (6.3024ms)
✔ Topic 按需搜索分页及固定版本读回，跨群与越界拒绝 (2.7189ms)
✔ 历史 Topic 先根据引用消息补 summary，再据此重生成 title (7.8495ms)
✔ Task 通知要求真实 Topic 引用及参与人，并拒绝旧 Task 输入 (14.5304ms)
✔ 同Topic新版本替代内存请求时持久协调账同步落superseded终态 (5.7458ms)
✔ 普通Task通知与完成通知一致：引用消息时省略at默认关联发送人 (6.4699ms)
✔ 审阅后历史候选变化必须重新读取，不能用旧快照发新回复 (3.203ms)
✔ 无关 B 的新历史回复不使 A 的候选审阅失效 (3.1669ms)
✔ 决策进入 Store 队列后候选变化仍在原子提交点拦截 (5.5992ms)
✔ Task 通知在 Outbox 落盘前再次核对输入版本 (5.9036ms)
✔ Task 通知读取最新相关候选后可提交，重试不产生第二条 Outbox (4.9181ms)
✔ 未知回复请求不可用且不产生 Outbox (0.7025ms)
✔ 已接受决策失败后到期自动恢复，无需新消息或重启 (22.5933ms)
✔ 共享消息只有主 Topic 能创建 Task 或确认，其他 Topic 可独立实质回答 (6.0785ms)
✔ 非空回复必须声明 kind，不能用省略审阅绕过共享确认门禁 (2.115ms)
✔ 改归属后空 Topic 可以用 removedMessageIds 静默完成，但不能创建任务 (7.3953ms)
✔ 明确给他人的补充或取消同样不能改变已有 Task，引用转交后才可执行 (17.1686ms)
✔ 显式归属复核冻结已处理消息，修订后原 Task 仍可读取旧 Topic 版本 (11.1141ms)
✔ 精确消息重试清除失败等待且不重放已完成动作 (5.8433ms)
✔ 嵌套暂停需全部释放且 release 幂等，关闭后拒绝所有工具新意图 (1.3349ms)
✔ 归类快照只携带当前事实，失败决策按需查询可见精简进度 (4.6026ms)
✔ 动作必须先有确认且可靠 Outbox 拒绝时零 Task 副作用 (4.9767ms)
✔ 模型停稳后仅有限次提醒，同一归类请求仍可提交 (19.1263ms)
✔ 审阅先落Task执行事件，重启同报告换提交时间仍恢复原response且不再次注入 (6.7599ms)
✔ 审阅持久化失败不得resolve，重提相同判断后只保存一份 (5.4482ms)
✔ 耗尽审阅不自动reset，显式reset只清账与旧Promise不创建新审阅 (10.2227ms)
✔ 完成审阅重启恢复时重建preparedNotification，保持原审批且不新增模型请求 (6.701ms)
✔ 审阅身份忽略提交时间，但流程引用、最后检查点和Topic修订变化会换身份 (5.6388ms)
✔ 原生 surface 流程正文与连续页跨请求复用，压缩后历史日志不能冒充可见 (5.0406ms)
✔ 审阅复用当前流程正文，压缩或禁用后重新门禁而不是沿用已读标记 (7.8276ms)
✔ 稳定请求跨重启识别已消费消息，原文可见时恢复只发送短提醒 (13.9051ms)
✔ 协议提醒到上限后持久停住，新增输入仍能形成新请求 (29.5557ms)
✔ 只读快路径共享决策门禁，成功时不向常驻再注入请求 (3.3418ms)
✔ 只读快路径拒绝动作和候选变化，Task事实在真实提交临界点变更时零Outbox (3.1138ms)
✔ 原生 Inbox 仍停放原请求时，恢复提醒不会再排入第二份正文 (6.7934ms)
✔ 显式恢复递增持久epoch，不会被此前已消费提醒身份吞掉 (31.4201ms)
✔ 明确发送阻塞重启保留，普通错误不清阻塞，真实晚回执清阻塞但保留替换终态 (51.6071ms)
✔ 替换图在决策接纳前拒绝未知目标，重复协调不产生持久写入 (51.4145ms)
✔ 替换pending原子停止旧发送，发送领取与替换串行且晚回执保留终态 (10.9897ms)
✔ 历史替换图先完整校验，拒绝环与分叉且保留已有有效链 (21.3595ms)
✔ 阶段修订在原子接纳前拒绝未知ID，修正同请求可接受；Web遵循相同校验 (26.8681ms)
✔ 新建与重开都拒绝重复阶段，不能先接受后破坏主叶上下文 (5.9786ms)
✔ 同group串行队列使用最新Task阶段与版本校验，不接纳排队前的旧计划 (11.0987ms)
✔ 接纳与执行共用参数规范化，空数组默认值可用而trim后重复阶段在接纳前拒绝 (2.932ms)
✔ 拒绝旧决策的持久写入失败时不释放预约，不把内存结果当已恢复 (11.7121ms)
✔ 重开旧坏决策仅释放自己的预约，保留输入、Task和Outbox且rejected不可复活 (6.3001ms)
✔ 旧坏决策出现已执行账本、部分应用、取消副作用或版本变化时不能退回 (15.221ms)
✔ A/B交错归类跨turn延续、固定快照及Task不复制消息 (6.6819ms)
✔ 归类整批预检拒绝跨群/重复/过时事实且幂等重试不重复Topic (4.0231ms)
✔ 未知输入阻止提交，已归类无关B允许A提交，同A补充使旧版本失效 (4.1656ms)
✔ 附件与身份补齐产生新事实版本，重开仍可读取旧Topic快照 (3.2748ms)
✔ 错误归属追加remove/add保留原版本 (1.3434ms)
✔ 决策固定动作身份、失败后重开恢复、Task变更恰好一次 (8.4787ms)
✔ 共享Task版本和保留项阻止其他Topic覆盖 (2.7168ms)
✔ 一条共享消息只存一份并更新两个Topic，归类与决策排队按最新状态检查 (1.7634ms)
✔ 回复快照preflight在Group原子更新内拒绝，决策和Outbox均零副作用 (1.3332ms)
✔ 重复引用补齐保留已知正文，改变引用ID不串用旧正文和身份 (1.2721ms)
✔ 固定版本不暴露后来摘要，旧决策完成不关闭已收到新输入的话题 (2.2786ms)
✔ 不同Topic不能同时接受撤回同一Outbox的意图 (3.0182ms)
✔ Web输入与Topic决策一次写入，持久失败零副作用且重试固定身份 (3.6453ms)
✔ Web输入原子复核未知消息、Topic版本、Task版本状态与保留项 (3.4555ms)
✔ Task通知并发替换同一旧回复时只有首个Outbox接受，pending意图也阻止Topic决策 (1.2327ms)
✔ 已接受Topic意图阻止其他通知抢占回复，但自身Outbox允许落盘 (1.1846ms)
✔ Topic已完成但Outbox未送达时退订拒绝，确认送达后才允许删除 (1.2668ms)
✔ 新Outbox结果指纹通过真实domain schema保存且重开可查询 (1.2047ms)
✔ 语义版本比较覆盖正式版与预发布版 (3.0034ms)
✔ 版本检查返回当前版本、最新 Release 与升级判断 (75.0429ms)
✔ 没有 Release 与上游失败都返回明确状态 (1.0342ms)
ℹ tests 473
ℹ suites 0
ℹ pass 473
ℹ fail 0
ℹ cancelled 0
ℹ skipped 0
ℹ todo 0
ℹ duration_ms 7993.195
