✔ Resident 完整提示词保留群职责与动态别名，不叠加登录人特殊禁令 (48.6014ms)
✖ 内部审阅预算故障由 Host 暂停并一次通知，叶子重复提交不能耗尽轮次 (34.5367ms)
✖ 活动投影从 DSH 工具结果关联真实工具名与错误位 (13.007ms)
✖ 活动落盘失败暂停后续投影，故障消失按原事件顺序补齐并清除当前告警 (9.9259ms)
✖ 活动故障跨 Runtime 重启从 Session 原事件补投影 (7.5594ms)
✖ 已完成任务重启后从持久 Session 审计并补齐遗漏活动 (9.6606ms)
✖ 历史已完成任务的 Session 不存在时审计收束为不可回填，不反复报当前写盘故障 (17.6308ms)
✖ 已完成任务的持久 Session 读取故障仍保留重试和当前告警 (8.8267ms)
✖ 关联状态追问走同模型无工具短路径，事实未变才写入统一 Outbox (11.6528ms)
✖ 短路径识别执行请求后交还常驻，不创建动作或发送推测回复 (5.9594ms)
✖ 短答生成期间 Task 事实变化，原子提交拒绝旧快照并交还常驻 (8.0497ms)
▶ 短答期间关联任务集合或群职责改变，拒绝按旧集合和旧准入发言
  ✖ association (11.4514ms)
  ✖ responsibility (5.6737ms)
✖ 短答期间关联任务集合或群职责改变，拒绝按旧集合和旧准入发言 (19.2289ms)
✖ 纯工具心跳不使只含业务事实的短答失效，短答不携带活动投影 (4.8525ms)
✖ 别名修复请求创建任务，后续无称呼的图片补充续接同一叶子 (7.6161ms)
✖ 入站持久接收立即返回，模型尚未提交时也能接收后续消息 (21.8879ms)
✖ 重复入站幂等，Topic 提交成功后只生成一条可靠回复 (3.0473ms)
✖ 普通 assistant 文本或 turn 结束不能替代 Topic 结构化提交 (3.9629ms)
✔ 注册工具符合 DSH JSON Schema，Resident 只能通过 Topic 决策建任务 (10.4721ms)
✖ 来源附件先持久保存，归类输入可恢复相同 imageRefs (8.0736ms)
✖ 附件缺失硬拦截任务，仍发送明确缺失反馈 (5.7458ms)
✖ 多群请求隔离，A 等待归类不阻止 B 完成 (5.4877ms)
✖ Task 只保存固定 Topic 引用，叶子收到版本化原始上下文 (5.586ms)
✖ 任务关联摘要不复制原文，按需读取返回 Topic refs 与执行约定 (3.7771ms)
✖ 任务并发容量满时 FIFO 排队，取消释放名额并保留取消事实 (5.7724ms)
✖ Outbox 已落盘时监听器失败不会回滚已接受 Topic 决策 (8.5171ms)
✖ 历史导入只发送 Topic 索引，不重放历史消息正文或指令 (7.0854ms)
✖ 恢复失败保留原 Resident Session，其他群仍能工作 (9.0527ms)
✔ 新群主会话具有完整工具权限，Topic 工具仍不能访问其他 Session (4.4237ms)
✔ 工作区切换保留事件历史并重建 Resident，旧 Session 释放 (8.6179ms)
✖ 存在活动 Task 时拒绝工作区或模型切换，不修改已保存配置 (6.0853ms)
✔ 模型与推理深度使用原生配置服务保存 (3.214ms)
✔ 叶子会话提示词通过统一配置字段保存和读取 (4.3955ms)
✖ 内置通用规范不依赖用户补充，动态清空及恢复后仍只注入叶子 (7.9682ms)
✖ 叶子只常驻流程索引，按需加载后直接动态注入当前正文 (9.6484ms)
✖ 长任务可组合超过五个流程，重复加载去重，恢复后保留组合并按阶段裁减 (11.3334ms)
✖ 流程加载与组合调整排队期间目标变化时拒绝迟到写入 (26.4055ms)
✖ 流程修订后旧选择失效，拒绝叶子用旧流程完成任务 (8.9415ms)
✖ 计划绑定已选流程，主会话读完同一流程正文后才可审阅 (7.824ms)
✖ 主会话可拒绝自行扩写的冲突计划，叶子重新规划前不能推进 (6.34ms)
✖ 流程修订只使引用任务的旧计划失效，未引用任务不接收更新 (9.5575ms)
✖ 任务目标变化保留流程引用供重审，并拒绝未加载流程 (7.1954ms)
▶ 流程修改、禁用和删除后未重新加载也不能推进旧阶段
  ✖ modify (11.9043ms)
  ✖ disable (8.4915ms)
  ✖ delete (8.6889ms)
✖ 流程修改、禁用和删除后未重新加载也不能推进旧阶段 (31.9559ms)
✖ 待审计划遇流程改版会失效并归档，重新加载后可重新规划 (3.3014ms)
✖ 首次异常可报告但不能改变进度，随后可制定计划并正常完成 (6.9538ms)
✖ 异常可抢占待审计划，旧审阅不得回写或阻止新计划 (2.6287ms)
✖ 被拒计划仍能报告证据缺口，诊断确认不解除计划拒绝 (4.0437ms)
✖ 完成审阅发起即记录事件，拒绝与失败也保留耗时起点 (5.6197ms)
✖ 完成审阅期间流程更新保持 Task 与 Goal 活动并记录失败 (5.5835ms)
✖ 审阅通过后最后落盘前流程改变，不能完成任务或发送通知 (3.6533ms)
✖ 重启恢复过期待审计划时归档失败项，新计划不再被 pending 卡住 (8.2338ms)
✖ 完成审阅通过后的并发暂停不能被完成 CAS 覆盖 (5.0365ms)
✔ 退订存储失败时保留 Resident，修复后可再次退订 (2.8576ms)
✔ 关闭后拒绝新消息，关闭两次只释放每个 Session 一次 (1.4933ms)
✖ 报告先持久接收并停等，Topic 决策事件解除等待而无需再次提交或巡检 (2.9457ms)
✖ 坏阶段决策在持久化前拒绝，同一请求纠正后恢复报告与正常阶段推进 (5.1548ms)
✖ 历史坏决策重启后退回重判，原报告不跳过且纠正后恢复同一Task (3.7667ms)
✖ 报告审阅耗尽保持同身份停等，显式重试重置原请求后恢复推进 (2.701ms)
✖ 完成审阅耗尽后出现人工阻塞，协调恢复只重放原报告并收口 waiting Task (3.8762ms)
✖ 旧运行任务恢复时从已批准计划补齐阶段索引，原检查点不改写且只补一次 (6.4255ms)
✖ 叶子结果与检查点拒绝缺失或过期 inputVersion/runSequence (3.9507ms)
✖ 检查点逐项推进并由结构化内部审阅确认，不能跳项完成 (2.668ms)
✖ 首阶段等待时可独立核验后续阶段，跨序提交必须交主会话审阅 (2.8901ms)
✖ 完成验收拒绝后保持 running 并向叶子发送具体纠偏 (3.8381ms)
✖ 一次完成审阅同时准备通知，完成落盘后直接入 Outbox 且 FIFO 下个任务启动 (3.6027ms)
✖ 通知已入 Outbox 后执行事件写入失败不会重复发起通知协调 (14.1359ms)
✖ 尚未归类的新消息阻止叶子提交等待或完成结果 (2.7579ms)
✔ Web 创建按 requestId 幂等，原始输入只落 Topic，参数变更不能复用身份 (27.9953ms)
✖ Web 补充提升输入版本并重置当前检查点，同请求重试不重复补充 (3.1912ms)
✖ 目标修订原子更新任务名称并保留旧名称，普通补充不得单独改名 (3.1474ms)
✖ 目标变化缺少新任务名称时拒绝续接 (2.6583ms)
✖ preserve 新输入作废待审 checkpoint，并按新版本重新审阅 (4.528ms)
✖ 授权变化即使阶段名称不变也撤销旧阶段批准 (6.5214ms)
✖ 相同待审计划的重复提交与Supervisor恢复共用一次审阅和拒绝注入 (2.8309ms)
✖ 旧执行轮次的 idle 回收不释放已重开的叶子 (2.4236ms)
✖ 人工批准与排队启动竞争时不突破并发上限 (4.2369ms)
✖ Web 重开完成任务建立新轮次，固定保留旧输入版本与历史 (4.8205ms)
✖ 完成任务按新目标重开时同步更新名称并在轮次历史保留旧名称 (7.5621ms)
✖ 叶子 Topic 读取仅允许已接纳版本，拒绝未来版本及其他话题 (9.2135ms)
✔ 同一消息并发补齐身份与附件不会丢失任一事实 (4.4376ms)
✖ 人工授权重发、引用校验、批准幂等及已批准范围复用 (6.9173ms)
✖ Goal 耗尽转真实 waiting，正常 turn 结束只记录活动不完成 Task (5.4283ms)
✖ 叶子异常暂停最多重建两次，继续失败升级为人工阻塞 (2.8084ms)
✖ running 叶子 idle 时由 Runtime 继续，底层 unavailable 时重建同一 Task (5.0108ms)
✔ Resident 恢复超时由原生 AbortSignal 隔离，不阻止下一群恢复 (30.1323ms)
✔ 恢复清理旧协议与旧 Topic 请求 Inbox，但保留普通待办 (2.1905ms)
✖ 重启恢复 Running 叶子沿用 Goal 与已接纳输入，并重新注入已选流程正文 (2.8313ms)
✖ 关闭等待已接受的可靠 Outbox 写入，期间新消息被拒绝 (5.315ms)
✖ 替换确认先送达新消息，随后精确撤回旧消息且重复恢复幂等 (4.3737ms)
✖ 未回读的旧确认停止重发，不阻塞替换，未观察到仍保持送达未知 (4.6215ms)
✔ 链式替换先送达最终通知，部分撤回失败不阻塞其他目标且永久拒绝不重试 (13.0401ms)
✔ 撤回瞬态异常有限重试，持久次数达到上限后不再调用渠道 (2.9942ms)
✔ 撤回成功后持久写失败不能伪报成功，恢复永久拒绝后保留人工核验状态 (5.9422ms)
✔ 真实Store与Bridge在监听和启动补偿并发、回执落盘崩溃及两次重启下不重发旧消息 (126.2986ms)
✖ 等待通知在同版本 resume 清除 result 后失效，不发送旧问题 (4.8329ms)
✖ 信息等待只在原通知确认送达后有限跟进，重复巡检不补发 (4.605ms)
✖ 信息等待同时通知反馈人与发起人，并引用反馈消息 (4.3994ms)
✖ 信息等待通知投递失败产生告警，送达后解除 (3.8721ms)
✖ 历史已送达询问只按指定任务补一次暂停更正，送达前不启动催促 (5.1907ms)
✖ 已完成自身工作的叶子不能以外部独立检查提交等待 (3.2986ms)
✖ 把他人后续检查误列为本职阶段时，内部修订范围并保留已完成证据 (2.6359ms)
✖ 等待审阅认为仍可自行继续时保持 Task 运行且不发阻塞通知 (2.7739ms)
✖ 历史 coordination 等待结果可重启读取，但通知补偿不会重发旧检查 (3.4341ms)
✖ 同版本重新 waiting 新问题不能被旧问题的通知快照覆盖 (6.4037ms)
✖ 等待结果原子落盘遇新输入，报告保留且 Goal 停等 (5.3726ms)
✖ 完成审阅通过后原子落盘遇新输入，不能提前 complete Goal (3.1281ms)
✖ 通知 Outbox 首次失败后相同请求重试使用稳定结果键且只落一次 (6.7ms)
