✔ Resident 完整提示词保留群职责与动态别名，不叠加登录人特殊禁令 (15.5112ms)
✔ 内部审阅预算故障由 Host 暂停并一次通知，叶子重复提交不能耗尽轮次 (123.4665ms)
✔ 系统等待恢复先只读构造原报告，预算仍超限时不解除等待或建立模型会话 (43.2438ms)
▶ 系统等待恢复拒绝旧输入、待授权和未归类撤销消息，失败不产生报告重试事件
  ✔ stale (25.0446ms)
  ✔ authorization (30.4555ms)
  ✔ pending-input (34.2607ms)
✔ 系统等待恢复拒绝旧输入、待授权和未归类撤销消息，失败不产生报告重试事件 (91.2516ms)
✔ 活动投影从 DSH 工具结果关联真实工具名与错误位 (36.9104ms)
✔ 活动落盘失败暂停后续投影，故障消失按原事件顺序补齐并清除当前告警 (326.838ms)
✔ 活动故障跨 Runtime 重启从 Session 原事件补投影 (343.9378ms)
✔ 已完成任务重启后从持久 Session 审计并补齐遗漏活动 (31.7428ms)
✔ 历史已完成任务的 Session 不存在时审计收束为不可回填，不反复报当前写盘故障 (17.6171ms)
✔ 已完成任务的持久 Session 读取故障仍保留重试和当前告警 (29.8183ms)
✔ 关联状态追问走同模型无工具短路径，事实未变才写入统一 Outbox (60.4461ms)
✔ 短路径识别执行请求后交还常驻，不创建动作或发送推测回复 (31.904ms)
✔ 短答生成期间 Task 事实变化，原子提交拒绝旧快照并交还常驻 (62.6223ms)
▶ 短答期间关联任务集合或群职责改变，拒绝按旧集合和旧准入发言
  ✔ association (60.3089ms)
  ✔ responsibility (62.4347ms)
✔ 短答期间关联任务集合或群职责改变，拒绝按旧集合和旧准入发言 (123.9888ms)
✔ 纯工具心跳不使只含业务事实的短答失效，短答不携带活动投影 (47.9263ms)
✔ 别名修复请求创建任务，后续无称呼的图片补充续接同一叶子 (35.3373ms)
✔ 入站持久接收立即返回，模型尚未提交时也能接收后续消息 (1.8373ms)
✔ 重复入站幂等，Topic 提交成功后只生成一条可靠回复 (27.5996ms)
✔ 普通 assistant 文本或 turn 结束不能替代 Topic 结构化提交 (13.745ms)
✔ 注册工具符合 DSH JSON Schema，Resident 只能通过 Topic 决策建任务 (6.0614ms)
✔ 来源附件先持久保存，归类输入可恢复相同 imageRefs (24.8816ms)
✔ 附件缺失硬拦截任务，仍发送明确缺失反馈 (16.9894ms)
✔ 多群请求隔离，A 等待归类不阻止 B 完成 (14.7811ms)
✔ Task 只保存固定 Topic 引用，叶子收到版本化原始上下文 (18.8848ms)
✔ 任务关联摘要不复制原文，按需读取返回 Topic refs 与执行约定 (33.9401ms)
✔ 任务并发容量满时 FIFO 排队，取消释放名额并保留取消事实 (81.5387ms)
✔ Outbox 已落盘时监听器失败不会回滚已接受 Topic 决策 (21.8356ms)
✔ 历史导入只发送 Topic 索引，不重放历史消息正文或指令 (15.41ms)
✔ 恢复失败保留原 Resident Session，其他群仍能工作 (16.8178ms)
✔ 新群主会话具有完整工具权限，Topic 工具仍不能访问其他 Session (1.3674ms)
✔ 工作区切换保留事件历史并重建 Resident，旧 Session 释放 (3.0259ms)
✔ 存在活动 Task 时拒绝工作区或模型切换，不修改已保存配置 (27.274ms)
✔ 模型与推理深度使用原生配置服务保存 (0.9193ms)
✔ 叶子会话提示词通过统一配置字段保存和读取 (0.8705ms)
✔ 内置通用规范不依赖用户补充，动态清空及恢复后仍只注入叶子 (31.0176ms)
✔ 叶子只常驻流程索引，按需加载后直接动态注入当前正文 (28.293ms)
✔ 长任务可组合超过五个流程，重复加载去重，恢复后保留组合并按阶段裁减 (34.945ms)
✔ 流程加载与组合调整排队期间目标变化时拒绝迟到写入 (18.6891ms)
✔ 流程修订后旧选择失效，拒绝叶子用旧流程完成任务 (39.2596ms)
✔ 计划绑定已选流程，主会话读完同一流程正文后才可审阅 (61.0794ms)
✔ 主会话可拒绝自行扩写的冲突计划，叶子重新规划前不能推进 (64.5489ms)
✔ 流程修订只使引用任务的旧计划失效，未引用任务不接收更新 (97.9432ms)
✔ 任务目标变化保留流程引用供重审，并拒绝未加载流程 (32.3474ms)
▶ 流程修改、禁用和删除后未重新加载也不能推进旧阶段
  ✔ modify (80.2955ms)
  ✔ disable (72.1348ms)
  ✔ delete (77.165ms)
✔ 流程修改、禁用和删除后未重新加载也不能推进旧阶段 (230.4925ms)
✔ 待审计划遇流程改版会失效并归档，重新加载后可重新规划 (62.2916ms)
✔ 首次异常可报告但不能改变进度，随后可制定计划并正常完成 (161.2552ms)
✔ 异常可抢占待审计划，旧审阅不得回写或阻止新计划 (77.64ms)
✔ 被拒计划仍能报告证据缺口，诊断确认不解除计划拒绝 (70.3032ms)
✔ 完成审阅发起即记录事件，拒绝与失败也保留耗时起点 (113.1247ms)
✔ 完成审阅期间流程更新保持 Task 与 Goal 活动并记录失败 (88.4881ms)
✔ 审阅通过后最后落盘前流程改变，不能完成任务或发送通知 (93.579ms)
✔ 重启恢复过期待审计划时归档失败项，新计划不再被 pending 卡住 (84.615ms)
✔ 完成审阅通过后的并发暂停不能被完成 CAS 覆盖 (88.1858ms)
✔ 退订存储失败时保留 Resident，修复后可再次退订 (7.2788ms)
✔ 关闭后拒绝新消息，关闭两次只释放每个 Session 一次 (5.5605ms)
✔ 报告先持久接收并停等，Topic 决策事件解除等待而无需再次提交或巡检 (93.3054ms)
✔ 坏阶段决策在持久化前拒绝，同一请求纠正后恢复报告与正常阶段推进 (107.7374ms)
✔ 历史坏决策重启后退回重判，原报告不跳过且纠正后恢复同一Task (111.9898ms)
✔ 报告审阅耗尽保持同身份停等，显式重试重置原请求后恢复推进 (137.7409ms)
✔ 完成审阅耗尽后出现人工阻塞，协调恢复只重放原报告并收口 waiting Task (198.5862ms)
✔ 旧运行任务恢复时从已批准计划补齐阶段索引，原检查点不改写且只补一次 (52.3374ms)
✔ 叶子结果与检查点拒绝缺失或过期 inputVersion/runSequence (37.5615ms)
✔ 检查点逐项推进并由结构化内部审阅确认，不能跳项完成 (115.2734ms)
✔ 首阶段等待时可独立核验后续阶段，跨序提交必须交主会话审阅 (88.8288ms)
✔ 完成验收拒绝后保持 running 并向叶子发送具体纠偏 (101.7923ms)
✔ 一次完成审阅同时准备通知，完成落盘后直接入 Outbox 且 FIFO 下个任务启动 (142.3207ms)
✔ 通知已入 Outbox 后执行事件写入失败不会重复发起通知协调 (89.4313ms)
✔ 尚未归类的新消息阻止叶子提交等待或完成结果 (35.9739ms)
✔ Web 创建按 requestId 幂等，原始输入只落 Topic，参数变更不能复用身份 (12.7553ms)
✔ Web 补充提升输入版本并重置当前检查点，同请求重试不重复补充 (81.2624ms)
✔ 目标修订原子更新任务名称并保留旧名称，普通补充不得单独改名 (47.5032ms)
✔ 目标变化缺少新任务名称时拒绝续接 (44.0371ms)
✔ preserve 新输入作废待审 checkpoint，并按新版本重新审阅 (69.6589ms)
✔ 授权变化即使阶段名称不变也撤销旧阶段批准 (55.0945ms)
✔ 相同待审计划的重复提交与Supervisor恢复共用一次审阅和拒绝注入 (63.6723ms)
✔ 旧执行轮次的 idle 回收不释放已重开的叶子 (129.0167ms)
✔ 人工批准与排队启动竞争时不突破并发上限 (182.7226ms)
✔ Web 重开完成任务建立新轮次，固定保留旧输入版本与历史 (67.701ms)
✔ 完成任务按新目标重开时同步更新名称并在轮次历史保留旧名称 (46.2695ms)
✔ 叶子 Topic 读取仅允许已接纳版本，拒绝未来版本及其他话题 (58.8713ms)
✔ 同一消息并发补齐身份与附件不会丢失任一事实 (6.5371ms)
✔ 人工授权重发、引用校验、批准幂等及已批准范围复用 (85.4764ms)
✔ Goal 耗尽转真实 waiting，正常 turn 结束只记录活动不完成 Task (48.5838ms)
✔ 叶子异常暂停最多重建两次，继续失败升级为人工阻塞 (42.3951ms)
✔ running 叶子 idle 时由 Runtime 继续，底层 unavailable 时重建同一 Task (56.6822ms)
✔ Resident 恢复超时由原生 AbortSignal 隔离，不阻止下一群恢复 (23.3844ms)
✔ 恢复清理旧协议与旧 Topic 请求 Inbox，但保留普通待办 (4.4ms)
✔ 重启恢复 Running 叶子沿用 Goal 与已接纳输入，并重新注入已选流程正文 (41.8916ms)
✔ 关闭等待已接受的可靠 Outbox 写入，期间新消息被拒绝 (36.2645ms)
✔ 替换确认先送达新消息，随后精确撤回旧消息且重复恢复幂等 (66.3798ms)
✔ 未回读的旧确认停止重发，不阻塞替换，未观察到仍保持送达未知 (76.5282ms)
✔ 链式替换先送达最终通知，部分撤回失败不阻塞其他目标且永久拒绝不重试 (11.1432ms)
✔ 撤回瞬态异常有限重试，持久次数达到上限后不再调用渠道 (6.9348ms)
✔ 撤回成功后持久写失败不能伪报成功，恢复永久拒绝后保留人工核验状态 (7.3463ms)
✔ 真实Store与Bridge在监听和启动补偿并发、回执落盘崩溃及两次重启下不重发旧消息 (119.8393ms)
✔ 等待通知在同版本 resume 清除 result 后失效，不发送旧问题 (80.9843ms)
✔ 信息等待只在原通知确认送达后有限跟进，重复巡检不补发 (76.1901ms)
✔ 信息等待同时通知反馈人与发起人，并引用反馈消息 (126.1118ms)
✔ 信息等待通知投递失败产生告警，送达后解除 (60.4723ms)
✔ 历史已送达询问只按指定任务补一次暂停更正，送达前不启动催促 (46.9473ms)
✔ 已完成自身工作的叶子不能以外部独立检查提交等待 (37.3775ms)
✔ 把他人后续检查误列为本职阶段时，内部修订范围并保留已完成证据 (87.8534ms)
✔ 等待审阅认为仍可自行继续时保持 Task 运行且不发阻塞通知 (78.6019ms)
✔ 历史 coordination 等待结果可重启读取，但通知补偿不会重发旧检查 (59.6464ms)
✔ 同版本重新 waiting 新问题不能被旧问题的通知快照覆盖 (105.0745ms)
✔ 等待结果原子落盘遇新输入，报告保留且 Goal 停等 (39.061ms)
✔ 完成审阅通过后原子落盘遇新输入，不能提前 complete Goal (98.2949ms)
✔ 通知 Outbox 首次失败后相同请求重试使用稳定结果键且只落一次 (109.2615ms)
✔ 慢叶子创建期间同群其他 Topic 仍可完成 (70.1746ms)
✔ 排队叶子启动中取消立即落盘，迟到的 Session 创建不能复活任务 (108.761ms)
✔ 缺少稳定发送人 ID 不伪造引用，缓冲回复监听异常不损失已存意图 (36.1646ms)
✔ DWS 恢复关闭同群 carrier 告警且不误清其他异常 (36.9704ms)
✔ 通知补发同批跳过退订群、隔离损坏 Resident，正常群仍独立完成 (37.7413ms)
✔ 工作区屏障内到达的历史导入与通知等待新 Resident，导入先前事件进入新 seed (47.5964ms)
✔ 切换工作区等待已经开始的结果通知，通知落盘前不释放旧 Resident (32.4841ms)
✔ 退订屏障之后的历史导入拒绝旧 Resident，等待期间其他群仍可提交 (45.2318ms)
✔ 关闭与进行中工作区切换串行收口，旧和替换 Resident 均释放一次 (11.9958ms)
✔ 同 Topic 一次决策不能重复改变同一 Task，共享主 Topic 可取消两个不同 Task 各一次 (132.7241ms)
✔ 已执行来源改归属不会重新授予效果权限，新授权消息可以创建新任务 (128.261ms)
✔ 工作区切换等待期间不占任务提交队列，提交前复核新出现的活动任务 (29.813ms)
✔ 关闭拒绝尚未提交的结果通知且不悬挂 (23.9174ms)
✔ 关闭等待已开始提交的结果通知 Outbox，不能提前关闭存储 (49.0821ms)
✔ 相同引用 ID 下的不同事项不自动撤回，只有显式 replacement 才能产生撤回意图 (63.7457ms)
✔ 任务工作位置仅验证已有工件，保留历史来源并排除不存在及远程定位 (55.2284ms)
ℹ tests 132
ℹ suites 0
ℹ pass 132
ℹ fail 0
ℹ cancelled 0
ℹ skipped 0
ℹ todo 0
ℹ duration_ms 8472.0247
