✔ 备份验证包含WAL最新提交、全文件清单、完整性及工件引用 (124.2569ms)
✔ 备份WAL破损和工件缺失均拒绝 (101.5445ms)
✔ 数据库到工件闭包回读：missing (112.231ms)
✔ 数据库到工件闭包回读：corrupt (97.3324ms)
✔ 数据库到工件闭包回读：完整重复引用 (107.4118ms)
✔ 引用闭包按内容去重且数量/字节超限显式拒绝 (4.993ms)
✔ HTTP正常但恢复报错或认证失败不得部署ready，凭据不出现在结果 (19.8031ms)
✔ 效果网关同操作并发/重投只执行一次，授权不逐步骤重复索取 (81.1628ms)
✔ 缺少授权和generation不符不调用写适配器 (60.3256ms)
✔ stop先提交阻止Git发送资格 (69.2248ms)
✔ input先提交阻止Git发送资格 (79.07ms)
✔ revoke先提交阻止Git发送资格 (65.5463ms)
✔ 效果已发生但适配器回执丢失，只对账不重复发送 (73.8089ms)
✔ Git能力仅给显式注册网关的受信code节点，Agent不能领取Git能力 (2.0635ms)
✔ stop先落账时不能创建受管目录 (69.0178ms)
✔ input先落账时不能创建受管目录 (71.5838ms)
✔ revoke先落账时不能创建受管目录 (67.4136ms)
✔ 受管目录归属不同run，即使代际与需求相同也不得创建 (58.2961ms)
✔ 历史目录创建成功后路径丢失不能靠重投回执继续认领，也不能重克隆 (74.9447ms)
✔ UAT终态失败必须是同一冻结普通build的完整可信收据 (1.0641ms)
✔ 正式Owner修复同Run新代：读失败候选、并发拒绝、幂等及旧证据保留 (60455.9959ms)
✔ 正式Owner修复同Run新代：补丁歧义读原工作区、并发拒绝、幂等及旧证据保留 (52422.6443ms)
✔ 进程归属拒绝历史父PID关联，当前子孙仍属于原启动身份 (1.3655ms)
✔ 关闭后复用的根PID及新子进程不具有终止授权，原后代存活仍阻断 (0.506ms)
✔ 大型进程快照保留归属判定且不混入无关进程 (2.8893ms)
✔ Host生成目录拒绝根目录、穿越、绝对路径和重复值 (0.6521ms)
✔ 本地验收真实进程全链通过，恢复只读收据且不重复业务写入 (14198.581ms)
✔ 原始候选文件在mutatePrepare阶段漂移不能签发通过票据 (7096.6343ms)
✔ 原始候选文件在mutateScenario阶段漂移不能签发通过票据 (15210.8739ms)
✔ 原始候选文件在extraSource阶段漂移不能签发通过票据 (7142.8762ms)
✔ 新增生成物不混入原始manifest，签票后改原文件也拒绝交付 (15373.3032ms)
✔ 实际结果不符阻断提交，仍完成清理和停止 (15238.3215ms)
✔ 清理失败持久化失败收据，不因执行用例成功而放行或重跑 (13850.891ms)
✔ 已有执行预约但无收据时只读恢复，候选变化也不能掩盖未知执行 (3837.7193ms)
✔ 清理命令成功但独立回读仍有数据时不能通过 (15227.9251ms)
✔ 取消用例后服务保留至清理完成，进程和数据都能回收 (17063.3519ms)
✔ 受信伴随服务按哈希绑定且和主服务共同停止后才核对清理 (21303.3892ms)
✔ 伴随服务产物在准备后被替换时拒绝启动，也不执行准备命令 (4580.1178ms)
✔ 真实延迟就绪先进行轻量HTTP轮询，就绪后才核对端口归属并执行业务 (18701.2406ms)
✔ HTTP健康但监听属于子进程时拒绝就绪，不执行业务且回收整个服务树 (12523.6549ms)
✔ 进程检查启动失败保留安全分类和阶段证据，不包含stderr或命令内容 (4355.9596ms)
✔ Host 仅从本机路径装配凭据并只提供客户端对象 (3.6144ms)
✔ 生产与 UAT 的 Kubernetes 身份按固定命名空间选择且默认不启用 Tag 写入 (1.0561ms)
✔ Host 仅从本机 JSON 读取 Bytebase 凭据并隔离于发布客户端 (0.4957ms)
✔ 缺失或歧义凭据时拒绝装配且异常不回显内容 (0.3402ms)
✔ Cordis apply 提供 resident 读取的固定 service 名称 (0.2454ms)
✔ Host 只用本机连接凭据装配精确三个 UAT PostgreSQL 库 (0.3703ms)
✔ Host 将三个 Bytebase 生产目标分别绑定天翼云只读从库凭据 (0.5454ms)
✔ 木啄只读全量分页并过滤私有 variables (1.4953ms)
✔ 木啄构建证明只从精确成功步骤读取结构化 digest (1.5109ms)
✔ UAT 触发前独立回读分支、流水线和 Cron (1.2259ms)
✔ 同 SHA 已有在途构建时拒绝触发 (0.3899ms)
✔ 未验证的生产标签、镜像证明和审批拒绝执行 (0.1256ms)
✔ GitHub 标签 404 仅在仓库独立可读时判不存在 (0.2878ms)
✔ Kubernetes Pod 仅接受属于目标 Deployment ReplicaSet 的 imageID (0.5269ms)
✔ OCI manifest index 独立验证内容摘要并只选真实平台 (0.7292ms)
✔ Bytebase 数据库身份只取平台实测项目、实例与环境，不用请求环境补齐 (2.2954ms)
✔ Bytebase 工单以 operationKey 唯一对账，执行前检查任务且独立回读结果 (3.6941ms)
✔ Bytebase 工单首步结果未知时拒绝再次发送写请求 (0.4994ms)
✔ Bytebase Rollout 提交结果未知时禁止重发，留给只读对账 (0.5029ms)
✔ 本机 Docker 凭据只读 OCI 原始清单并校验字节摘要 (0.3206ms)
✔ 失败流水线的构建证据仅显式精确终态且build步骤成功时允许读取 (0.4081ms)
✔ 新增独立 UAT 部署目标不改变已注册生产与重建适配器的规则身份 (2.0653ms)
✔ 目标固定白名单，生产触发未证实则拒绝注册 (1.4929ms)
✔ 没有唯一且已合入的精确 PR 身份，UAT 部署拒绝准备 (0.7012ms)
✔ 部署预检只要求目标分支、已合入 PR 与完整流水线扫描 (0.5816ms)
✔ 精确 prepared 才能触发，写回执之后必须独立回读成功 (1.0396ms)
✔ 流水线未完成时回读 unknown，不发送第二次 (0.3985ms)
✔ 执行前再查：已有在途流水线不重触发，普通 UAT 失败须走重建 (0.9198ms)
✔ 运行态凭流水线 SHA→镜像摘要→Pod imageID 同链，Deployment 无源码注解也可确认 (0.8959ms)
✔ 生产机械预检不依赖业务布尔证明，审批回执只授权冻结的 Tag (1.4525ms)
✔ 普通 UAT 构建 failure 完整只读扫描收口明确失败 (1.1495ms)
✔ 普通 UAT 构建 error 完整只读扫描收口明确失败 (0.4427ms)
✔ 普通 UAT 构建 killed 完整只读扫描收口明确失败 (0.3489ms)
✔ 普通 UAT 构建 declined 完整只读扫描收口明确失败 (0.332ms)
✔ 普通 UAT 构建 canceled 完整只读扫描收口明确失败 (0.383ms)
✔ 普通 UAT 构建 skipped 完整只读扫描收口明确失败 (0.3802ms)
✔ 重建的旧失败仍是unknown且规则digest不变 (0.2612ms)
✔ 维护HTTP仅受信本机身份可改，严格参数、幂等与过期许可均校验 (289.5997ms)
✔ service真实恢复入口不重派确定性错误，只有明确暂态可有限重试 (1798.8864ms)
✔ 预算续行真实HTTP与Controller保留54次消耗、验收一次、旧失败领取及阶段门禁 (2863.0378ms)
✔ 默认日常能力按当前原文生成 Markdown，并拒绝把排查目标当整理完成 (4.0538ms)
✔ 平台附件只读能力绑定当前 Task 消息、附件 ID 与来源版本，并独立二次回读 (3.6294ms)
✔ 平台附件变更、跨群回读和二次内容漂移均不能成为通用任务证据 (2.2256ms)
✔ 短指代消息优先呈现紧邻来源的话题，显式引用仍优先 (36.7042ms)
✔ 明确交办与问题报告分开准入 (1.2748ms)
✔ 内置进展查询限制本群与八项候选，流程结果可审计 (7.7379ms)
✔ 渠道回读仅归一化空白，正文差异仍阻止送达 (1.2236ms)
✔ DWS 发送 ACK 的实际 result.openTaskId 可用于独立回读 (0.4372ms)
✔ 群职责指定的日常代答署名在通知准备时固化且不会重复附加 (0.8704ms)
✔ 群职责贯穿即时进展查询的持久通知正文与引用来源 (591.1194ms)
✔ 群职责调整后已送达通知保留原正文，新通知仍可继续发送 (648.6465ms)
✔ 工作流通知引用来源消息，缺来源才发送普通群消息 (1.549ms)
✔ 正式 Web 重执行新建独立任务，持久幂等、原任务不变、恢复只留 Web 且拒绝越权阶段 (6804.8645ms)
✔ I 只能提交目标：Task 与 Owner 原子接纳，Owner 未建计划前没有业务 Run (480.0048ms)
✔ 真实同库消息接纳→固定Task执行→看板结果；重复入站不重复创建 (628.772ms)
✔ 没有 Owner 的已成功问答计划显示完成，结果中的未知不制造等待；确认阶段仍等待 (462.4252ms)
✔ 流程成功后由同一Task负责人验收并只汇报一次最终结果 (717.9957ms)
✔ 最终报告领取前新增目标使旧完成通知失效，已完成流程不重跑 (565.373ms)
✔ 同一任务承接与最终报告并存时只按精确通知身份纠正最终报告 (638.2345ms)
✔ 仅把已完成任务报告改成中文只唤醒Owner，不重跑排查或新增Run (1029.1644ms)
✔ Owner长事件积压分页读取全部内容后才推进同一Task水位 (1471.9869ms)
✔ 账号问题与“这不是让你去查吗”回到同一Task，不重建或丢失原上下文 (933.6154ms)
✔ 同一话题含两个Task时按明确目标绑定短追问，不默认最近执行Run (945.7121ms)
✔ 模型要求为非本人创建Task仍被Host拒绝，未受权群也拒绝 (373.7623ms)
✔ 无可信消息编辑版本不能把变更正文当重复消息或新授权 (328.4775ms)
✔ Web与IM引用同一澄清首终态生效，无权拒绝且答复不新建消息或重跑S (463.6331ms)
✔ 纯话题事实同库沉淀，后续任务读取原文并强制继承话题约束 (642.0398ms)
✔ 旧完成Task只读候选返回旧结果，不调用新controller或恢复旧引擎 (384.0101ms)
✔ 群集合查询不要求单个Task身份 (430.8974ms)
✔ 必需附件正文进入Task固定输入且保留意图约束 (574.9584ms)
✔ 通知ACK丢失只回查不重发；当前披露不允许时零发送 (656.3145ms)
✔ 同文高版本编辑复用原Task且别名重投回原run (490.7232ms)
✔ 群职责允许明确点名交办创建任务，普通问题报告仍无创建权 (654.846ms)
✔ 本机操作者逐条重处理旧澄清，旧请求失效且有命令消息拒绝重跑 (514.5183ms)
✔ 无引用的先别管它静默收束，不追问也不创建任务 (330.3981ms)
✔ 第三方任务已创建进展同步即使含@也静默，不生成澄清或业务任务 (338.9613ms)
✔ 已送达回复引用可将第三方进展静默绑定到唯一话题，且旧消息可确定性补录 (545.2191ms)
✔ 已完成的纯排查任务再次收到相同问题反馈时提出修复授权问题 (427.3731ms)
✔ 旧任务缺标题且长目标进入R候选时仍能计算材料摘要 (1991.6317ms)
✔ 旧排查任务的肯定答复只授权同一消息继续准入，随后可创建新工作流任务 (647.4668ms)
✔ 本人可答复他人旧排查澄清，其他群成员不能冒用且不阻断消息接收 (794.6363ms)
✔ 明确问小小鹏审核问题是否部署时即使I误判无动作也回读群任务 (436.0898ms)
✔ 审核状态问句、两个任务说明和引用问题清单归为同一话题，不误建三个任务 (727.6013ms)
✔ 恢复扫描先重试一次无回执只读查询，再完成原命令 (415.1555ms)
✔ 已回读的自身澄清通知不再作为新消息入站，收发信箱分别投影 (492.0175ms)
✔ 受管撤回逐条核验负责人原消息，回读后补发保留原通知 (785.254ms)
✔ 群职责进入 I 而不占用 S/R；任务历史可由固定材料键读取 (446.3494ms)
✔ 群成员可核对本群旧任务摘要和UAT2交付状态，跨群历史不可读取 (458.4501ms)
✔ 旧群历史缺发送人字段时仍能写入快照 (396.3803ms)
✔ I 的流程提示不直接派发；专业目录供 Owner 选择，缺适配器不执行外部效果 (2432.9381ms)
✔ 受信外部适配器齐备时目录可见，I 仍不能直接启动外部效果 (1637.2995ms)
✔ 原消息否定编辑取消原Task，不发第二个任务且屏障释放 (877.1786ms)
✔ 运行中原消息修订更新 Task 要求并保持旧 Run 输入冻结 (936.6984ms)
✔ 新Task真实HTTP补充与取消同库幂等；无权/跨站/伪造输入不执行，暂停不恢复 (880.6413ms)
✔ Controller未排空错误投影等待原因，不能显示正常执行 (551.3702ms)
✔ Web事件已准备后中断由恢复通路接纳一次，后续恢复不重复输入 (802.0464ms)
✔ C01 媒体连接器挂起不阻durable接收和独立SQLite读回 (652.8888ms)
✔ 只关联话题时意图仍读到已执行Task及结果限制，运行成功不冒充目标达成 (916.0228ms)
✔ 方案阶段完成后等待确认，确认沿用业务Task并只启动下一阶段 (1048.1449ms)
✔ UAT 缺受信适配器时已完成分析保留，Owner 后续阶段明确受阻 (717.2821ms)
✔ 阶段间取消后经原发送人重新授权，只替换未完成后缀 (1217.4565ms)
✔ 已绑定Owner会话确实缺失时换代并在原Task恢复，旧任务命令不重复创建 (660.6793ms)
✔ 专业分析后在同一 Task 读取前序产物，不依赖 general intake (811.5674ms)
✔ Owner 可在零阶段 Task 首先选择一项受信能力并完成原文整理 (692.9829ms)
✔ 执行中收到追加阶段意图时保留当前Run，完成后从核验产物启动后继 (1010.3558ms)
✔ 纯排查完成后续办仍用原业务Task，原Run成功证据不重跑 (1001.7364ms)
✔ C13 渠道读回挂起时新业务和取消继续，ACK不冒充送达 (957.8431ms)
✔ 只读轨迹 API 回读真实节点、话题批次与已绑定 Owner，并隔离其他群 (688.2001ms)
✔ 步骤产出只投影业务正文及限制，不泄露任意对象字段 (580.1258ms)
✔ 当前工程和分析节点逐类投影，数量去重且准备态不冒充执行 (5.2705ms)
✔ 只有局部替换的工程方案仍展示真实产出，分页不丢修改前后内容 (553.2926ms)
✔ 只读历史执行 API 不把预留 Owner 身份伪装成已绑定会话 (519.5059ms)
✔ 消息证据 API 仅回读绑定原文并以 hash 固定分页版本 (875.2978ms)
✔ 超过 200 个话题时明确引用仍找回最早话题且不建新 Task (3839.5768ms)
✔ 同话题一千条相同事实在 IB 合并投影，跨发送人或不同约束不合并 (28263.914ms)
✔ 原发送人撤销仅排查条件可替换历史，另一发送人不得替换或派发 (937.7653ms)
✔ 局部撤销范围及模型误报整话题均保留其他任务限制且零派发 (832.6131ms)
✔ answer 创建的任务可回读来源及历史执行 (577.5802ms)
✔ 方案节点仅返回真实工件路径，不附正文、摘要或下载名称 (589.9839ms)
✔ 业务验收产出独立显示验收项、预期和实际结果 (1.7546ms)
✔ 开发目标缺失或不明确先询问具体UAT：修复合并问题/undefined (412.9429ms)
✔ 开发目标缺失或不明确先询问具体UAT：修复合并问题/uat1 (401.6534ms)
✔ 开发目标缺失或不明确先询问具体UAT：提交到uat1或uat2/uat1 (447.9724ms)
✔ 开发目标缺失或不明确先询问具体UAT：提交到uat1～9/uat1 (429.7962ms)
✔ UAT澄清回答绑定同一请求并进入任务目标，不猜环境或重新拆消息 (668.5733ms)
✔ 本地验收产出：条件、方案与目录准确展示且不泄漏执行参数 (1.431ms)
✔ 本地验收产出：阶段耗时、预期实际与清理结果进入同一报告 (1.0621ms)
✔ 只读本地验收明确没有业务数据写入，不冒充删除数据 (0.3396ms)
✔ 本地验收产出：dataCleaned未确认不能显示整体通过 (0.4379ms)
✔ 本地验收产出：processStopped未确认不能显示整体通过 (0.368ms)
✔ 本地验收产出：业务失败和缺失实际结果不伪装通过 (0.5537ms)
✔ 本地验收产出：执行中、未知状态及空回执明确标记未确认 (0.5299ms)
✔ 暂态恢复三次上限与退避持久化 ECONNRESET，重开控制账不能重置额度 (4577.2672ms)
✔ 暂态恢复三次上限与退避持久化 ENGINEERING_REMOTE_READ_TRANSIENT，重开控制账不能重置额度 (4583.3998ms)
✔ 交付只读恢复 succeeded：既有效果不重发且仅成功恢复原节点 (738.6517ms)
✔ 交付只读恢复 unknown：既有效果不重发且仅成功恢复原节点 (685.2114ms)
✔ 交付只读恢复 failed：既有效果不重发且仅成功恢复原节点 (656.2324ms)
✔ 交付只读恢复 throws：既有效果不重发且仅成功恢复原节点 (683.9563ms)
✔ 交付只读恢复屏障 maintenance (652.4447ms)
✔ 交付只读恢复屏障 pause (719.6058ms)
✔ 交付只读恢复屏障 stop (677.0901ms)
✔ 交付只读恢复屏障 input (641.7501ms)
✔ 交付只读恢复屏障 maintenance-during-read (703.5303ms)
✔ UAT Web 审批完整请求ID uat-deployment/approved：可见、授权、首终态与Owner事件幂等 (1002.9123ms)
✔ UAT Web 审批完整请求ID uat-deployment/rejected：可见、授权、首终态与Owner事件幂等 (950.5355ms)
✔ UAT Web 审批完整请求ID uat-rebuild/approved：可见、授权、首终态与Owner事件幂等 (1041.4358ms)
✔ 普通UAT构建失败收口 receipt=true：单次发送、保留失败证据且不反复恢复 (749.0217ms)
✔ 普通UAT构建失败收口 receipt=false：单次发送、保留失败证据且不反复恢复 (712.5776ms)
✔ 普通UAT构建失败收口 receipt=observed：单次发送、保留失败证据且不反复恢复 (774.3093ms)
✔ 任务投影只在真实等待时显示原因，完成后隐藏遗留原因且不改历史 (742.0788ms)
✔ 真实Owner路径保留工程本地验收与合并前缀，失败第三阶段重建后可结案 (2623.9473ms)
✔ 未配置目标时不注册外部流程，缺受信端口时拒绝启动 (1.3962ms)
✔ 数据变更输入只接受白名单目标和精确 SQL 来源，基线由平台受信回读 (1.8239ms)
✔ 数据变更工单在 Assistant 任务页审批，生产执行前重验精确范围 (0.842ms)
✔ 生产发布仅审批节点等待真人，Tag 必须带审批回读身份 (1.3599ms)
✔ UAT 合并目标只来自受信白名单，授权不要求真人审批 (0.8506ms)
✔ 失败部署可信绑定同任务、同UAT、同提交的重建输入，不触发远端写 (2.9366ms)
✔ 重建接续拒绝 unknown (0.4719ms)
✔ 重建接续拒绝 other-task (0.2764ms)
✔ 重建接续拒绝 other-node (0.2469ms)
✔ 重建接续拒绝 other-commit (0.2953ms)
✔ 重建接续拒绝 undrained (0.3171ms)
✔ 重建接续拒绝 wrong-merge (0.2597ms)
✔ 重建接续拒绝 wrong-environment (0.2972ms)
✔ 重建接续拒绝 changed-head (0.4532ms)
✔ 原任务仅替换失败第三阶段，前两阶段及失败历史保留；重复调用不重建 (0.9687ms)
✔ 修订后绑定前中断可同固定失败源接续，不重复计划修订 (0.7467ms)
✔ 保留原阶段确认门禁，未确认不启动重建 (0.4747ms)
ℹ tests 209
ℹ suites 0
ℹ pass 209
ℹ fail 0
ℹ cancelled 0
ℹ skipped 0
ℹ todo 0
ℹ duration_ms 232554.4232
