✔ check never reserves or writes (0.9518ms)
✔ one timeout-only patch and independent readback (0.7392ms)
✔ already applied is read-only (0.1925ms)
✔ scope, failure proof, live build and permissions fail before write (0.5848ms)
✔ prior intent forbids another patch (0.4183ms)
✔ 仅steps插入原生测试，!!js及其余原文稳定，重复幂等 (5.7476ms)
✔ 隔离配置check零写、apply备份回读、旧hash及并发锁拒绝 (107.2294ms)
✔ 受信旧 PR 原位改 UAT base，未知回执独立回读；身份、并发与歧义不改远端 (2999.5205ms)
✔ PR create ACK丢失后list+view独立回读，重试不重复创建，head变更拒绝 (929.3897ms)
✔ 受信验证job只跑固定argv并记录真实exit和日志，失败不能通过 (435.149ms)
✔ 验证取消和超时均终止真实父子进程，后续step不执行 (2395.7208ms)
✔ 检查分步预算分别生效且总预算不可被后续step重置 (3668.7284ms)
✔ 20KB真实控制字符与最坏文本转义日志有界无损，末步输出不在顶层重复 (176.6145ms)
✔ 实际约27KB安装构建输出通过；32KiB边界无损，超限仍停止并拒绝通过 (854.5511ms)
✔ PR阶段日志绑定身份；读瞬态有界重试，发送后重启与损坏日志均不重发 (2835.4793ms)
✔ 维护屏障与领取同事务，重启保留且旧许可不能恢复派发 (172.8641ms)
✔ 维护期间已有节点可排空，未排空不给停机许可 (79.7944ms)
✔ 停机seal原子封存后旧进程leave和resume均拒绝；新进程持久回读后正式resume (432.6978ms)
✔ 节点耗时来自已提交 claim/commit，重开存储后仍可读取 (135.2469ms)
✔ 工程索引容量等待仅在旧节点排空且下游未运行时切换定义 (166.6346ms)
✔ 工程读取节点仅在旧执行已排空且下游未开始时迁移定义 (172.1329ms)
✔ 磁盘配置读回、显式初始化、正常开启及身份/schema严格检查 (318.2987ms)
✔ 话题事实 v4→v5 离线迁移先零写检查并备份，逐条回读身份 (515.1109ms)
✔ 损坏与空库不隐式建表；未知生产参数拒绝 (202.0063ms)
✔ 独立锁库阻止另一个worker及进程；关闭后可重新取得锁 (427.1186ms)
✔ Owner候选落盘后进程强杀，重开原Task重新领取且旧租约失效 (1036.1997ms)
✔ Owner已接纳的追加阶段落盘后强杀，重启只应用一次原决定 (886.5144ms)
✔ 顺序节点必须绑定输入；drained和业务输出落盘后，成功与后继ready原子提交 (287.7725ms)
✔ sessionId先落盘；重启不推定旧句柄停止，确认排空后同Session新lease恢复 (556.1591ms)
✔ 输入来源去重、payload冲突、drained前拒绝换代；旧结果CAS和未处理屏障持续生效 (300.953ms)
✔ stop先持久阻断；run.stopped必须等租约排空；无等待模型调用 (304.2998ms)
✔ 同Task仅一个非终态run，业务冲突不破坏控制库健康 (289.2151ms)
✔ Task 历史 run 游标分页保持范围且无遗漏重复 (321.7234ms)
✔ 会话创建失败可落waiting/recovery，不能伪造sessionBound或提交成功 (293.9974ms)
✔ 持久预算跨input generation保留，耗尽状态提交且receipt replay不扣额 (564.881ms)
✔ 真实子进程COMMIT前强杀：状态及receipt共同回滚，独占锁随进程释放 (712.6745ms)
✔ 真实COMMIT后ACK丢失：调用器超时封闭写，重开按原ID读回且不再claim (10692.6674ms)
✔ RPC队列有界，拒绝超额请求且已接纳查询可完成 (275.9767ms)
✔ 测试进程限额触发原生SQLITE_FULL：整条命令回滚且封闭写，不模拟物理卷满 (658.133ms)
✔ Windows深目录超过MAX_PATH仍能提取固定基线并冻结读取候选 (5757.2404ms)
✔ 受管代际只取固定base，不带源未提交文件；旧代删除与用户变更不污染新代 (6136.9683ms)
✔ 同一目录并发只允许一个执行者，重复只能对账；残缺目录不覆盖 (4556.6436ms)
✔ 身份或真实HEAD冲突明确拒绝，不能伪装恢复成功 (3629.5378ms)
✔ 源hook/filter与链接目录不准入；prepare也不会修改源index (1636.8348ms)
✔ base tree的symlink/gitlink在任何目的写入之前拒绝 (1921.2044ms)
✔ v13原生合并树保留UAT新增删除，解决文本冲突后双父提交保持被测树 (17478.8255ms)
✔ v13拒绝删除重命名和二进制冲突，包括二进制add/add，不生成可交付工作目录 (19652.1811ms)
✔ 双方独立新增同路径UTF8冲突保留原生marker，解决前不得交付且源checkout不变 (8228.6751ms)
✔ v13只重放可信任务起点之后差异，不把main继承内容带到UAT；缺起点或非祖先拒绝 (10090.1856ms)
✔ UAT独立回读绑定精确PR/ref/pipeline/image/pods与通知，拒绝旧部署和漂移 (1.4186ms)
✔ 一次性准备失败审计拒绝业务执行、身份错配、残留与未停止进程 (1.5086ms)
✔ 隔离控制库原生对账unknown至failed释放锁，保留历史观察且零业务重发 (230.0168ms)
✔ 迁移后的空要求 Task 可绑定原目标且不改写计划版本 (3.2557ms)
✔ 同一任务连续事件复用稳定会话，eventKey 重放不会多次处理 (3.9126ms)
✔ 新事件和版本变化使旧候选失效，旧租约不能提交 (2.3294ms)
✔ 重启恢复使运行中候选失效并重新排队，不丢事件 (2.1421ms)
✔ 已接纳决定在应用回执前持续可查，重启后重放并幂等确认 (2.3378ms)
✔ complete 仅接纳当前计划全部阶段具有产物与证据的成功状态 (2.4294ms)
✔ 目标验收项必须逐项绑定真实阶段证据，新增目标使旧完成声明失效 (1.8928ms)
✔ 负责人连续三次无有效提交后可见阻塞，新输入重新开放而不重建Task (2.1959ms)
✔ 接纳后应用前收到新意图会丢弃旧决定并保留新事件 (2.1773ms)
✔ 只有已绑定会话被确认缺失后才能换代，原任务和事件仍在 (2.0343ms)
✔ 已接纳动作应用连续失败有界阻塞，不在恢复循环中无限重试 (2.1746ms)
✔ 已完成排查收到同任务新意图后可追加开发，重启保留待应用决定 (2.0714ms)
✔ 已完成计划缺少追加阶段或新意图时拒绝再次 advance (3.6575ms)
✔ 取消或暂停不再调度 Owner，恢复后保留未读事件 (6.3025ms)
✔ Owner 执行途中取消，释放后不累计失败或再次唤醒 (2.4265ms)
✔ v13冻结目标树并强制冲突在范围内、被实际读取和纳入修改 (8.5546ms)
✔ v12 工作目录产出区分已有开发分支与提测目标 (6.0718ms)
✔ 新工程节点保存起点、目录回执和方案文档，缺失覆盖的方案不得进入修改 (2.6704ms)
✔ 检查报告解释真实命令，跳过测试不可被显示为测试通过 (0.4339ms)
✔ 工程读取节点可交接超过旧 48KB 限额的完整文件材料 (3538.4678ms)
✔ 固定分析工作流：真实控制账和工件交接，完成三个节点 (382.1273ms)
✔ 固定分析工作流：真实控制账和工件交接，拒绝未知证据 (351.2649ms)
✔ 固定工程流程实跑：受管clone→结构化修改→冻结验证 (14537.1064ms)
✔ 固定工程流程实跑：受管clone→结构化修改→冻结验证→commit/push→PR独立回读 (26092.0625ms)
✔ 提交准备只复用进程内可信票据；全新Node进程忽略持久JSON并重新实跑检查 (10565.0452ms)
✔ 失败工程检查以有界工件保留完整日志，节点仍waiting且下游不执行 (4206.841ms)
✔ 业务验收独立于构建，缺用例或实际结果不匹配时阻止提交，重建后不信任旧票据 (15364.565ms)
✔ v14真实controller按需检索依次进入方案和应用，v13冻结合同不改 (22790.5864ms)
✔ v15无需修改保留源码并重新检查；缺读取、冲突、工作树漂移均阻断，v14仍拒绝空方案 (25122.7884ms)
✔ UAT 重建证明直接读回失败流水线和当前 Pod 的旧成功制品 (4.0421ms)
✔ Pod 制品不符或有更新在途流水线时阻断重建 (1.4488ms)
✔ 同提交失败流水线部分部署证明 success (2.1344ms)
✔ 同提交失败流水线部分部署证明 build-step (0.4623ms)
✔ 同提交失败流水线部分部署证明 commit (0.3903ms)
✔ 同提交失败流水线部分部署证明 pipeline (0.3934ms)
✔ 同提交失败流水线部分部署证明 mixed-pods (0.7756ms)
✔ 同提交失败流水线部分部署证明 unknown-digest (0.5898ms)
✔ 同提交失败流水线部分部署证明 incomplete-pods (0.4074ms)
ℹ tests 90
ℹ suites 0
ℹ pass 90
ℹ fail 0
ℹ cancelled 0
ℹ skipped 0
ℹ todo 0
ℹ duration_ms 144058.2382
