✔ 输出校验仅明确的格式和引用错误可纠正，权限和存储故障不降级 (0.6578ms)
✔ 问答证据须由Host实际验证，false、缺失和跨范围拒绝不被当成成功 (2.0977ms)
✔ 结果区分已答复、必需补充和能力阻塞；limitations不自动将答复变成等待 (1.0373ms)
✔ 调查只有一个自主Agent阶段及受信接纳，Owner不能将needs_input或blocked视为完成 (4.9187ms)
✔ 共享执行保留规划、审查、数据和复盘的专业约束，禁止重复工具声明 (0.3154ms)
✔ 派发核对绑定来源事项与当前启用流程版本 (3.9693ms)
✔ 定向重规划证据必须给出消息依据、原因及受影响阶段 (1.6806ms)
✔ Topic 决策独立提交并以固定 Topic 版本关联任务 (1.7962ms)
✔ Topic 决策拒绝缺失来源依据、消息副本和缺失执行版本 (1.5257ms)
✔ 任务续接协议允许目标修订同时携带新的任务名称 (0.8006ms)
✔ 归类可新建、追加或多归属，空归属必须有原因 (2.4086ms)
✔ 显式任务指向识别配置名称、别名、DWS登录人或cc指令 (0.6817ms)
✔ 回复审阅结构严格区分确认、结果与订正 (0.3589ms)
✔ 历史回复候选保留真实消息内容且引用ID不参与同一事项定论 (3.7374ms)
✔ 历史回复候选按真实关联优先且严格限制数量和序列化体积 (8.5031ms)
✔ 图片mediaId不算@对象且明确询问其他同事不算Agent授权 (0.3758ms)
✔ 叶子任务不得绕过Runtime直接发送群通知 (7.8278ms)
✔ 同事AI回复必须进入模型并由群决策协议判断 (2.7663ms)
✔ 未点名但应处理时先询问且不得由 Runtime 静默降级 (1.6085ms)
✔ 主会话对任务补充发送简短且不复述信息的确认 (1.8654ms)
✔ 诊断请求不得被主会话或叶子会话扩大为修复授权 (2.0948ms)
✔ 任务关联索引覆盖当前群全部状态并允许历史任务记录关联上下文 (2.2168ms)
✔ 任务所需附件读取失败时硬拦截任务动作并反馈缺失信息 (0.6699ms)
✔ 历史回复审阅从 Task 固定 Topic 版本读取事实，不偷换为最新消息 (0.3927ms)
✔ 失败分类仅使用精确白名单，输出错误不扩散到输入和未知故障 (1.3358ms)
▶ 执行失败保存恢复责任，未知故障和外部未知结果不自动重放
  ✔ ENGINEERING_ACCEPTANCE_FAILED (216.6318ms)
  ✔ ENGINEERING_UAT_ENVIRONMENT_REQUIRED (206.4ms)
  ✔ DELIVERY_RECONCILIATION_REQUIRED (193.4112ms)
  ✔ CUSTOM_ACCEPTANCE_FAILED (183.1546ms)
✔ 执行失败保存恢复责任，未知故障和外部未知结果不自动重放 (800.9876ms)
✔ 缺资料等待保存分类和原始产物，不改变续行协议 (173.0708ms)
▶ 未知业务失败也保存诊断，非法失败材料不能让已排空节点残留 running
  ✔ 第三类业务材料 (206.7562ms)
  ✔ 非法材料 (196.5988ms)
✔ 未知业务失败也保存诊断，非法失败材料不能让已排空节点残留 running (404.0263ms)
✔ 相同函数跨 LF/CRLF 打包保持定义身份，旧 CRLF 摘要可恢复 (238.2139ms)
✔ 暂停等待真实排空，保留新输入，系统恢复不解除用户暂停，resume先应用新输入 (221.6284ms)
✔ 取消的任务不能通过resume复活 (180.1995ms)
✔ 暂停在排空前重启：系统恢复仅完成暂停，用户resume才重领节点 (367.7556ms)
✔ 当前定义改变时注册历史定义，旧run按旧digest续接而新run用当前定义 (257.2446ms)
✔ 正式Controller：schema映射→事务下游→最终输出，不读取聊天历史 (184.0259ms)
✔ 新输入先持久屏障，旧执行排空后换代，只使用最新输入 (787.2643ms)
✔ 取消先记cancelling，真实函数未退出不显示cancelled、不启动下游 (750.6565ms)
✔ 无效输出不能让下游获得执行租约 (690.3045ms)
▶ 产出和后继纯映射错误统一持久交接，保留有效产物且下游不执行
  ✔ date (754.7498ms)
  ✔ map (824.153ms)
  ✔ undefined (814.8783ms)
  ✔ mapper (825.8712ms)
  ✔ next-schema (807.0707ms)
✔ 产出和后继纯映射错误统一持久交接，保留有效产物且下游不执行 (4029.6189ms)
✔ 结果落盘响应未知时读取原提交继续，不写失败或重做已完成节点 (882.6573ms)
✔ 工件磁盘写失败不伪造契约失败，不派发下游 (811.8425ms)
✔ 冻结待启动阶段在重启升级后按原摘要运行，合同也随摘要固定 (1663.2708ms)
✔ 失败结果在Owner唤醒前重启仍可读取，重复观察不重复事件或业务执行 (1625.6451ms)
✔ 工件坏字节拒绝读取；正常读不会悄悄修复内容 (714.8657ms)
✔ 工件读取期间stop已持久接纳，释放读取后不得再进入executor (712.459ms)
✔ 同一内容并发落盘只能公开完整工件 (752.6955ms)
✔ 重启恢复优先处理已持久input屏障 (1469.1246ms)
✔ 重启恢复优先处理已持久stop屏障 (1423.2255ms)
✔ 省略runId时重试同一创建命令沿用确定身份 (730.5943ms)
✔ 持久ready节点重启恢复：尚未首次claim (1469.7339ms)
✔ 持久ready节点重启恢复：前节点已提交 (1394.057ms)
✔ 大量合法长inputId分批应用，不超过RPC上限且只运行最后输入 (1946.9489ms)
✔ 外部检查未排空跨Store重启保留屏障，真实存活父子进程不能被recover误放行 (2012.508ms)
✔ 原生工具缺失路径为结构化结果，不停止queued读取；模型list纠正后能提交 (129.889ms)
✔ 原生工具安全门禁及普通异常仍停止会话和queued读取，不白名单泛化错误 (160.0663ms)
✔ 原生读取超限提示后可在同会话缩小分页并提交 (33.3441ms)
✔ 工程只读工具在原生节点会话中可用并绑定当前运行身份 (28.3436ms)
✔ 固定reasoningEffort透传到原生Provider请求 (25.0205ms)
✔ 正式适配器：两次读取同Session，先持久绑定，提交结果排空后仅回调业务output (173.7361ms)
✔ 无提交和输出schema失败均结束attempt，不反复调用模型 (188.3857ms)
✔ 受信工具参数与提交格式可在原会话修正，失败调用不进入工具体 (64.3074ms)
✔ 连续格式错误耗尽原步数预算，不重置额度或无限续行 (30.0099ms)
✔ 参数修正不能覆盖后置权限拒绝，也不能改写已接纳提交 (48.8981ms)
✔ restrict隐藏继承写工具，单调guard拒绝scope-local写和恶意调用 (71.5198ms)
✔ 首step与submit前检查当前租约；过期状态不交付业务output (57.8858ms)
✔ bound Session缺失或既有Session身份未知不得新建/认领 (44.9532ms)
✔ create后bind失败：持久身份可恢复，须递增lease；同身份错digest仍拒绝 (101.1148ms)
✔ R1输入失效后新generation新Session实际请求不含旧规则或历史 (47.7768ms)
✔ 真实post-execute未结束不回调；取消和close等待工具退出，期间不能创建替身 (235.2524ms)
✔ 实际JSONL跨OS进程恢复正式模块：原日志前缀不变，lease增加，旧工具结果进入新请求 (924.8229ms)
✔ 重复合法工具读取受maxSteps约束；timeout取消后仍须等真实工具排空 (3119.9734ms)
✔ 定义仅快照执行字段；排空持久化失败明确标记未证明排空并保留占位 (130.9065ms)
✔ 未知所有者的真实原生句柄拒绝标记未排空，cancel与恢复检查不得取消或认领它 (100.0905ms)
✔ 消息原生会话：查询纠正、提交和跨Host补充恢复，无虚假任务身份 (325.2811ms)
✔ 受信工具安全失败中止queued调用 (122.3213ms)
✔ 消息原生恢复保持step预算；不能借新lease或新预算重置 (224.1364ms)
✔ 消息取消会排空受信工具并拒绝迟到产出，工具不能软化取消 (100.7191ms)
✔ 消息恢复累计timeout，完成后的等待时间不占执行预算 (2425.9061ms)
✔ 消息续接不能重置已消耗timeout (2149.8393ms)
✔ 显式调查节点同Session补充：Host历史逐项匹配，任务身份及代际不变 (295.3468ms)
✔ 普通工程session不能借添加补充合同更改digest，调查不能删除合同或跳过历史版本 (281.1095ms)
✔ 调查补充不会重置原生step预算 (171.3176ms)
✔ Host输出语义校验可纠正错误在conclude前反馈，修正才接纳且不泄露路径 (119.1297ms)
✔ Host输出校验默认fatal，校验期间失效的lease不可软化 (224.21ms)
✔ 新原生会话使用Host工作区meta，模型input不能覆盖；恢复保持原metadata (274.1889ms)
✔ 同消息不同unit原生并行且取消只排空目标unit (222.6776ms)
✔ 工作流只读状态与异步任务视图保留新节点真实完成状态 (75.9923ms)
✔ 工程仓库重发仅接受本机同源严格参数并返回受管结果 (25.9103ms)
✔ 群收发信箱合并新工作流持久消息与通知，按 ID 去重且保留旧群记录 (7.7877ms)
✔ 新工作流话题进入列表与详情，跨群详情不可读 (22.153ms)
✔ 本机澄清回答拒绝body伪造actor与外站Origin，只传固定路径身份 (17.0495ms)
✔ 通知操作仅本机逐条预检和按路径执行，拒绝额外对象字段 (84.2947ms)
✔ 通知恢复仅使用路径身份，受阻或过期意图返回冲突 (5.9959ms)
✔ 生产HTTP开放只读状态与明确的本机群配置接口，测试控制面仍关闭 (274.0094ms)
✔ 活动审计历史缺源计入单独状态但不误报当前健康故障 (7.0462ms)
✔ 显式testApiEnabled才开放测试写入口 (3.4127ms)
✔ 报告查询与显式恢复只采用路径身份，缺失返回404、不可恢复状态409 (70.3886ms)
✔ Host 原操作恢复固定路径身份且要求对账，模型字段不能覆盖作用域 (49.4553ms)
✔ context支持同源影响证据，create/reopen拒绝这些字段 (31.5358ms)
✔ Web Task 入口强制稳定请求与执行版本且拒绝伪造来源和Session (107.9588ms)
✔ 移除群遇到Topic引用或未完成决策返回409而非普通参数错误 (10.9197ms)
✔ Web输入版本与幂等身份冲突返回409，可靠接收尚未完成返回202 (19.3825ms)
✔ Topic 查询有界分页且群摘要不泄漏内部决策、归类和预约记录 (128.6531ms)
✔ 本机Web的127.0.0.1与localhost来源均可读取resident，其他来源不开放CORS (30.171ms)
✔ DWS健康状态以实际 bridge 存活和补拉状态为准 (14.2392ms)
✔ 上下文只读 HTTP 路径完整传递分页与版本参数 (46.2595ms)
✔ 当前任务详情与正文过期版本返回409，文档也不能绕过版本校验 (14.9106ms)
✔ 上下文只读 HTTP 对未启用接口和不存在资源返回404 (91.9912ms)
✔ 节点文档下载沿用工件引用授权并以Markdown附件返回 (3.4251ms)
✔ 新版任务归档HTTP仅接受空对象并转交正式工作流，不走旧版归档 (81.4405ms)
✔ Web 新任务验收入参接受 16/17/32 条并拒绝超限、空白、超长和非法类型 (122.2554ms)
✔ v5 冻结定义保留历史 digest，新运行 v6 维持原预算 (8.3069ms)
✔ 调查阶段交付逐条说明整体要求的不足，后续编码未执行不阻塞阶段成功 (3.2681ms)
✔ Owner不能把调查明确不足改成已满足，必须引用随后阶段的有效产物 (9.752ms)
✔ 领域结果拒绝错型、缺失及重复验收项、虚构证据及无引用事实 (4.6146ms)
✔ 旧来源校验仅接收基础字段，权限错误不被领域校验覆盖 (0.7392ms)
✔ 调查输入保留 Host handoff、材料按 ID 去重且拒绝冲突 (0.9603ms)
✔ 修订后的真实 hash 验收 ID 冻结交接，拒绝按序号冒充及容量截断 (1.541ms)
✔ 混合领域只核验实际承担条目，无关写入拒绝且有效保存不必再次证明调查 (3.1801ms)
✔ 验收回执仅跟随实际已验决定，序列化伪造、产物/运行/计划/决定变化均失效 (3.7231ms)
✔ 历史通用阶段无承担条目时只核验效果，承担条目时仍执行当前领域门禁 (1.5529ms)
✔ 旧新平台效果都不能作为生产修复的逐项接纳，当前域判据必须通过 (1.1321ms)
✔ 验收输入身份不能被产物同名字段覆盖，跨项引用不能借总证据集合混入 (0.2022ms)
✔ 正式清单绑定冻结产物身份及验收，计划成功不能代替逐项评估 (41.6214ms)
✔ 缺字段、未成功阶段和旧需求清单不可完成，串换Run或代际直接拒绝 (134.3081ms)
✔ 必交文件由受管字节独立核验，缺失、旧版本、错误生产者和摘要损坏不得通过 (138.2647ms)
✔ 外发声明必须取得独立送达核验，文件生成不能替代送达 (65.0492ms)
✔ 文件验证回调缺失、false或篡改结果均不能授予完成 (27.8705ms)
✔ 受信文件读取只接受双重授权路径，独立回读能发现修改和链接逃逸 (23.2256ms)
✔ 通用效果阶段只接受授权写能力，读取能力必须留在Agent会话内 (1.6228ms)
✔ Task Markdown 文件仅落在 Host 根目录，回读核验原字节且冲突不覆盖 (25.5007ms)
✔ Task Markdown 写入经过效果账，重启对账不重放写入 (398.6638ms)
✔ 无写能力配置仍可启动但不能执行任何能力 (0.3992ms)
✔ 显式v4保持原定义摘要，v5可恢复且新运行使用v6验收策略 (2.9362ms)
✔ 新产物阶段派发artifact效果并容纳64KiB控制字符JSON膨胀 (98.465ms)
✔ v5保留Markdown请求限额与file效果，拒绝prepared跨action (0.8028ms)
✔ 领域判断原生零工具流按项保留证据与顺序，禁止把产物回执视为业务证明 (8.2313ms)
▶ 领域判断拒绝工具、未完成、非法JSON、额外字段、错项和错证据
  ✔ 工具增量 (1.947ms)
  ✔ 工具开始 (1.8634ms)
  ✔ 工具结束 (1.0062ms)
  ✔ 无结束 (0.9052ms)
  ✔ 长度终止 (0.8847ms)
  ✔ 非正常结束后伪造stop (0.8084ms)
  ✔ 非法JSON (0.7487ms)
  ✔ 额外字段 (1.5071ms)
  ✔ 错项顺序 (0.9584ms)
  ✔ 跨项引用 (0.8462ms)
  ✔ 缺少证据 (0.9762ms)
  ✔ 满足但子项失败 (2.6475ms)
✔ 领域判断拒绝工具、未完成、非法JSON、额外字段、错项和错证据 (16.4294ms)
✔ 领域判断UTF8信封和输出硬预算不截断，不配置模型不调用流 (2.9664ms)
✔ 领域判断超时中止原生流与模型配置等待并返回未验证 (31.047ms)
✔ 受理回执先unknown，原消息字节核验后成功，恢复绝不再次发送 (2.8019ms)
✔ 无ACK、错群、内容不匹配或授权撤销均unknown且零重发 (1.3976ms)
✔ 冻结准备拒绝跨profile、篡改group和旧需求文件 (0.5467ms)
✔ 固定三节点通过逐件效果与验收收口，未确认项阻止后续发送 (1.997ms)
✔ 文件投递历史 v1 与新 v2 分别冻结，业务验收变更不改旧效果定义 (4.244ms)
✔ 正式 Host 重启保留待执行文件投递 v1 的冻结定义，当前目录使用 v2 (374.3853ms)
✔ 真实Controller/Store三文件工作流逐件持久化并核验收口 (848.0504ms)
✔ Owner允许读取清单快照，最终完成清单独立持久化且重启后可查询 (412.1835ms)
▶ 需求或计划版本变化使旧完成清单失效
  ✔ requirement_revision (268.3721ms)
  ✔ plan_revision (266.9674ms)
✔ 需求或计划版本变化使旧完成清单失效 (535.8771ms)
✔ 非完成决定不会存正式清单，不完整或旧版本清单不能接纳完成 (2907.1142ms)
✔ 历史成功阶段观察沿用旧事件身份，不唤醒已完成Owner (244.4279ms)
✔ 原生维护恢复仅处理重复观察，重启保留原complete及错误回合与事件 (391.5826ms)
✔ 完成观察恢复拒绝新业务事件 (342.4426ms)
✔ 完成观察恢复拒绝不同产出 (367.972ms)
✔ 完成观察恢复拒绝权限变化 (393.3553ms)
✔ 完成观察恢复拒绝要求变化 (393.0723ms)
✔ 完成观察恢复拒绝计划变化 (369.0142ms)
✔ 完成观察恢复拒绝新业务执行 (551.4215ms)
✔ 完成观察恢复拒绝节点未排空 (1680.7827ms)
✔ 完成观察恢复拒绝阶段未成功 (1620.6159ms)
✔ 完成观察恢复拒绝原完成证明未应用 (1684.2021ms)
✔ 完成观察恢复拒绝完成后接纳业务决定 (1668.1197ms)
✔ 完成观察恢复拒绝不确定外部效果 (1565.2422ms)
✔ 同一个业务 Task 的原生 Owner 会话跨唤醒复用并持久记录候选 (181.1894ms)
✔ 原生Owner会话必须读取积压事件页后才能提交候选 (48.9901ms)
✔ Owner 仅能读取当前 Task 已成功阶段的产物正文 (40.983ms)
✔ 已绑定的负责人会话缺失时拒绝另建会话 (5.9805ms)
✔ 会话存储读故障原样阻断，不能伪装为可重建的缺失 (0.3056ms)
✔ Owner新增能力阶段只接纳已登记写能力，调查读取不能逐次编排 (86.1646ms)
✔ 原生Owner公开摘要含内部编号时工具反馈要求改写，记录仍保留绑定 (84.8259ms)
✔ 迁移后的空要求 Task 可绑定原目标且不改写计划版本 (2.7335ms)
✔ 同一任务连续事件复用稳定会话，eventKey 重放不会多次处理 (4.7891ms)
✔ 非完成候选不得提交正式清单引用 (1.6706ms)
✔ 新事件和版本变化使旧候选失效，旧租约不能提交 (2.2309ms)
✔ 重启恢复使运行中候选失效并重新排队，不丢事件 (1.8965ms)
✔ 已接纳决定在应用回执前持续可查，重启后重放并幂等确认 (2.0268ms)
✔ complete 仅接纳当前计划全部阶段具有产物与证据的成功状态 (2.0117ms)
✔ 目标验收项必须逐项绑定真实阶段证据，新增目标使旧完成声明失效 (1.624ms)
✔ 负责人连续三次无有效提交后可见阻塞，新输入重新开放而不重建Task (2.0123ms)
✔ 接纳后应用前收到新意图会丢弃旧决定并保留新事件 (2.6375ms)
✔ 只有已绑定会话被确认缺失后才能换代，原任务和事件仍在 (1.8518ms)
✔ 已接纳动作应用连续失败有界阻塞，不在恢复循环中无限重试 (1.8556ms)
✔ 已完成排查收到同任务新意图后可追加开发，重启保留待应用决定 (1.5819ms)
✔ 已完成计划缺少追加阶段或新意图时拒绝再次 advance (2.5204ms)
✔ 取消或暂停不再调度 Owner，恢复后保留未读事件 (4.8785ms)
✔ Owner 执行途中取消，释放后不累计失败或再次唤醒 (1.4751ms)
✔ 新接纳验收合同在消息入口与 Owner 一致，16/17/32 成功且非法字段拒绝 (27.6277ms)
✔ 历史 Owner 验收记录读取不套用新接纳数量或长度限制 (1.7481ms)
✔ Owner 累计验收第33项拒绝且零写，历史超限仍允许已有项幂等回读 (7.6533ms)
✔ 生产与重建旧定义摘要仍可恢复，新定义使用稳定换行摘要 (13.9352ms)
✔ uat-deployment: 固定节点按顺序交付，真实回读后才完成 (403.4916ms)
✔ production-release: 固定节点按顺序交付，真实回读后才完成 (604.6663ms)
✔ uat-rebuild: 固定节点按顺序交付，真实回读后才完成 (385.3862ms)
✔ 无 Host adapter 拒绝注册；生产业务放行由真人审批门禁决定 (333.0301ms)
✔ 生产 Run 必须冻结本次精确 Tag，UAT 不接收生产 Tag (0.6427ms)
✔ UAT 运行源码与冻结版本不一致时停留在回读节点，不声明交付 (295.446ms)
✔ 生产每个外部动作均重新由交付网关按精确范围授权 (362.3223ms)
✔ 生产流程经真实效果账等待 Web 审批，批准后同一精确动作只发送一次 (934.2905ms)
✔ 交接绑定当前计划、Run、digest、generation与必交字段 (2.1887ms)
✔ 领域准备前后都核验材料角色、容量，并以冻结输入Schema拒绝错型 (1.3ms)
✔ 后阶段准备获得真实交接和冻结历史定义版本 (0.2542ms)
✔ 工程消费者仅接受声明的调查类型和版本，未知交接在领域准备前拒绝 (0.6266ms)
✔ 消费者声明拒绝空版本和重复条目 (0.2277ms)
✔ 目录由当前权威结果合同派生，历史冻结交接仍使用生产时版本 (0.3635ms)
✔ 正式 Host 重启恢复 v5 成功前序：后续待确认 (435.6235ms)
✔ 正式 Host 重启恢复 v5 成功前序：阶段全成功但 Owner 未完成 (501.1786ms)
✔ 产物声明拒绝未知字段和重复必交字段，声明变化进入 workflow digest (1.7722ms)
✔ 只读调查范围说明不阻塞完成，未知来源和未满足验收仍被拒绝 (221.057ms)
✔ 第三个纯代码流程只通过合同扩展读产物和验收，旧计划仍使用冻结合同 (190.1076ms)
✔ 未绑定合同的旧定义保留产出读取，但完成和修复不得套用当前合同 (192.6997ms)
✔ 保留写效果流程冻结验收身份，不再导出旧只读执行工厂 (1.4403ms)
✔ 平台技术效果不能冒充业务验收，领域条目须独立核验且缺校验器拒绝 (0.4106ms)
✔ 公共修复屏障不依赖领域合同自律，不确定效果、暂停、待处理输入与未排空均不得准备修复 (0.7492ms)
✔ 通用能力合同仍按同一产物摘要与完整验收条件检查目标 (0.5178ms)
✔ 第三种流程经真实 Controller/Store 修复，同一合同准备票据不可伪造或修改，未知效果阻断 (2368.7861ms)
✔ 正式 Host 继续恢复外部旧/新定义，待执行阶段不套最新合同 (2490.3089ms)
✔ v13冻结目标树并强制冲突在范围内、被实际读取和纳入修改 (9.5326ms)
✔ v12 工作目录产出区分已有开发分支与提测目标 (5.0299ms)
✔ 新工程节点保存起点、目录回执和方案文档，缺失覆盖的方案不得进入修改 (2.5753ms)
✔ 检查报告解释真实命令，跳过测试不可被显示为测试通过 (0.7087ms)
✔ 工程读取节点可交接超过旧 48KB 限额的完整文件材料 (4297.4001ms)
✔ 固定工程流程实跑：受管clone→结构化修改→冻结验证 (17761.0664ms)
✔ 固定工程流程实跑：受管clone→结构化修改→冻结验证→commit/push→PR独立回读 (32451.9054ms)
✔ 提交准备只复用进程内可信票据；全新Node进程忽略持久JSON并重新实跑检查 (13476.841ms)
✔ 失败工程检查以有界工件保留完整日志，节点仍waiting且下游不执行 (5801.976ms)
✔ 业务验收独立于构建，缺用例或实际结果不匹配时阻止提交，重建后不信任旧票据 (20168.3249ms)
✔ v14真实controller按需检索依次进入方案和应用，v13冻结合同不改 (30111.0107ms)
✔ v15无需修改保留源码并重新检查；缺读取、冲突、工作树漂移均阻断，v14仍拒绝空方案 (32758.3665ms)
✔ Topic 固定版本投影在摘要缺失时仍是无损 JSON (1.7804ms)
✔ Topic 工具统一返回 lossless JSON (19.8119ms)
✔ 工具参数错误返回精简字段问题且不产生副作用 (4.7399ms)
✔ 联合分支错误返回具体多余字段和动作路径，不只返回 Invalid input (4.7326ms)
✔ 归类期间消息版本变化返回刷新后的当前请求 (2.5151ms)
✔ Topic 决策信封受字符预算约束，缺失增量读完后才可提交 (462.6978ms)
✔ 超长直接引用保持当前事项可见，引用续读前拒绝决策 (21.6976ms)
✔ 长历史不进入新决策首屏，路由回执保持精简 (142.182ms)
✔ 同消息多事项的引用与原始点名只发送一次 (5.4163ms)
✔ 压缩移除已见决策正文后需重新取得必要增量 (4.0922ms)
✔ 超长单消息必须按连续文本片段读完后才允许决策 (15.7795ms)
✔ 归类协议区分 Topic 归属与历史资料查询 (1.4318ms)
✔ 消息仅在全部关联 Topic 完成后收口为已投递 (3.3545ms)
✔ 明确无需进入 Topic 的消息在归类完成后直接收口 (1.0954ms)
✔ 归类 exact batch 零副作用拒绝漏项，新增消息进入下一批 (2.2908ms)
✔ A/B 独立提交不要求覆盖其他 Topic，先完成 B 不消费 A (4.0158ms)
✔ 超长消息路由必须按冻结原文坐标连续读完，未读完不能原子接受 (13.9771ms)
✔ #1066 单消息拆成三个事项，各自建 Task 且已完成事项不等待兄弟事项反馈 (24.5864ms)
✔ 同消息复核不能改 unitKey 重授执行权，显式拆分保留旧固定版本 (5.4866ms)
✔ 未知输入返回 routing-required，归到 B 后原 A 草稿自动重验提交 (22.3574ms)
✔ 待归类输入不阻止已准备的其他 Topic 决策进入公平队列 (5.6405ms)
✔ 待路由的新建任务草稿遇同话题撤销时失效，不能自动补建 (5.0878ms)
✔ 路由等待期间回复候选变化，缓存草稿仍须重新审阅 (6.4507ms)
✔ 异步决策预处理期间来了新消息，原请求仍仅派发一次且提交受保护 (3.9106ms)
✔ 新消息等待归类时决策协议提醒不消耗重试次数 (4.1424ms)
✔ 同 Topic 新增输入使旧决策失效且新依据必须覆盖本次增量 (6.8967ms)
✔ Topic 关联不能替代原消息授权，明确给他人的请求不得擅自接单 (2.958ms)
▶ 事项正文剥离称呼后仍按原始消息核验任务授权及其他人定向
  ✔ agent (2.8964ms)
  ✔ colleague (1.5648ms)
✔ 事项正文剥离称呼后仍按原始消息核验任务授权及其他人定向 (4.8197ms)
▶ 同一消息拆分后的任务授权按事项就近点名判断
  ✔ other-b (1.9261ms)
  ✔ shared-agent (2.7831ms)
  ✔ other-after-agent (3.4894ms)
  ✔ agent-after-other (3.9742ms)
  ✔ other-despite-agent-in-decision (1.7895ms)
✔ 同一消息拆分后的任务授权按事项就近点名判断 (14.6814ms)
✔ 其他人的称呼被归类为 ignoredRefs 后仍禁止接走其事项 (1.9292ms)
✔ 引用消息正文不能作为当前消息的 contextRefs (2.7203ms)
✔ 引用消息中的 Agent 点名不授权当前未点名事项 (1.4412ms)
✔ 已建 Task 后故障，重启恢复只保留一个 Task 与 Outbox (6.1527ms)
✔ 同revision拒绝后新请求跨重启稳定，共享消息不转授权且已发回复不重放 (11.4068ms)
✔ 审阅工具同源契约通过真实 DSH 校验，并按请求种类限制字段 (5.1599ms)
✔ Host 审阅拒绝跨种类决策及原生投影未执行的空文本约束 (7.1538ms)
✔ 内部审阅按请求绑定 Task 版本，拒绝错种类和版本变更 (2.7106ms)
✔ 完成审阅一次提交通知草稿，Task 落盘后才写入 Outbox (10.8979ms)
✔ 完成审阅后新增历史候选使通知草稿失效 (3.4666ms)
✔ 完成审阅只内联受限的近期 Topic 消息 (117.2839ms)
✔ 内部检查点必须结构化确认，不能携带相互矛盾的 guidance (6.9695ms)
✔ 话题上下文剩余预算连一个字符也装不下时保留已装入消息 (0.4272ms)
✔ 单条超长消息保持 12k 硬预算并可完整续读 (28.9147ms)
✔ 超长目标及审阅结果分页保留原文，越序读取不能绕过完整读取门禁 (21.7354ms)
✔ 无专用流程时审阅者仍可见目录和选择依据并读取未选候选 (4.2179ms)
✔ 审阅读取后已选或未选候选改版、禁用、删除都使旧请求失效，无关配置不影响 (23.7587ms)
✔ 多流程组合一次批量读取，后续检查点会使原审阅失效 (8.5417ms)
✔ 诊断检查点可在旧流程删除后不读取流程获得协调意见 (9.7596ms)
✔ 通知回退同样限制整体预算并须读完超长目标结果后才允许入队 (15.3464ms)
✔ 协调方使指定 Task 审阅失效后拒绝迟到结果 (4.1991ms)
✔ Topic 按需搜索分页及固定版本读回，跨群与越界拒绝 (2.2973ms)
✔ 历史 Topic 先根据引用消息补 summary，再据此重生成 title (4.3539ms)
✔ Task 通知要求真实 Topic 引用及参与人，并拒绝旧 Task 输入 (7.5098ms)
✔ 同Topic新版本替代内存请求时持久协调账同步落superseded终态 (3.5635ms)
✔ 普通Task通知与完成通知一致：引用消息时省略at默认关联发送人 (2.8105ms)
✔ 审阅后历史候选变化必须重新读取，不能用旧快照发新回复 (1.5107ms)
✔ 无关 B 的新历史回复不使 A 的候选审阅失效 (1.8095ms)
✔ 决策进入 Store 队列后候选变化仍在原子提交点拦截 (1.6113ms)
✔ Task 通知在 Outbox 落盘前再次核对输入版本 (2.9199ms)
✔ Task 通知读取最新相关候选后可提交，重试不产生第二条 Outbox (4.0365ms)
✔ 未知回复请求不可用且不产生 Outbox (0.872ms)
✔ 本地已知瞬时错误最多三次，跨重启保存预算并保持冲突保留 (4.8458ms)
✔ 未知错误停住，普通消息重试不解锁；显式原操作对账恢复 (4.5886ms)
✔ 取消控制可越过已阻塞保留，普通上下文和进行中保留仍拒绝 (3.4897ms)
✔ 部分成功时不能用已应用动作或Outbox的对账解锁另一未知操作 (4.3259ms)
✔ 已接受决策已落盘后到期对账完成，不重复执行动作 (14.5627ms)
✔ 共享消息只有主 Topic 能创建 Task 或确认，其他 Topic 可独立实质回答 (4.3092ms)
✔ 非空回复必须声明 kind，不能用省略审阅绕过共享确认门禁 (1.5944ms)
✔ 改归属后空 Topic 可以用 removedMessageIds 静默完成，但不能创建任务 (3.2755ms)
✔ 明确给他人的补充或取消同样不能改变已有 Task，引用转交后才可执行 (9.0577ms)
✔ 显式归属复核冻结已处理消息，修订后原 Task 仍可读取旧 Topic 版本 (5.1142ms)
✔ 精确消息重试清除失败等待且不重放已完成动作 (2.6762ms)
✔ 嵌套暂停需全部释放且 release 幂等，关闭后拒绝所有工具新意图 (1.0663ms)
✔ 归类快照只携带当前事实，失败决策按需查询可见精简进度 (2.7816ms)
✔ 动作必须先有确认且可靠 Outbox 拒绝时零 Task 副作用 (7.7518ms)
✔ 模型停稳后仅有限次提醒，同一归类请求仍可提交 (12.688ms)
✔ 材料清单从当前surface分页形成，跨请求与压缩摘要不冒充正文 (7.1228ms)
✔ 审阅先落Task执行事件，重启同报告换提交时间仍恢复原response且不再次注入 (5.155ms)
✔ 审阅持久化失败不得resolve，重提相同判断后只保存一份 (3.2739ms)
✔ 耗尽审阅不自动reset，显式reset只清账与旧Promise不创建新审阅 (4.7466ms)
✔ 完成审阅重启恢复时重建preparedNotification，保持原审批且不新增模型请求 (4.9191ms)
✔ 审阅身份忽略提交时间，但流程引用、最后检查点和Topic修订变化会换身份 (3.4349ms)
✔ 原生 surface 流程正文与连续页跨请求复用，压缩后历史日志不能冒充可见 (2.0342ms)
✔ 审阅复用当前流程正文，压缩或禁用后重新门禁而不是沿用已读标记 (5.6204ms)
✔ 稳定请求跨重启识别已消费消息，原文可见时恢复只发送短提醒 (9.3953ms)
✔ 协议提醒到上限后持久停住，新增输入仍能形成新请求 (35.6915ms)
✔ 只读快路径共享决策门禁，成功时不向常驻再注入请求 (3.2673ms)
✔ 只读快路径拒绝动作和候选变化，Task事实在真实提交临界点变更时零Outbox (2.2507ms)
✔ 原生 Inbox 仍停放原请求时，恢复提醒不会再排入第二份正文 (9.0497ms)
✔ 显式恢复递增持久epoch，不会被此前已消费提醒身份吞掉 (35.4708ms)
✔ 同请求材料只保留一份正文，跨请求或内容变化不复用 (0.3875ms)
✔ 结构校验一次返回全部引用歧义及字段位置，整批零副作用 (1.8233ms)
✔ 紧凑目录连续分页无漏项，引用同消息全部旧事项保留摘要 (294.4372ms)
✔ 路由关联摘要包含引用命中Task的其他固定Topic，不只保留被引用单项 (3.1303ms)
✔ 决策一次报告独立动作的版本和归属问题，不写Task或Outbox (3.0174ms)
✔ 决策首包提供固定流程索引、合法 section 与批量正文读取，并拒绝跨请求 (3.1822ms)
✔ 超长流程索引通过声明的 promptIndex 分页完整读取且保持决策首包预算 (4.3633ms)
▶ 读取流程后更新或禁用，new-task 提交拒绝旧版本且不写 Task 或 Outbox
  ✔ revision (2.6351ms)
  ✔ disabled (1.8919ms)
✔ 读取流程后更新或禁用，new-task 提交拒绝旧版本且不写 Task 或 Outbox (4.8868ms)
✔ 无动作且从未入 Outbox 的 blocked 决策可并发安全重判，保留失败证据与原输入 (4.4327ms)
✔ 重判与旧 not-applied 恢复并发时旧恢复 CAS 不得复活已拒绝草稿 (3.3619ms)
✔ 纯闲聊完整归类收口但不新建话题或触发业务决策 (1.7116ms)
✔ 混合消息只为具体事项建话题，闲聊片段保留在忽略范围 (3.4307ms)
✔ 启动材料引用由Host列举，查询资源和其他事项引用不能进入材料等待 (1.5814ms)
✔ answer objective进入消息Agent并持久产出、零Task，补读及重启不重执行或重发 (279.8185ms)
✔ 慢查询不堵塞其他消息判断和独立Agent执行 (322.1805ms)
✔ 错误查询资源引用在意图落账前纠正，不生成材料等待或重复执行 (285.6327ms)
✔ 异步问答完成即派发后继，不依赖再次process或恢复轮询 (319.6772ms)
✔ 同话题后续问题读取既有话题，但创建独立消息会话和发送者范围 (300.2694ms)
✔ 需要补充创建message request，授权答复沿用会话递增输入版本 (287.0399ms)
✔ 新目录统一调查入口，旧材料流程不再可选 (157.2982ms)
✔ 能力受阻如实结束为blocked，伪造工具证据不能成为回答 (479.0765ms)
✔ 通知发送未知后重启只补读原通知，不重复Agent执行与外发 (316.5025ms)
✔ 已排队旧answer.text明确拒绝，不由新Agent猜测旧合同 (672.9995ms)
✔ 消息trace只返回Agent摘要、耗时和绑定会话，长产出按需分页且不允许跨消息工件 (1038.693ms)
✔ Agent资源权限独立于发送者，各发送者使用相同职责范围 (1059.0437ms)
✔ 重执行复用受信开发分支最新提交并冻结远端，保留源检出与历史定义 (26676.4119ms)
✔ 工程交付证明复用同一 Run 工件并要求显式业务 E2E 检查 (32.4708ms)
✔ 已终结工程 Run 的旧定义不参与启动恢复 (1.1004ms)
✔ 工程空方案重发保留原任务并冻结新仓库定义 (38100.9754ms)
✔ 工程registry按Task冻结配置，重启重建同digest，模型变化不改历史，owner/目录/argv不由消息提升 (8326.2229ms)
✔ 工程交付后补充：固定分支祖先条件续写、PR原位修订且新代读取旧代结果 (147861.7126ms)
✔ 九个 UAT 环境精确映射固定分支，缺失和其他名称不能猜测 (0.9606ms)
✔ v11 缺本地验收配置时真实 controller 阻塞且不准备工作区 (933.9017ms)
✔ v11 输入映射、候选绑定和失败验收不能进入提交；v10 工厂摘要保持稳定 (35.9117ms)
✔ 本地验收经 delivery 对共享 UAT 加锁，另一个 Run 在首个排空前零发送 (904.7924ms)
✔ 远端引用只读重试：超时后成功，命令身份与15秒边界保持 (3.202ms)
✔ 远端引用只读重试耗尽明确暂态 {"code":null,"killed":true,"signal":"SIGTERM"} (1.2792ms)
✔ 远端引用只读重试耗尽明确暂态 {"code":"ECONNRESET"} (0.5242ms)
✔ 远端引用只读重试耗尽明确暂态 {"code":"EAI_AGAIN"} (0.5702ms)
✔ 远端引用只读重试耗尽明确暂态 {"code":128,"stderr":"fatal: TLS handshake timeout secret-token"} (1.8257ms)
✔ 远端引用只读重试耗尽明确暂态 {"code":128,"stderr":"fatal: The requested URL returned error: 503 secret-token"} (1.0212ms)
✔ 远端引用确定性失败不重试 {"code":128,"stderr":"Authentication failed secret-token"} (1.0489ms)
✔ 远端引用确定性失败不重试 {"code":128,"stderr":"Permission denied (publickey)."} (0.471ms)
✔ 远端引用确定性失败不重试 {"code":128,"stderr":"repository not found"} (0.4487ms)
✔ 远端引用确定性失败不重试 {"code":128,"stderr":"The requested URL returned error: 403"} (0.3969ms)
✔ 远端引用确定性失败不重试 {"code":128,"stderr":"SSL certificate problem: unable to get local issuer certificate"} (0.4649ms)
✔ 远端引用确定性失败不重试 {"code":"ENOENT"} (0.3839ms)
✔ 远端引用确定性失败不重试 {"code":128,"stderr":"unknown failure"} (0.4469ms)
✔ 远端引用确定性失败不重试 {"code":"ETIMEDOUT","stderr":"Authentication failed"} (0.5142ms)
✔ 远端引用分支不存在不重试，写命令不进入读取器 (1.5449ms)
✔ 仅原文明确群发授权可绑定文件，禁止否定授权和路径 (2.7763ms)
✔ 真实消息与Owner业务交付闭环：write (1042.291ms)
✔ 真实消息与Owner业务交付闭环：omitted (623.2333ms)
✔ 真实消息与Owner业务交付闭环：import (1828.2877ms)
✔ 真实产物写步骤输出经过发送三节点后满足服务完成门禁 (330.6499ms)
✔ 单Task恢复失败和正在执行Task不能阻止其它恢复与通知扫描 (8.1209ms)
✔ 大量unknown通知不能挤掉新prepared；对账游标可到下一页 (869.8675ms)
✔ 旧活动Task不会被超过200条新终态任务挤出恢复索引 (932.0641ms)
✔ 维护HTTP仅受信本机身份可改，严格参数、幂等与过期许可均校验 (421.3774ms)
✔ 完成观察维护HTTP复用原生完成证明，拒绝跨源和伪造身份并校验CAS (447.1422ms)
✔ service真实恢复入口不重派确定性错误，只有明确暂态可有限重试 (11591.7489ms)
✔ 预算续行真实HTTP与Controller保留54次消耗、验收一次、旧失败领取及阶段门禁 (5886.6785ms)
✔ 默认日常能力按当前原文生成 Markdown，并拒绝把排查目标当整理完成 (3.8356ms)
✔ 平台附件只读能力绑定当前 Task 消息、附件 ID 与来源版本，并独立二次回读 (2.2087ms)
✔ 平台附件变更、跨群回读和二次内容漂移均不能成为通用任务证据 (1.2609ms)
✔ 短指代消息优先呈现紧邻来源的话题，显式引用仍优先 (29.2089ms)
✔ 明确交办与问题报告分开准入 (4.5501ms)
✔ 群回复署名只取唯一明确职责，不默认身份，不重复或注入内部信息 (6.801ms)
✔ 状态问句支持任意配置名称及别名，改名和清空后不保留旧身份捷径 (1536.3487ms)
✔ 内置进展查询限制本群与八项候选，流程结果可审计 (3.149ms)
✔ 渠道回读归一化空白及已观察inline-code样式，正文差异仍阻止送达 (1.9779ms)
✔ DWS 发送 ACK 的实际 result.openTaskId 可用于独立回读 (0.4619ms)
✔ 群职责指定的日常代答署名在通知准备时固化且不会重复附加 (0.5232ms)
✔ 群职责贯穿即时进展查询的持久通知正文与引用来源 (939.499ms)
✔ 群职责调整后已送达通知保留原正文，新通知仍可继续发送 (1097.4738ms)
✔ 工作流通知引用来源消息，缺来源才发送普通群消息 (0.9736ms)
✔ 正式 Web 重执行新建独立任务，持久幂等、原任务不变、恢复只留 Web 且拒绝越权阶段 (11275.4859ms)
✔ I 只能提交目标：Task 与 Owner 原子接纳，Owner 未建计划前没有业务 Run (935.788ms)
✔ 真实同库消息接纳→固定Task执行→看板结果；重复入站不重复创建 (1194.8862ms)
✔ 没有 Owner 的已成功问答计划显示完成，结果中的未知不制造等待；确认阶段仍等待 (948.2279ms)
✔ 混合调查与写入通过真实服务Owner门禁：无关备忘录不能证明生产修复 (1449.4863ms)
✔ 混合调查与写入通过真实服务Owner门禁：同项有效保存完成 (1438.3175ms)
✔ 混合调查与写入通过真实服务Owner门禁：引用调查不足产物不能完成保存项 (1488.32ms)
✔ 混合调查与写入通过真实服务Owner门禁：业务检查返回错项不能完成 (1429.2799ms)
✔ 混合调查与写入通过真实服务Owner门禁：默认原生领域检查拒绝备忘录冒充生产修复 (1461.2047ms)
✔ 混合调查与写入通过真实服务Owner门禁：默认原生领域检查接纳有效保存并持久化凭证 (1526.2611ms)
✔ 正式服务重启恢复通用 v4 成功前序且新任务使用 v6 (1574.5219ms)
✔ 正式服务重启恢复通用 v5 成功前序且新任务使用 v6 (1585.2645ms)
✔ 流程成功后由同一Task负责人验收并只汇报一次最终结果 (1270.2826ms)
✔ 最终报告领取前新增目标使旧完成通知失效，已完成流程不重跑 (1220.5548ms)
✔ 同一任务承接与最终报告并存时只按精确通知身份纠正最终报告 (1191.9847ms)
✔ 仅把已完成任务报告改成中文只唤醒Owner，不重跑排查或新增Run (1666.7085ms)
✔ Owner长事件积压分页读取全部内容后才推进同一Task水位 (2024.7814ms)
✔ 账号问题与“这不是让你去查吗”回到同一Task，不重建或丢失原上下文 (1543.2854ms)
✔ 同一话题含两个Task时按明确目标绑定短追问，不默认最近执行Run (1487.5505ms)
✔ 模型要求为非本人创建Task仍被Host拒绝，未受权群也拒绝 (879.4234ms)
✔ 无可信消息编辑版本不能把变更正文当重复消息或新授权 (774.3512ms)
✔ Web与IM引用同一澄清首终态生效，无权拒绝且答复不新建消息或重跑S (979.0603ms)
✔ 纯话题事实同库沉淀，后续任务读取原文并强制继承话题约束 (1207.3102ms)
✔ 旧完成Task只读候选返回旧结果，不调用新controller或恢复旧引擎 (921.5676ms)
✔ 群集合查询不要求单个Task身份 (907.8813ms)
✔ 必需附件正文进入Task固定输入且保留意图约束 (1147.7866ms)
✔ 通知ACK丢失只回查不重发；当前披露不允许时零发送 (1206.949ms)
✔ 同文高版本编辑复用原Task且别名重投回原run (1080.4289ms)
✔ 群职责允许明确点名交办创建任务，普通问题报告仍无创建权 (1317.9821ms)
✔ 本机操作者逐条重处理旧澄清，旧请求失效且有命令消息拒绝重跑 (1138.7668ms)
✔ 无引用的先别管它静默收束，不追问也不创建任务 (760.1378ms)
✔ 第三方任务已创建进展同步即使含@也静默，不生成澄清或业务任务 (774.3095ms)
✔ 已送达回复引用可将第三方进展静默绑定到唯一话题，且旧消息可确定性补录 (1014.4506ms)
✔ 已完成的纯排查任务再次收到相同问题反馈时提出修复授权问题 (836.9875ms)
✔ 旧任务缺标题且长目标进入R候选时仍能计算材料摘要 (2310.8939ms)
✔ 旧排查任务的肯定答复只授权同一消息继续准入，随后可创建新工作流任务 (1150.4603ms)
✔ 本人可答复他人旧排查澄清，其他群成员不能冒用且不阻断消息接收 (1285.5543ms)
✔ 明确问小助手审核问题是否部署时即使I误判无动作也回读群任务 (870.2988ms)
✔ 审核状态问句、两个任务说明和引用问题清单归为同一话题，不误建三个任务 (1221.3137ms)
✔ 恢复扫描先重试一次无回执只读查询，再完成原命令 (886.9362ms)
✔ 回声先启动模型而通知随后读回时，隔离取消原调用且迟到结果不影响 drained (1061.0278ms)
✔ 已回读的自身澄清通知不再作为新消息入站，收发信箱分别投影 (860.4102ms)
✔ 受管撤回逐条核验负责人原消息，回读后补发保留原通知 (1228.6317ms)
✔ 群职责进入 I 而不占用 S/R；任务历史可由固定材料键读取 (886.6442ms)
✔ 群成员可核对本群旧任务摘要和UAT2交付状态，跨群历史不可读取 (858.3972ms)
✔ 旧群历史缺发送人字段时仍能写入快照 (762.7025ms)
✔ I 的流程提示不直接派发；专业目录供 Owner 选择，缺适配器不执行外部效果 (2030.6838ms)
✔ 受信外部适配器齐备时目录可见，I 仍不能直接启动外部效果 (2208.1636ms)
✔ 原消息否定编辑取消原Task，不发第二个任务且屏障释放 (1508.2445ms)
✔ 运行中原消息修订更新 Task 要求并保持旧 Run 输入冻结 (1393.3212ms)
✔ 新Task真实HTTP补充与取消同库幂等；无权/跨站/伪造输入不执行，暂停不恢复 (1326.781ms)
✔ Controller未排空错误投影等待原因，不能显示正常执行 (1036.9003ms)
✔ Web事件已准备后中断由恢复通路接纳一次，后续恢复不重复输入 (1084.596ms)
✔ C01 媒体连接器挂起不阻durable接收和独立SQLite读回 (1015.6178ms)
✔ 只关联话题时意图仍读到已执行Task及结果限制，运行成功不冒充目标达成 (1378.9387ms)
✔ 方案阶段完成后等待确认，确认沿用业务Task并只启动下一阶段 (1813.6876ms)
✔ UAT 缺受信适配器时已完成分析保留，Owner 后续阶段明确受阻 (1224.4584ms)
✔ 阶段间取消后经原发送人重新授权，只替换未完成后缀 (1954.7682ms)
✔ 已绑定Owner会话确实缺失时换代并在原Task恢复，旧任务命令不重复创建 (1018.2507ms)
✔ 专业分析后在同一 Task 读取前序产物，不依赖 general intake (1481.0673ms)
✔ Owner 可在零阶段 Task 选择共享调查并按来源完成原文整理 (1164.0948ms)
✔ 执行中收到追加阶段意图时保留当前Run，完成后从核验产物启动后继 (1976.9721ms)
✔ 纯排查完成后续办仍用原业务Task，原Run成功证据不重跑 (1837.5184ms)
✔ C13 渠道读回挂起时新业务和取消继续，ACK不冒充送达 (1555.6892ms)
✔ 只读轨迹 API 回读真实节点、话题批次与已绑定 Owner，并隔离其他群 (1240.1207ms)
✔ 步骤产出只投影业务正文及限制，不泄露任意对象字段 (1348.1874ms)
✔ 当前工程和分析节点逐类投影，数量去重且准备态不冒充执行 (5.7872ms)
✔ 只有局部替换的工程方案仍展示真实产出，分页不丢修改前后内容 (1287.7087ms)
✔ 只读历史执行 API 不把预留 Owner 身份伪装成已绑定会话 (912.7752ms)
✔ 消息证据 API 仅回读绑定原文并以 hash 固定分页版本 (1398.5138ms)
✔ 超过 200 个话题时明确引用仍找回最早话题且不建新 Task (4426.7809ms)
✔ 同话题一千条相同事实在 IB 合并投影，跨发送人或不同约束不合并 (32313.2458ms)
✔ 原发送人撤销仅排查条件可替换历史，另一发送人不得替换或派发 (1861.786ms)
✔ 局部撤销范围及模型误报整话题均保留其他任务限制且零派发 (1777.2654ms)
✔ 普通 answer 的 Host 门禁拒绝已排队的旧参数与任务参数，且不豁免创建权限 (939.7574ms)
✔ 普通 answer 回复原任务消息的编辑，不被误当新增事项也不修改原任务 (1443.134ms)
✔ 普通 answer 对旧任务仅允许本群只读答复，跨群仍拒绝 (852.0199ms)
✔ 普通 answer 可向 owner 引用回复，重复处理不重发且不创建任务 (954.5121ms)
✔ 普通 answer 可向 participant 引用回复，重复处理不重发且不创建任务 (929.2331ms)
✔ 普通 answer 保留 none 通知门禁 (965.9819ms)
✔ 普通 answer 保留 denied 通知门禁 (940.8404ms)
✔ 普通 answer 发送结果未知后重启只补读原通知，不重复派发 (944.9397ms)
✔ 方案节点仅返回真实工件路径，不附正文、摘要或下载名称 (1395.7449ms)
✔ 业务验收产出独立显示验收项、预期和实际结果 (1.5349ms)
✔ 开发目标缺失或不明确先询问具体UAT：修复合并问题/undefined (936.4107ms)
✔ 开发目标缺失或不明确先询问具体UAT：修复合并问题/uat1 (918.5373ms)
✔ 开发目标缺失或不明确先询问具体UAT：提交到uat1或uat2/uat1 (844.7134ms)
✔ 开发目标缺失或不明确先询问具体UAT：提交到uat1～9/uat1 (892.9212ms)
✔ UAT澄清回答绑定同一请求并进入任务目标，不猜环境或重新拆消息 (1114.9453ms)
✔ 本地验收产出：条件、方案与目录准确展示且不泄漏执行参数 (1.6121ms)
✔ 本地验收产出：阶段耗时、预期实际与清理结果进入同一报告 (1.8766ms)
✔ 只读本地验收明确没有业务数据写入，不冒充删除数据 (0.7632ms)
✔ 本地验收产出：dataCleaned未确认不能显示整体通过 (0.9813ms)
✔ 本地验收产出：processStopped未确认不能显示整体通过 (0.5939ms)
✔ 本地验收产出：业务失败和缺失实际结果不伪装通过 (0.865ms)
✔ 本地验收产出：执行中、未知状态及空回执明确标记未确认 (0.7389ms)
✔ 暂态恢复三次上限与退避持久化 ECONNRESET，重开控制账不能重置额度 (6507.6032ms)
✔ 暂态恢复三次上限与退避持久化 ENGINEERING_REMOTE_READ_TRANSIENT，重开控制账不能重置额度 (6677.1571ms)
✔ 交付只读恢复 succeeded：既有效果不重发且仅成功恢复原节点 (1734.9787ms)
✔ 交付只读恢复 unknown：既有效果不重发且仅成功恢复原节点 (1647.5259ms)
✔ 交付只读恢复 failed：既有效果不重发且仅成功恢复原节点 (1622.5041ms)
✔ 交付只读恢复 throws：既有效果不重发且仅成功恢复原节点 (1578.2995ms)
✔ 交付只读恢复屏障 maintenance (1386.9024ms)
✔ 交付只读恢复屏障 pause (1369.7564ms)
✔ 交付只读恢复屏障 stop (1411.8639ms)
✔ 交付只读恢复屏障 input (1519.3732ms)
✔ 交付只读恢复屏障 maintenance-during-read (1452.7422ms)
✔ UAT Web 审批完整请求ID uat-deployment/approved：可见、授权、首终态与Owner事件幂等 (1618.7509ms)
✔ UAT Web 审批完整请求ID uat-deployment/rejected：可见、授权、首终态与Owner事件幂等 (1551.0463ms)
✔ UAT Web 审批完整请求ID uat-rebuild/approved：可见、授权、首终态与Owner事件幂等 (1536.3959ms)
✔ 普通UAT构建失败收口 receipt=true：单次发送、保留失败证据且不反复恢复 (1530.7374ms)
✔ 普通UAT构建失败收口 receipt=false：单次发送、保留失败证据且不反复恢复 (1567.8289ms)
✔ 普通UAT构建失败收口 receipt=observed：单次发送、保留失败证据且不反复恢复 (1673.0532ms)
✔ 任务投影只在真实等待时显示原因，完成后隐藏遗留原因且不改历史 (1353.1567ms)
✔ 真实Owner路径保留工程本地验收与合并前缀，失败第三阶段重建后可结案 (3614.9548ms)
✔ 调查成功产物经真实Service与工程准备进入方案节点输入，伪造前序引用拒绝 (23279.2912ms)
✔ 渠道inline-code转换可独立回读，值变化仍拒绝 (1.973ms)
✔ 新版任务真实HTTP归档仅完成可用，幂等持久且不改变节点产物或发送消息 (2136.1905ms)
✔ 新版任务归档拒绝运行中与等待中任务且不记录归档事件 (1170.2663ms)
✔ 同任务汇总卡片并分页历次执行：取消保留阶段成果、旧详情与权限隔离 (2045.5778ms)
✔ 当前完整详情保留已成功前段，替换删除新增后段并隔离同名步骤 (1857.4553ms)
✔ 当前完整详情只取最新节点代次，需求更新后旧结果及正文立即失效 (3646.6601ms)
✔ 当前完整详情拒绝持续变化的版本，不交付混合计划快照 (1633.6581ms)
✔ 历史并发分叉保持一张活动卡片，相同标题的独立任务不合并 (1.2517ms)
✔ 完整任务目录超过200条运行仍保留旧任务，投影不超过原生RPC队列 (16654.6029ms)
✔ 待澄清和待材料有各自状态及原因，真正失败仍为关联受阻 (918.6447ms)
✔ revise 整批追加超过累计32项时需求与验收均不写入 (3233.2927ms)
✔ reopen 整批追加超过累计32项时需求与验收均不写入 (3094.8562ms)
ℹ tests 555
ℹ suites 0
ℹ pass 555
ℹ fail 0
ℹ cancelled 0
ℹ skipped 0
ℹ todo 0
ℹ duration_ms 303324.5197
