✔ 输出校验仅明确的格式和引用错误可纠正，权限和存储故障不降级 (0.5701ms)
✔ 问答证据须由Host实际验证，false、缺失和跨范围拒绝不被当成成功 (2.093ms)
✔ 结果区分已答复、必需补充和能力阻塞；limitations不自动将答复变成等待 (0.9444ms)
✔ 调查只有一个自主Agent阶段及受信接纳，Owner不能将needs_input或blocked视为完成 (6.1611ms)
✔ 共享执行保留规划、审查、数据和复盘的专业约束，禁止重复工具声明 (0.3619ms)
✔ 派发核对绑定来源事项与当前启用流程版本 (4.7663ms)
✔ 定向重规划证据必须给出消息依据、原因及受影响阶段 (1.792ms)
✔ Topic 决策独立提交并以固定 Topic 版本关联任务 (1.3495ms)
✔ Topic 决策拒绝缺失来源依据、消息副本和缺失执行版本 (1.03ms)
✔ 任务续接协议允许目标修订同时携带新的任务名称 (0.5323ms)
✔ 归类可新建、追加或多归属，空归属必须有原因 (1.805ms)
✔ 显式任务指向识别配置名称、别名、DWS登录人或cc指令 (1.0305ms)
✔ 回复审阅结构严格区分确认、结果与订正 (0.8782ms)
✔ 历史回复候选保留真实消息内容且引用ID不参与同一事项定论 (4.5642ms)
✔ 历史回复候选按真实关联优先且严格限制数量和序列化体积 (8.6246ms)
✔ 图片mediaId不算@对象且明确询问其他同事不算Agent授权 (0.2573ms)
✔ 叶子任务不得绕过Runtime直接发送群通知 (8.1387ms)
✔ 同事AI回复必须进入模型并由群决策协议判断 (3.3433ms)
✔ 未点名但应处理时先询问且不得由 Runtime 静默降级 (1.2718ms)
✔ 主会话对任务补充发送简短且不复述信息的确认 (1.015ms)
✔ 诊断请求不得被主会话或叶子会话扩大为修复授权 (1.0333ms)
✔ 任务关联索引覆盖当前群全部状态并允许历史任务记录关联上下文 (1.0014ms)
✔ 任务所需附件读取失败时硬拦截任务动作并反馈缺失信息 (0.3249ms)
✔ 历史回复审阅从 Task 固定 Topic 版本读取事实，不偷换为最新消息 (0.3108ms)
✔ 失败分类仅使用精确白名单，输出错误不扩散到输入和未知故障 (1.3605ms)
▶ 执行失败保存恢复责任，未知故障和外部未知结果不自动重放
  ✔ ENGINEERING_ACCEPTANCE_FAILED (204.5698ms)
  ✔ ENGINEERING_UAT_ENVIRONMENT_REQUIRED (184.859ms)
  ✔ DELIVERY_RECONCILIATION_REQUIRED (157.3519ms)
  ✔ CUSTOM_ACCEPTANCE_FAILED (171.6169ms)
✔ 执行失败保存恢复责任，未知故障和外部未知结果不自动重放 (719.2783ms)
✔ 缺资料等待保存分类和原始产物，不改变续行协议 (157.51ms)
▶ 未知业务失败也保存诊断，非法失败材料不能让已排空节点残留 running
  ✔ 第三类业务材料 (164.8983ms)
  ✔ 非法材料 (166.1809ms)
✔ 未知业务失败也保存诊断，非法失败材料不能让已排空节点残留 running (331.6515ms)
✔ 相同函数跨 LF/CRLF 打包保持定义身份，旧 CRLF 摘要可恢复 (234.6517ms)
✔ 暂停等待真实排空，保留新输入，系统恢复不解除用户暂停，resume先应用新输入 (306.4091ms)
✔ 取消的任务不能通过resume复活 (177.4521ms)
✔ 暂停在排空前重启：系统恢复仅完成暂停，用户resume才重领节点 (430.7896ms)
✔ 当前定义改变时注册历史定义，旧run按旧digest续接而新run用当前定义 (216.9693ms)
✔ 正式Controller：schema映射→事务下游→最终输出，不读取聊天历史 (170.3888ms)
✔ 新输入先持久屏障，旧执行排空后换代，只使用最新输入 (195.0905ms)
✔ 取消先记cancelling，真实函数未退出不显示cancelled、不启动下游 (157.1133ms)
✔ 无效输出不能让下游获得执行租约 (160.5755ms)
▶ 产出和后继纯映射错误统一持久交接，保留有效产物且下游不执行
  ✔ date (178.9721ms)
  ✔ map (181.9576ms)
  ✔ undefined (180.7365ms)
  ✔ mapper (194.0463ms)
  ✔ next-schema (174.963ms)
✔ 产出和后继纯映射错误统一持久交接，保留有效产物且下游不执行 (911.7146ms)
✔ 结果落盘响应未知时读取原提交继续，不写失败或重做已完成节点 (194.3055ms)
✔ 工件磁盘写失败不伪造契约失败，不派发下游 (172.4073ms)
✔ 冻结待启动阶段在重启升级后按原摘要运行，合同也随摘要固定 (359.1012ms)
✔ 失败结果在Owner唤醒前重启仍可读取，重复观察不重复事件或业务执行 (389.3861ms)
✔ 工件坏字节拒绝读取；正常读不会悄悄修复内容 (162.7816ms)
✔ 工件读取期间stop已持久接纳，释放读取后不得再进入executor (176.6775ms)
✔ 同一内容并发落盘只能公开完整工件 (214.1824ms)
✔ 重启恢复优先处理已持久input屏障 (351.6762ms)
✔ 重启恢复优先处理已持久stop屏障 (327.9918ms)
✔ 省略runId时重试同一创建命令沿用确定身份 (197.5516ms)
✔ 持久ready节点重启恢复：尚未首次claim (347.2749ms)
✔ 持久ready节点重启恢复：前节点已提交 (362.5154ms)
✔ 大量合法长inputId分批应用，不超过RPC上限且只运行最后输入 (602.6964ms)
✔ 外部检查未排空跨Store重启保留屏障，真实存活父子进程不能被recover误放行 (1168.615ms)
✔ 原生工具缺失路径为结构化结果，不停止queued读取；模型list纠正后能提交 (122.0274ms)
✔ 原生工具安全门禁及普通异常仍停止会话和queued读取，不白名单泛化错误 (119.5827ms)
✔ 原生读取超限提示后可在同会话缩小分页并提交 (28.2078ms)
✔ 工程只读工具在原生节点会话中可用并绑定当前运行身份 (24.0146ms)
✔ 固定reasoningEffort透传到原生Provider请求 (22.256ms)
✔ 正式适配器：两次读取同Session，先持久绑定，提交结果排空后仅回调业务output (159.0842ms)
✔ 无提交和输出schema失败均结束attempt，不反复调用模型 (177.5816ms)
✔ 受信工具参数与提交格式可在原会话修正，失败调用不进入工具体 (65.7094ms)
✔ 连续格式错误耗尽原步数预算，不重置额度或无限续行 (24.287ms)
✔ 参数修正不能覆盖后置权限拒绝，也不能改写已接纳提交 (44.2652ms)
✔ restrict隐藏继承写工具，单调guard拒绝scope-local写和恶意调用 (71.7481ms)
✔ 首step与submit前检查当前租约；过期状态不交付业务output (47.8424ms)
✔ bound Session缺失或既有Session身份未知不得新建/认领 (43.6148ms)
✔ create后bind失败：持久身份可恢复，须递增lease；同身份错digest仍拒绝 (120.0976ms)
✔ R1输入失效后新generation新Session实际请求不含旧规则或历史 (44.2543ms)
✔ 真实post-execute未结束不回调；取消和close等待工具退出，期间不能创建替身 (248.9759ms)
✔ 实际JSONL跨OS进程恢复正式模块：原日志前缀不变，lease增加，旧工具结果进入新请求 (928.9611ms)
✔ 重复合法工具读取受maxSteps约束；timeout取消后仍须等真实工具排空 (3111.7991ms)
✔ 定义仅快照执行字段；排空持久化失败明确标记未证明排空并保留占位 (33.4367ms)
✔ 未知所有者的真实原生句柄拒绝标记未排空，cancel与恢复检查不得取消或认领它 (24.4662ms)
✔ 消息原生会话：查询纠正、提交和跨Host补充恢复，无虚假任务身份 (140.2295ms)
✔ 受信工具安全失败中止queued调用 (27.2759ms)
✔ 消息原生恢复保持step预算；不能借新lease或新预算重置 (98.0004ms)
✔ 消息取消会排空受信工具并拒绝迟到产出，工具不能软化取消 (26.0299ms)
✔ 消息恢复累计timeout，完成后的等待时间不占执行预算 (2262.9257ms)
✔ 消息续接不能重置已消耗timeout (2045.7994ms)
✔ 显式调查节点同Session补充：Host历史逐项匹配，任务身份及代际不变 (142.4537ms)
✔ 普通工程session不能借添加补充合同更改digest，调查不能删除合同或跳过历史版本 (92.2168ms)
✔ 调查补充不会重置原生step预算 (60.527ms)
✔ Host输出语义校验可纠正错误在conclude前反馈，修正才接纳且不泄露路径 (30.0556ms)
✔ Host输出校验默认fatal，校验期间失效的lease不可软化 (49.1021ms)
✔ 新原生会话使用Host工作区meta，模型input不能覆盖；恢复保持原metadata (126.0148ms)
✔ 同消息不同unit原生并行且取消只排空目标unit (78.8996ms)
✔ 工作流只读状态与异步任务视图保留新节点真实完成状态 (70.6163ms)
✔ 工程仓库重发仅接受本机同源严格参数并返回受管结果 (23.2397ms)
✔ 群收发信箱合并新工作流持久消息与通知，按 ID 去重且保留旧群记录 (6.8988ms)
✔ 新工作流话题进入列表与详情，跨群详情不可读 (12.4649ms)
✔ 本机澄清回答拒绝body伪造actor与外站Origin，只传固定路径身份 (15.2268ms)
✔ 通知操作仅本机逐条预检和按路径执行，拒绝额外对象字段 (64.7951ms)
✔ 通知恢复仅使用路径身份，受阻或过期意图返回冲突 (5.3692ms)
✔ 生产HTTP开放只读状态与明确的本机群配置接口，测试控制面仍关闭 (265.5007ms)
✔ 活动审计历史缺源计入单独状态但不误报当前健康故障 (6.5279ms)
✔ 显式testApiEnabled才开放测试写入口 (4.0054ms)
✔ 报告查询与显式恢复只采用路径身份，缺失返回404、不可恢复状态409 (82.0171ms)
✔ Host 原操作恢复固定路径身份且要求对账，模型字段不能覆盖作用域 (52.7661ms)
✔ context支持同源影响证据，create/reopen拒绝这些字段 (31.9753ms)
✔ Web Task 入口强制稳定请求与执行版本且拒绝伪造来源和Session (127.4961ms)
✔ 移除群遇到Topic引用或未完成决策返回409而非普通参数错误 (13.8396ms)
✔ Web输入版本与幂等身份冲突返回409，可靠接收尚未完成返回202 (18.443ms)
✔ Topic 查询有界分页且群摘要不泄漏内部决策、归类和预约记录 (136.1997ms)
✔ 本机Web的127.0.0.1与localhost来源均可读取resident，其他来源不开放CORS (30.5479ms)
✔ DWS健康状态以实际 bridge 存活和补拉状态为准 (15.8446ms)
✔ 上下文只读 HTTP 路径完整传递分页与版本参数 (30.309ms)
✔ 当前任务详情与正文过期版本返回409，文档也不能绕过版本校验 (14.1233ms)
✔ 上下文只读 HTTP 对未启用接口和不存在资源返回404 (81.2452ms)
✔ 节点文档下载沿用工件引用授权并以Markdown附件返回 (5.3721ms)
✔ 新版任务归档HTTP仅接受空对象并转交正式工作流，不走旧版归档 (76.4318ms)
✔ Web 新任务验收入参接受 16/17/32 条并拒绝超限、空白、超长和非法类型 (88.6413ms)
✔ v5 冻结定义保留历史 digest，新运行 v6 维持原预算 (9.3782ms)
✔ 调查阶段交付逐条说明整体要求的不足，后续编码未执行不阻塞阶段成功 (2.6277ms)
✔ Owner不能把调查明确不足改成已满足，必须引用随后阶段的有效产物 (4.6401ms)
✔ 领域结果拒绝错型、缺失及重复验收项、虚构证据及无引用事实 (3.9055ms)
✔ 旧来源校验仅接收基础字段，权限错误不被领域校验覆盖 (0.5062ms)
✔ 调查输入保留 Host handoff、材料按 ID 去重且拒绝冲突 (0.4799ms)
✔ 修订后的真实 hash 验收 ID 冻结交接，拒绝按序号冒充及容量截断 (1.0086ms)
✔ 正式清单绑定冻结产物身份及验收，计划成功不能代替逐项评估 (34.5593ms)
✔ 缺字段、未成功阶段和旧需求清单不可完成，串换Run或代际直接拒绝 (132.5331ms)
✔ 必交文件由受管字节独立核验，缺失、旧版本、错误生产者和摘要损坏不得通过 (114.9585ms)
✔ 外发声明必须取得独立送达核验，文件生成不能替代送达 (56.4133ms)
✔ 文件验证回调缺失、false或篡改结果均不能授予完成 (27.5461ms)
✔ 受理回执先unknown，原消息字节核验后成功，恢复绝不再次发送 (4.1209ms)
✔ 无ACK、错群、内容不匹配或授权撤销均unknown且零重发 (1.4309ms)
✔ 冻结准备拒绝跨profile、篡改group和旧需求文件 (0.341ms)
✔ 固定三节点通过逐件效果与验收收口，未确认项阻止后续发送 (0.8903ms)
✔ 真实Controller/Store三文件工作流逐件持久化并核验收口 (915.9191ms)
✔ Owner允许读取清单快照，最终完成清单独立持久化且重启后可查询 (430.2808ms)
▶ 需求或计划版本变化使旧完成清单失效
  ✔ requirement_revision (261.2828ms)
  ✔ plan_revision (251.3159ms)
✔ 需求或计划版本变化使旧完成清单失效 (513.1551ms)
✔ 非完成决定不会存正式清单，不完整或旧版本清单不能接纳完成 (1574.5145ms)
✔ 历史成功阶段观察沿用旧事件身份，不唤醒已完成Owner (269.8205ms)
✔ 原生维护恢复仅处理重复观察，重启保留原complete及错误回合与事件 (391.8968ms)
✔ 完成观察恢复拒绝新业务事件 (330.4969ms)
✔ 完成观察恢复拒绝不同产出 (353.5054ms)
✔ 完成观察恢复拒绝权限变化 (349.6799ms)
✔ 完成观察恢复拒绝要求变化 (373.2823ms)
✔ 完成观察恢复拒绝计划变化 (359.5798ms)
✔ 完成观察恢复拒绝新业务执行 (366.897ms)
✔ 完成观察恢复拒绝节点未排空 (367.9287ms)
✔ 完成观察恢复拒绝阶段未成功 (355.6785ms)
✔ 完成观察恢复拒绝原完成证明未应用 (373.5583ms)
✔ 完成观察恢复拒绝完成后接纳业务决定 (354.0205ms)
✔ 完成观察恢复拒绝不确定外部效果 (385.4479ms)
✔ 同一个业务 Task 的原生 Owner 会话跨唤醒复用并持久记录候选 (156.2871ms)
✔ 原生Owner会话必须读取积压事件页后才能提交候选 (35.0574ms)
✔ Owner 仅能读取当前 Task 已成功阶段的产物正文 (33.3182ms)
✔ 已绑定的负责人会话缺失时拒绝另建会话 (9.1588ms)
✔ 会话存储读故障原样阻断，不能伪装为可重建的缺失 (0.3485ms)
✔ Owner新增能力阶段只接纳已登记写能力，调查读取不能逐次编排 (63.8223ms)
✔ 原生Owner公开摘要含内部编号时工具反馈要求改写，记录仍保留绑定 (65.5264ms)
✔ 迁移后的空要求 Task 可绑定原目标且不改写计划版本 (3.4726ms)
✔ 同一任务连续事件复用稳定会话，eventKey 重放不会多次处理 (4.3233ms)
✔ 非完成候选不得提交正式清单引用 (1.8666ms)
✔ 新事件和版本变化使旧候选失效，旧租约不能提交 (2.6813ms)
✔ 重启恢复使运行中候选失效并重新排队，不丢事件 (2.3398ms)
✔ 已接纳决定在应用回执前持续可查，重启后重放并幂等确认 (3.9704ms)
✔ complete 仅接纳当前计划全部阶段具有产物与证据的成功状态 (2.8332ms)
✔ 目标验收项必须逐项绑定真实阶段证据，新增目标使旧完成声明失效 (2.1882ms)
✔ 负责人连续三次无有效提交后可见阻塞，新输入重新开放而不重建Task (2.2922ms)
✔ 接纳后应用前收到新意图会丢弃旧决定并保留新事件 (2.1857ms)
✔ 只有已绑定会话被确认缺失后才能换代，原任务和事件仍在 (1.8318ms)
✔ 已接纳动作应用连续失败有界阻塞，不在恢复循环中无限重试 (2.1598ms)
✔ 已完成排查收到同任务新意图后可追加开发，重启保留待应用决定 (2.6141ms)
✔ 已完成计划缺少追加阶段或新意图时拒绝再次 advance (2.8164ms)
✔ 取消或暂停不再调度 Owner，恢复后保留未读事件 (5.6457ms)
✔ Owner 执行途中取消，释放后不累计失败或再次唤醒 (1.5857ms)
✔ 新接纳验收合同在消息入口与 Owner 一致，16/17/32 成功且非法字段拒绝 (28.916ms)
✔ 历史 Owner 验收记录读取不套用新接纳数量或长度限制 (3.3985ms)
✔ Owner 累计验收第33项拒绝且零写，历史超限仍允许已有项幂等回读 (7.2308ms)
✔ 交接绑定当前计划、Run、digest、generation与必交字段 (1.8854ms)
✔ 领域准备前后都核验材料角色、容量，并以冻结输入Schema拒绝错型 (1.3145ms)
✔ 后阶段准备获得真实交接和冻结历史定义版本 (0.3214ms)
✔ 正式 Host 重启恢复 v5 成功前序：后续待确认 (414.0776ms)
✔ 正式 Host 重启恢复 v5 成功前序：阶段全成功但 Owner 未完成 (405.7878ms)
✔ 产物声明拒绝未知字段和重复必交字段，声明变化进入 workflow digest (2.1105ms)
✔ 只读调查范围说明不阻塞完成，未知来源和未满足验收仍被拒绝 (216.7069ms)
✔ 第三个纯代码流程只通过合同扩展读产物和验收，旧计划仍使用冻结合同 (204.269ms)
✔ 未绑定合同的旧定义保留产出读取，但完成和修复不得套用当前合同 (199.42ms)
✔ 保留写效果流程冻结验收身份，不再导出旧只读执行工厂 (2.418ms)
✔ 平台流程绑定既有外部结果合同，未验证和受阻结果不能完成 (0.3592ms)
✔ 公共修复屏障不依赖领域合同自律，不确定效果、暂停、待处理输入与未排空均不得准备修复 (0.9215ms)
✔ 通用能力合同仍按同一产物摘要与完整验收条件检查目标 (0.4537ms)
✔ 第三种流程经真实 Controller/Store 修复，同一合同准备票据不可伪造或修改，未知效果阻断 (2304.1711ms)
✔ 正式 Host 继续恢复外部旧/新定义，待执行阶段不套最新合同 (539.4873ms)
✔ v13冻结目标树并强制冲突在范围内、被实际读取和纳入修改 (8.0459ms)
✔ v12 工作目录产出区分已有开发分支与提测目标 (5.1642ms)
✔ 新工程节点保存起点、目录回执和方案文档，缺失覆盖的方案不得进入修改 (2.1601ms)
✔ 检查报告解释真实命令，跳过测试不可被显示为测试通过 (0.4241ms)
✔ 工程读取节点可交接超过旧 48KB 限额的完整文件材料 (3816.278ms)
✔ 固定工程流程实跑：受管clone→结构化修改→冻结验证 (13435.9651ms)
✔ 固定工程流程实跑：受管clone→结构化修改→冻结验证→commit/push→PR独立回读 (25132.3892ms)
✔ 提交准备只复用进程内可信票据；全新Node进程忽略持久JSON并重新实跑检查 (11245.9504ms)
✔ 失败工程检查以有界工件保留完整日志，节点仍waiting且下游不执行 (4066.8377ms)
✔ 业务验收独立于构建，缺用例或实际结果不匹配时阻止提交，重建后不信任旧票据 (15297.3258ms)
✔ v14真实controller按需检索依次进入方案和应用，v13冻结合同不改 (21941.7753ms)
✔ v15无需修改保留源码并重新检查；缺读取、冲突、工作树漂移均阻断，v14仍拒绝空方案 (25516.0705ms)
✔ Topic 固定版本投影在摘要缺失时仍是无损 JSON (1.958ms)
✔ Topic 工具统一返回 lossless JSON (17.2021ms)
✔ 工具参数错误返回精简字段问题且不产生副作用 (2.0026ms)
✔ 联合分支错误返回具体多余字段和动作路径，不只返回 Invalid input (4.0005ms)
✔ 归类期间消息版本变化返回刷新后的当前请求 (2.2781ms)
✔ Topic 决策信封受字符预算约束，缺失增量读完后才可提交 (453.4493ms)
✔ 超长直接引用保持当前事项可见，引用续读前拒绝决策 (20.9539ms)
✔ 长历史不进入新决策首屏，路由回执保持精简 (133.0156ms)
✔ 同消息多事项的引用与原始点名只发送一次 (4.3457ms)
✔ 压缩移除已见决策正文后需重新取得必要增量 (3.8869ms)
✔ 超长单消息必须按连续文本片段读完后才允许决策 (14.1765ms)
✔ 归类协议区分 Topic 归属与历史资料查询 (1.4934ms)
✔ 消息仅在全部关联 Topic 完成后收口为已投递 (3.1715ms)
✔ 明确无需进入 Topic 的消息在归类完成后直接收口 (1.1654ms)
✔ 归类 exact batch 零副作用拒绝漏项，新增消息进入下一批 (3.8469ms)
✔ A/B 独立提交不要求覆盖其他 Topic，先完成 B 不消费 A (4.7325ms)
✔ 超长消息路由必须按冻结原文坐标连续读完，未读完不能原子接受 (12.848ms)
✔ #1066 单消息拆成三个事项，各自建 Task 且已完成事项不等待兄弟事项反馈 (28.0811ms)
✔ 同消息复核不能改 unitKey 重授执行权，显式拆分保留旧固定版本 (5.289ms)
✔ 未知输入返回 routing-required，归到 B 后原 A 草稿自动重验提交 (21.6167ms)
✔ 待归类输入不阻止已准备的其他 Topic 决策进入公平队列 (7.1438ms)
✔ 待路由的新建任务草稿遇同话题撤销时失效，不能自动补建 (4.314ms)
✔ 路由等待期间回复候选变化，缓存草稿仍须重新审阅 (6.1827ms)
✔ 异步决策预处理期间来了新消息，原请求仍仅派发一次且提交受保护 (4.5756ms)
✔ 新消息等待归类时决策协议提醒不消耗重试次数 (3.7994ms)
✔ 同 Topic 新增输入使旧决策失效且新依据必须覆盖本次增量 (3.323ms)
✔ Topic 关联不能替代原消息授权，明确给他人的请求不得擅自接单 (2.4472ms)
▶ 事项正文剥离称呼后仍按原始消息核验任务授权及其他人定向
  ✔ agent (3.8851ms)
  ✔ colleague (1.8087ms)
✔ 事项正文剥离称呼后仍按原始消息核验任务授权及其他人定向 (6.424ms)
▶ 同一消息拆分后的任务授权按事项就近点名判断
  ✔ other-b (2.4ms)
  ✔ shared-agent (3.0449ms)
  ✔ other-after-agent (2.3491ms)
  ✔ agent-after-other (4.1564ms)
  ✔ other-despite-agent-in-decision (1.9104ms)
✔ 同一消息拆分后的任务授权按事项就近点名判断 (14.4779ms)
✔ 其他人的称呼被归类为 ignoredRefs 后仍禁止接走其事项 (2.0405ms)
✔ 引用消息正文不能作为当前消息的 contextRefs (3.0136ms)
✔ 引用消息中的 Agent 点名不授权当前未点名事项 (1.559ms)
✔ 已建 Task 后故障，重启恢复只保留一个 Task 与 Outbox (4.4988ms)
✔ 同revision拒绝后新请求跨重启稳定，共享消息不转授权且已发回复不重放 (12.8486ms)
✔ 审阅工具同源契约通过真实 DSH 校验，并按请求种类限制字段 (6.1726ms)
✔ Host 审阅拒绝跨种类决策及原生投影未执行的空文本约束 (7.8485ms)
✔ 内部审阅按请求绑定 Task 版本，拒绝错种类和版本变更 (3.4333ms)
✔ 完成审阅一次提交通知草稿，Task 落盘后才写入 Outbox (9.6789ms)
✔ 完成审阅后新增历史候选使通知草稿失效 (3.6484ms)
✔ 完成审阅只内联受限的近期 Topic 消息 (122.6362ms)
✔ 内部检查点必须结构化确认，不能携带相互矛盾的 guidance (4.3071ms)
✔ 话题上下文剩余预算连一个字符也装不下时保留已装入消息 (0.2232ms)
✔ 单条超长消息保持 12k 硬预算并可完整续读 (27.7005ms)
✔ 超长目标及审阅结果分页保留原文，越序读取不能绕过完整读取门禁 (17.9043ms)
✔ 无专用流程时审阅者仍可见目录和选择依据并读取未选候选 (4.7246ms)
✔ 审阅读取后已选或未选候选改版、禁用、删除都使旧请求失效，无关配置不影响 (22.4214ms)
✔ 多流程组合一次批量读取，后续检查点会使原审阅失效 (4.5741ms)
✔ 诊断检查点可在旧流程删除后不读取流程获得协调意见 (7.0389ms)
✔ 通知回退同样限制整体预算并须读完超长目标结果后才允许入队 (14.1276ms)
✔ 协调方使指定 Task 审阅失效后拒绝迟到结果 (2.8431ms)
✔ Topic 按需搜索分页及固定版本读回，跨群与越界拒绝 (1.9505ms)
✔ 历史 Topic 先根据引用消息补 summary，再据此重生成 title (4.0962ms)
✔ Task 通知要求真实 Topic 引用及参与人，并拒绝旧 Task 输入 (9.6184ms)
✔ 同Topic新版本替代内存请求时持久协调账同步落superseded终态 (3.1853ms)
✔ 普通Task通知与完成通知一致：引用消息时省略at默认关联发送人 (3.7115ms)
✔ 审阅后历史候选变化必须重新读取，不能用旧快照发新回复 (1.9888ms)
✔ 无关 B 的新历史回复不使 A 的候选审阅失效 (2.2602ms)
✔ 决策进入 Store 队列后候选变化仍在原子提交点拦截 (2.5551ms)
✔ Task 通知在 Outbox 落盘前再次核对输入版本 (3.3448ms)
✔ Task 通知读取最新相关候选后可提交，重试不产生第二条 Outbox (2.9921ms)
✔ 未知回复请求不可用且不产生 Outbox (0.6833ms)
✔ 本地已知瞬时错误最多三次，跨重启保存预算并保持冲突保留 (3.7838ms)
✔ 未知错误停住，普通消息重试不解锁；显式原操作对账恢复 (3.6105ms)
✔ 取消控制可越过已阻塞保留，普通上下文和进行中保留仍拒绝 (5.5625ms)
✔ 部分成功时不能用已应用动作或Outbox的对账解锁另一未知操作 (3.6748ms)
✔ 已接受决策已落盘后到期对账完成，不重复执行动作 (20.3274ms)
✔ 共享消息只有主 Topic 能创建 Task 或确认，其他 Topic 可独立实质回答 (4.3143ms)
✔ 非空回复必须声明 kind，不能用省略审阅绕过共享确认门禁 (2.4528ms)
✔ 改归属后空 Topic 可以用 removedMessageIds 静默完成，但不能创建任务 (3.6349ms)
✔ 明确给他人的补充或取消同样不能改变已有 Task，引用转交后才可执行 (7.386ms)
✔ 显式归属复核冻结已处理消息，修订后原 Task 仍可读取旧 Topic 版本 (6.0486ms)
✔ 精确消息重试清除失败等待且不重放已完成动作 (3.1528ms)
✔ 嵌套暂停需全部释放且 release 幂等，关闭后拒绝所有工具新意图 (1.3841ms)
✔ 归类快照只携带当前事实，失败决策按需查询可见精简进度 (3.3674ms)
✔ 动作必须先有确认且可靠 Outbox 拒绝时零 Task 副作用 (6.9283ms)
✔ 模型停稳后仅有限次提醒，同一归类请求仍可提交 (7.9396ms)
✔ 材料清单从当前surface分页形成，跨请求与压缩摘要不冒充正文 (7.8689ms)
✔ 审阅先落Task执行事件，重启同报告换提交时间仍恢复原response且不再次注入 (5.9898ms)
✔ 审阅持久化失败不得resolve，重提相同判断后只保存一份 (2.9672ms)
✔ 耗尽审阅不自动reset，显式reset只清账与旧Promise不创建新审阅 (4.4325ms)
✔ 完成审阅重启恢复时重建preparedNotification，保持原审批且不新增模型请求 (9.5965ms)
✔ 审阅身份忽略提交时间，但流程引用、最后检查点和Topic修订变化会换身份 (3.8709ms)
✔ 原生 surface 流程正文与连续页跨请求复用，压缩后历史日志不能冒充可见 (1.4206ms)
✔ 审阅复用当前流程正文，压缩或禁用后重新门禁而不是沿用已读标记 (6.7594ms)
✔ 稳定请求跨重启识别已消费消息，原文可见时恢复只发送短提醒 (17.6736ms)
✔ 协议提醒到上限后持久停住，新增输入仍能形成新请求 (31.3331ms)
✔ 只读快路径共享决策门禁，成功时不向常驻再注入请求 (3.2064ms)
✔ 只读快路径拒绝动作和候选变化，Task事实在真实提交临界点变更时零Outbox (2.3257ms)
✔ 原生 Inbox 仍停放原请求时，恢复提醒不会再排入第二份正文 (9.356ms)
✔ 显式恢复递增持久epoch，不会被此前已消费提醒身份吞掉 (30.3036ms)
✔ 同请求材料只保留一份正文，跨请求或内容变化不复用 (0.4217ms)
✔ 结构校验一次返回全部引用歧义及字段位置，整批零副作用 (3.0434ms)
✔ 紧凑目录连续分页无漏项，引用同消息全部旧事项保留摘要 (271.1512ms)
✔ 路由关联摘要包含引用命中Task的其他固定Topic，不只保留被引用单项 (2.8131ms)
✔ 决策一次报告独立动作的版本和归属问题，不写Task或Outbox (2.0546ms)
✔ 决策首包提供固定流程索引、合法 section 与批量正文读取，并拒绝跨请求 (3.05ms)
✔ 超长流程索引通过声明的 promptIndex 分页完整读取且保持决策首包预算 (5.1934ms)
▶ 读取流程后更新或禁用，new-task 提交拒绝旧版本且不写 Task 或 Outbox
  ✔ revision (2.7567ms)
  ✔ disabled (2.1147ms)
✔ 读取流程后更新或禁用，new-task 提交拒绝旧版本且不写 Task 或 Outbox (5.2434ms)
✔ 无动作且从未入 Outbox 的 blocked 决策可并发安全重判，保留失败证据与原输入 (3.4089ms)
✔ 重判与旧 not-applied 恢复并发时旧恢复 CAS 不得复活已拒绝草稿 (3.66ms)
✔ 纯闲聊完整归类收口但不新建话题或触发业务决策 (4.1596ms)
✔ 混合消息只为具体事项建话题，闲聊片段保留在忽略范围 (4.2139ms)
✔ 启动材料引用由Host列举，查询资源和其他事项引用不能进入材料等待 (2.554ms)
✔ answer objective进入消息Agent并持久产出、零Task，补读及重启不重执行或重发 (258.5964ms)
✔ 慢查询不堵塞其他消息判断和独立Agent执行 (324.7492ms)
✔ 错误查询资源引用在意图落账前纠正，不生成材料等待或重复执行 (257.7341ms)
✔ 异步问答完成即派发后继，不依赖再次process或恢复轮询 (249.6199ms)
✔ 同话题后续问题读取既有话题，但创建独立消息会话和发送者范围 (300.8471ms)
✔ 需要补充创建message request，授权答复沿用会话递增输入版本 (295.918ms)
✔ 新目录统一调查入口，旧材料流程不再可选 (165.7807ms)
✔ 能力受阻如实结束为blocked，伪造工具证据不能成为回答 (453.6258ms)
✔ 通知发送未知后重启只补读原通知，不重复Agent执行与外发 (237.3458ms)
✔ 已排队旧answer.text明确拒绝，不由新Agent猜测旧合同 (175.8941ms)
✔ 消息trace只返回Agent摘要、耗时和绑定会话，长产出按需分页且不允许跨消息工件 (249.9925ms)
✔ Agent资源权限独立于发送者，各发送者使用相同职责范围 (263.2255ms)
✔ 重执行复用受信开发分支最新提交并冻结远端，保留源检出与历史定义 (22328.9339ms)
✔ 工程交付证明复用同一 Run 工件并要求显式业务 E2E 检查 (3.9667ms)
✔ 已终结工程 Run 的旧定义不参与启动恢复 (0.2884ms)
✔ 工程空方案重发保留原任务并冻结新仓库定义 (29825.8536ms)
✔ 工程registry按Task冻结配置，重启重建同digest，模型变化不改历史，owner/目录/argv不由消息提升 (5806.6486ms)
✔ 工程交付后补充：固定分支祖先条件续写、PR原位修订且新代读取旧代结果 (110675.7422ms)
✔ 九个 UAT 环境精确映射固定分支，缺失和其他名称不能猜测 (0.2269ms)
✔ v11 缺本地验收配置时真实 controller 阻塞且不准备工作区 (179.0007ms)
✔ v11 输入映射、候选绑定和失败验收不能进入提交；v10 工厂摘要保持稳定 (7.0139ms)
✔ 本地验收经 delivery 对共享 UAT 加锁，另一个 Run 在首个排空前零发送 (156.6668ms)
✔ 远端引用只读重试：超时后成功，命令身份与15秒边界保持 (0.5253ms)
✔ 远端引用只读重试耗尽明确暂态 {"code":null,"killed":true,"signal":"SIGTERM"} (0.1794ms)
✔ 远端引用只读重试耗尽明确暂态 {"code":"ECONNRESET"} (0.0903ms)
✔ 远端引用只读重试耗尽明确暂态 {"code":"EAI_AGAIN"} (0.0624ms)
✔ 远端引用只读重试耗尽明确暂态 {"code":128,"stderr":"fatal: TLS handshake timeout secret-token"} (0.1874ms)
✔ 远端引用只读重试耗尽明确暂态 {"code":128,"stderr":"fatal: The requested URL returned error: 503 secret-token"} (0.0717ms)
✔ 远端引用确定性失败不重试 {"code":128,"stderr":"Authentication failed secret-token"} (0.1152ms)
✔ 远端引用确定性失败不重试 {"code":128,"stderr":"Permission denied (publickey)."} (0.0487ms)
✔ 远端引用确定性失败不重试 {"code":128,"stderr":"repository not found"} (0.0504ms)
✔ 远端引用确定性失败不重试 {"code":128,"stderr":"The requested URL returned error: 403"} (0.0412ms)
✔ 远端引用确定性失败不重试 {"code":128,"stderr":"SSL certificate problem: unable to get local issuer certificate"} (0.0381ms)
✔ 远端引用确定性失败不重试 {"code":"ENOENT"} (0.0463ms)
✔ 远端引用确定性失败不重试 {"code":128,"stderr":"unknown failure"} (0.0434ms)
✔ 远端引用确定性失败不重试 {"code":"ETIMEDOUT","stderr":"Authentication failed"} (0.0378ms)
✔ 远端引用分支不存在不重试，写命令不进入读取器 (0.1648ms)
✔ 仅原文明确群发授权可绑定文件，禁止否定授权和路径 (2.2782ms)
✔ 真实消息与Owner业务交付闭环：write (1220.2548ms)
✔ 真实消息与Owner业务交付闭环：omitted (548.068ms)
✔ 真实消息与Owner业务交付闭环：import (1068.9651ms)
✔ 真实产物写步骤输出经过发送三节点后满足服务完成门禁 (94.8341ms)
✔ 单Task恢复失败和正在执行Task不能阻止其它恢复与通知扫描 (5.246ms)
✔ 大量unknown通知不能挤掉新prepared；对账游标可到下一页 (862.415ms)
✔ 旧活动Task不会被超过200条新终态任务挤出恢复索引 (920.8111ms)
✔ 维护HTTP仅受信本机身份可改，严格参数、幂等与过期许可均校验 (387.1557ms)
✔ 完成观察维护HTTP复用原生完成证明，拒绝跨源和伪造身份并校验CAS (467.7255ms)
✔ service真实恢复入口不重派确定性错误，只有明确暂态可有限重试 (4188.9519ms)
✔ 预算续行真实HTTP与Controller保留54次消耗、验收一次、旧失败领取及阶段门禁 (1914.1989ms)
✔ 默认日常能力按当前原文生成 Markdown，并拒绝把排查目标当整理完成 (1.0519ms)
✔ 平台附件只读能力绑定当前 Task 消息、附件 ID 与来源版本，并独立二次回读 (0.6572ms)
✔ 平台附件变更、跨群回读和二次内容漂移均不能成为通用任务证据 (0.3616ms)
✔ 短指代消息优先呈现紧邻来源的话题，显式引用仍优先 (7.8801ms)
✔ 明确交办与问题报告分开准入 (0.832ms)
✔ 群回复署名只取唯一明确职责，不默认身份，不重复或注入内部信息 (1.2133ms)
✔ 状态问句支持任意配置名称及别名，改名和清空后不保留旧身份捷径 (441.419ms)
✔ 内置进展查询限制本群与八项候选，流程结果可审计 (1.5122ms)
✔ 渠道回读归一化空白及已观察inline-code样式，正文差异仍阻止送达 (0.7861ms)
✔ DWS 发送 ACK 的实际 result.openTaskId 可用于独立回读 (0.1867ms)
✔ 群职责指定的日常代答署名在通知准备时固化且不会重复附加 (0.3105ms)
✔ 群职责贯穿即时进展查询的持久通知正文与引用来源 (222.7766ms)
✔ 群职责调整后已送达通知保留原正文，新通知仍可继续发送 (279.5914ms)
✔ 工作流通知引用来源消息，缺来源才发送普通群消息 (0.362ms)
✔ 正式 Web 重执行新建独立任务，持久幂等、原任务不变、恢复只留 Web 且拒绝越权阶段 (7486.8493ms)
✔ I 只能提交目标：Task 与 Owner 原子接纳，Owner 未建计划前没有业务 Run (220.6946ms)
✔ 真实同库消息接纳→固定Task执行→看板结果；重复入站不重复创建 (303.5746ms)
✔ 没有 Owner 的已成功问答计划显示完成，结果中的未知不制造等待；确认阶段仍等待 (248.3853ms)
✔ 流程成功后由同一Task负责人验收并只汇报一次最终结果 (391.6961ms)
✔ 最终报告领取前新增目标使旧完成通知失效，已完成流程不重跑 (338.5659ms)
✔ 同一任务承接与最终报告并存时只按精确通知身份纠正最终报告 (370.7641ms)
✔ 仅把已完成任务报告改成中文只唤醒Owner，不重跑排查或新增Run (439.7169ms)
✔ Owner长事件积压分页读取全部内容后才推进同一Task水位 (528.8297ms)
✔ 账号问题与“这不是让你去查吗”回到同一Task，不重建或丢失原上下文 (420.7247ms)
✔ 同一话题含两个Task时按明确目标绑定短追问，不默认最近执行Run (423.1315ms)
✔ 模型要求为非本人创建Task仍被Host拒绝，未受权群也拒绝 (208.6321ms)
✔ 无可信消息编辑版本不能把变更正文当重复消息或新授权 (161.7536ms)
✔ Web与IM引用同一澄清首终态生效，无权拒绝且答复不新建消息或重跑S (239.272ms)
✔ 纯话题事实同库沉淀，后续任务读取原文并强制继承话题约束 (347.4738ms)
✔ 旧完成Task只读候选返回旧结果，不调用新controller或恢复旧引擎 (217.6931ms)
✔ 群集合查询不要求单个Task身份 (231.679ms)
✔ 必需附件正文进入Task固定输入且保留意图约束 (343.4091ms)
✔ 通知ACK丢失只回查不重发；当前披露不允许时零发送 (328.5042ms)
✔ 同文高版本编辑复用原Task且别名重投回原run (293.7228ms)
✔ 群职责允许明确点名交办创建任务，普通问题报告仍无创建权 (412.9051ms)
✔ 本机操作者逐条重处理旧澄清，旧请求失效且有命令消息拒绝重跑 (266.3486ms)
✔ 无引用的先别管它静默收束，不追问也不创建任务 (171.4267ms)
✔ 第三方任务已创建进展同步即使含@也静默，不生成澄清或业务任务 (185.6056ms)
✔ 已送达回复引用可将第三方进展静默绑定到唯一话题，且旧消息可确定性补录 (214.799ms)
✔ 已完成的纯排查任务再次收到相同问题反馈时提出修复授权问题 (186.691ms)
✔ 旧任务缺标题且长目标进入R候选时仍能计算材料摘要 (1775.5263ms)
✔ 旧排查任务的肯定答复只授权同一消息继续准入，随后可创建新工作流任务 (293.0575ms)
✔ 本人可答复他人旧排查澄清，其他群成员不能冒用且不阻断消息接收 (364.4562ms)
✔ 明确问小助手审核问题是否部署时即使I误判无动作也回读群任务 (231.9007ms)
✔ 审核状态问句、两个任务说明和引用问题清单归为同一话题，不误建三个任务 (312.8321ms)
✔ 恢复扫描先重试一次无回执只读查询，再完成原命令 (182.8568ms)
✔ 回声先启动模型而通知随后读回时，隔离取消原调用且迟到结果不影响 drained (274.3513ms)
✔ 已回读的自身澄清通知不再作为新消息入站，收发信箱分别投影 (225.0899ms)
✔ 受管撤回逐条核验负责人原消息，回读后补发保留原通知 (331.7348ms)
✔ 群职责进入 I 而不占用 S/R；任务历史可由固定材料键读取 (235.8943ms)
✔ 群成员可核对本群旧任务摘要和UAT2交付状态，跨群历史不可读取 (220.3498ms)
✔ 旧群历史缺发送人字段时仍能写入快照 (197.6606ms)
✔ I 的流程提示不直接派发；专业目录供 Owner 选择，缺适配器不执行外部效果 (517.9041ms)
✔ 受信外部适配器齐备时目录可见，I 仍不能直接启动外部效果 (624.7141ms)
✔ 原消息否定编辑取消原Task，不发第二个任务且屏障释放 (371.9058ms)
✔ 运行中原消息修订更新 Task 要求并保持旧 Run 输入冻结 (404.0599ms)
✔ 新Task真实HTTP补充与取消同库幂等；无权/跨站/伪造输入不执行，暂停不恢复 (415.9222ms)
✔ Controller未排空错误投影等待原因，不能显示正常执行 (272.1827ms)
✔ Web事件已准备后中断由恢复通路接纳一次，后续恢复不重复输入 (308.6491ms)
✔ C01 媒体连接器挂起不阻durable接收和独立SQLite读回 (302.9991ms)
✔ 只关联话题时意图仍读到已执行Task及结果限制，运行成功不冒充目标达成 (370.7514ms)
✔ 方案阶段完成后等待确认，确认沿用业务Task并只启动下一阶段 (586.1276ms)
✔ UAT 缺受信适配器时已完成分析保留，Owner 后续阶段明确受阻 (314.5099ms)
✔ 阶段间取消后经原发送人重新授权，只替换未完成后缀 (562.2928ms)
✔ 已绑定Owner会话确实缺失时换代并在原Task恢复，旧任务命令不重复创建 (277.0659ms)
✔ 专业分析后在同一 Task 读取前序产物，不依赖 general intake (431.9354ms)
✔ Owner 可在零阶段 Task 选择共享调查并按来源完成原文整理 (310.0975ms)
✔ 执行中收到追加阶段意图时保留当前Run，完成后从核验产物启动后继 (513.3026ms)
✔ 纯排查完成后续办仍用原业务Task，原Run成功证据不重跑 (525.9474ms)
✔ C13 渠道读回挂起时新业务和取消继续，ACK不冒充送达 (426.4696ms)
✔ 只读轨迹 API 回读真实节点、话题批次与已绑定 Owner，并隔离其他群 (283.5369ms)
✔ 步骤产出只投影业务正文及限制，不泄露任意对象字段 (369.0733ms)
✔ 当前工程和分析节点逐类投影，数量去重且准备态不冒充执行 (1.6332ms)
✔ 只有局部替换的工程方案仍展示真实产出，分页不丢修改前后内容 (331.0022ms)
✔ 只读历史执行 API 不把预留 Owner 身份伪装成已绑定会话 (239.5224ms)
✔ 消息证据 API 仅回读绑定原文并以 hash 固定分页版本 (456.1771ms)
✔ 超过 200 个话题时明确引用仍找回最早话题且不建新 Task (1367.7387ms)
✔ 同话题一千条相同事实在 IB 合并投影，跨发送人或不同约束不合并 (9710.452ms)
✔ 原发送人撤销仅排查条件可替换历史，另一发送人不得替换或派发 (500.9266ms)
✔ 局部撤销范围及模型误报整话题均保留其他任务限制且零派发 (468.4536ms)
✔ 普通 answer 的 Host 门禁拒绝已排队的旧参数与任务参数，且不豁免创建权限 (221.9792ms)
✔ 普通 answer 回复原任务消息的编辑，不被误当新增事项也不修改原任务 (359.5248ms)
✔ 普通 answer 对旧任务仅允许本群只读答复，跨群仍拒绝 (239.1521ms)
✔ 普通 answer 可向 owner 引用回复，重复处理不重发且不创建任务 (272.8973ms)
✔ 普通 answer 可向 participant 引用回复，重复处理不重发且不创建任务 (258.4645ms)
✔ 普通 answer 保留 none 通知门禁 (278.4394ms)
✔ 普通 answer 保留 denied 通知门禁 (290.2053ms)
✔ 普通 answer 发送结果未知后重启只补读原通知，不重复派发 (281.4619ms)
✔ 方案节点仅返回真实工件路径，不附正文、摘要或下载名称 (417.4694ms)
✔ 业务验收产出独立显示验收项、预期和实际结果 (0.5909ms)
✔ 开发目标缺失或不明确先询问具体UAT：修复合并问题/undefined (247.7034ms)
✔ 开发目标缺失或不明确先询问具体UAT：修复合并问题/uat1 (219.5909ms)
✔ 开发目标缺失或不明确先询问具体UAT：提交到uat1或uat2/uat1 (203.1163ms)
✔ 开发目标缺失或不明确先询问具体UAT：提交到uat1～9/uat1 (213.5579ms)
✔ UAT澄清回答绑定同一请求并进入任务目标，不猜环境或重新拆消息 (293.1689ms)
✔ 本地验收产出：条件、方案与目录准确展示且不泄漏执行参数 (0.7924ms)
✔ 本地验收产出：阶段耗时、预期实际与清理结果进入同一报告 (0.5414ms)
✔ 只读本地验收明确没有业务数据写入，不冒充删除数据 (0.2527ms)
✔ 本地验收产出：dataCleaned未确认不能显示整体通过 (0.1786ms)
✔ 本地验收产出：processStopped未确认不能显示整体通过 (0.0533ms)
✔ 本地验收产出：业务失败和缺失实际结果不伪装通过 (0.1128ms)
✔ 本地验收产出：执行中、未知状态及空回执明确标记未确认 (0.0867ms)
✔ 暂态恢复三次上限与退避持久化 ECONNRESET，重开控制账不能重置额度 (4231.328ms)
✔ 暂态恢复三次上限与退避持久化 ENGINEERING_REMOTE_READ_TRANSIENT，重开控制账不能重置额度 (4153.1402ms)
✔ 交付只读恢复 succeeded：既有效果不重发且仅成功恢复原节点 (448.6403ms)
✔ 交付只读恢复 unknown：既有效果不重发且仅成功恢复原节点 (466.6655ms)
✔ 交付只读恢复 failed：既有效果不重发且仅成功恢复原节点 (444.1434ms)
✔ 交付只读恢复 throws：既有效果不重发且仅成功恢复原节点 (442.4657ms)
✔ 交付只读恢复屏障 maintenance (358.9698ms)
✔ 交付只读恢复屏障 pause (377.8026ms)
✔ 交付只读恢复屏障 stop (395.9167ms)
✔ 交付只读恢复屏障 input (425.9813ms)
✔ 交付只读恢复屏障 maintenance-during-read (397.0577ms)
✔ UAT Web 审批完整请求ID uat-deployment/approved：可见、授权、首终态与Owner事件幂等 (469.2048ms)
✔ UAT Web 审批完整请求ID uat-deployment/rejected：可见、授权、首终态与Owner事件幂等 (447.1365ms)
✔ UAT Web 审批完整请求ID uat-rebuild/approved：可见、授权、首终态与Owner事件幂等 (440.7703ms)
✔ 普通UAT构建失败收口 receipt=true：单次发送、保留失败证据且不反复恢复 (441.216ms)
✔ 普通UAT构建失败收口 receipt=false：单次发送、保留失败证据且不反复恢复 (427.5537ms)
✔ 普通UAT构建失败收口 receipt=observed：单次发送、保留失败证据且不反复恢复 (437.7692ms)
✔ 任务投影只在真实等待时显示原因，完成后隐藏遗留原因且不改历史 (341.4436ms)
✔ 真实Owner路径保留工程本地验收与合并前缀，失败第三阶段重建后可结案 (974.5407ms)
✔ 调查成功产物经真实Service与工程准备进入方案节点输入，伪造前序引用拒绝 (17188.8561ms)
✔ 渠道inline-code转换可独立回读，值变化仍拒绝 (0.4454ms)
✔ 新版任务真实HTTP归档仅完成可用，幂等持久且不改变节点产物或发送消息 (634.2077ms)
✔ 新版任务归档拒绝运行中与等待中任务且不记录归档事件 (334.2814ms)
✔ 同任务汇总卡片并分页历次执行：取消保留阶段成果、旧详情与权限隔离 (478.218ms)
✔ 当前完整详情保留已成功前段，替换删除新增后段并隔离同名步骤 (397.333ms)
✔ 当前完整详情只取最新节点代次，需求更新后旧结果及正文立即失效 (2426.4425ms)
✔ 当前完整详情拒绝持续变化的版本，不交付混合计划快照 (402.8741ms)
✔ 历史并发分叉保持一张活动卡片，相同标题的独立任务不合并 (0.3607ms)
✔ 完整任务目录超过200条运行仍保留旧任务，投影不超过原生RPC队列 (4895.6228ms)
✔ 待澄清和待材料有各自状态及原因，真正失败仍为关联受阻 (182.0953ms)
✔ revise 整批追加超过累计32项时需求与验收均不写入 (2053.9392ms)
✔ reopen 整批追加超过累计32项时需求与验收均不写入 (1972.67ms)
ℹ tests 504
ℹ suites 0
ℹ pass 504
ℹ fail 0
ℹ cancelled 0
ℹ skipped 0
ℹ todo 0
ℹ duration_ms 180284.3139
