✔ 默认日常能力按当前原文生成 Markdown，并拒绝把排查目标当整理完成 (2.7329ms)
✔ 平台附件只读能力绑定当前 Task 消息、附件 ID 与来源版本，并独立二次回读 (0.699ms)
✔ 平台附件变更、跨群回读和二次内容漂移均不能成为通用任务证据 (0.6666ms)
✔ 短指代消息优先呈现紧邻来源的话题，显式引用仍优先 (6.7547ms)
✔ 明确交办与问题报告分开准入 (0.2594ms)
✔ 内置进展查询限制本群与八项候选，流程结果可审计 (2.042ms)
✔ 渠道回读仅归一化空白，正文差异仍阻止送达 (0.2002ms)
✔ DWS 发送 ACK 的实际 result.openTaskId 可用于独立回读 (0.1669ms)
✔ 群职责指定的日常代答署名在通知准备时固化且不会重复附加 (0.2016ms)
✔ 群职责贯穿即时进展查询的持久通知正文与引用来源 (160.8705ms)
✔ 群职责调整后已送达通知保留原正文，新通知仍可继续发送 (185.468ms)
✔ 工作流通知引用来源消息，缺来源才发送普通群消息 (0.3256ms)
✔ I 只能提交目标：Task 与 Owner 原子接纳，Owner 未建计划前没有业务 Run (149.6566ms)
✔ 真实同库消息接纳→固定Task执行→看板结果；重复入站不重复创建 (199.2758ms)
✔ 没有 Owner 的已成功问答计划显示完成，结果中的未知不制造等待；确认阶段仍等待 (122.7137ms)
✔ 流程成功后由同一Task负责人验收并只汇报一次最终结果 (175.0661ms)
✔ 最终报告领取前新增目标使旧完成通知失效，已完成流程不重跑 (160.4183ms)
✔ 同一任务承接与最终报告并存时只按精确通知身份纠正最终报告 (183.5929ms)
✔ 仅把已完成任务报告改成中文只唤醒Owner，不重跑排查或新增Run (307.3952ms)
✔ Owner长事件积压分页读取全部内容后才推进同一Task水位 (387.5642ms)
✔ 账号问题与“这不是让你去查吗”回到同一Task，不重建或丢失原上下文 (320.1011ms)
✖ 同一话题含两个Task时按明确目标绑定短追问，不默认最近执行Run (177.1124ms)
✔ 模型要求为非本人创建Task仍被Host拒绝，未受权群也拒绝 (102.4644ms)
✔ 无可信消息编辑版本不能把变更正文当重复消息或新授权 (73.7914ms)
✔ Web与IM引用同一澄清首终态生效，无权拒绝且答复不新建消息或重跑S (115.3054ms)
✔ 纯话题事实同库沉淀，后续任务读取原文并强制继承话题约束 (242.5747ms)
✔ 旧完成Task只读候选返回旧结果，不调用新controller或恢复旧引擎 (133.7529ms)
✔ 群集合查询不要求单个Task身份 (116.1616ms)
✔ 必需附件正文进入Task固定输入且保留意图约束 (227.1906ms)
✔ 通知ACK丢失只回查不重发；当前披露不允许时零发送 (187.2086ms)
✔ 同文高版本编辑复用原Task且别名重投回原run (142.2826ms)
✔ 群职责允许明确点名交办创建任务，普通问题报告仍无创建权 (228.4438ms)
✔ 本机操作者逐条重处理旧澄清，旧请求失效且有命令消息拒绝重跑 (202.5681ms)
✔ 无引用的先别管它静默收束，不追问也不创建任务 (76.8784ms)
✔ 第三方任务已创建进展同步即使含@也静默，不生成澄清或业务任务 (76.8399ms)
✔ 已送达回复引用可将第三方进展静默绑定到唯一话题，且旧消息可确定性补录 (130.0202ms)
✔ 已完成的纯排查任务再次收到相同问题反馈时提出修复授权问题 (99.1996ms)
✔ 旧任务缺标题且长目标进入R候选时仍能计算材料摘要 (1635.3657ms)
✔ 旧排查任务的肯定答复只授权同一消息继续准入，随后可创建新工作流任务 (181.5575ms)
✔ 本人可答复他人旧排查澄清，其他群成员不能冒用且不阻断消息接收 (262.9832ms)
✔ 明确问小小鹏审核问题是否部署时即使I误判无动作也回读群任务 (123.5709ms)
✔ 审核状态问句、两个任务说明和引用问题清单归为同一话题，不误建三个任务 (201.3005ms)
✔ 恢复扫描先重试一次无回执只读查询，再完成原命令 (83.5495ms)
✔ 已回读的自身澄清通知不再作为新消息入站，收发信箱分别投影 (102.6968ms)
✔ 受管撤回逐条核验负责人原消息，回读后补发保留原通知 (175.2286ms)
✔ 群职责进入 I 而不占用 S/R；任务历史可由固定材料键读取 (118.8892ms)
✔ 群成员可核对本群旧任务摘要和UAT2交付状态，跨群历史不可读取 (94.8185ms)
✔ 旧群历史缺发送人字段时仍能写入快照 (80.8616ms)
✔ I 的流程提示不直接派发；专业目录供 Owner 选择，缺适配器不执行外部效果 (949.7013ms)
✔ 受信外部适配器齐备时目录可见，I 仍不能直接启动外部效果 (531.8056ms)
✔ 原消息否定编辑取消原Task，不发第二个任务且屏障释放 (250.4857ms)
✔ 运行中原消息修订更新 Task 要求并保持旧 Run 输入冻结 (284.2379ms)
✔ 新Task真实HTTP补充与取消同库幂等；无权/跨站/伪造输入不执行，暂停不恢复 (327.8676ms)
✔ Controller未排空错误投影等待原因，不能显示正常执行 (162.3664ms)
✔ Web事件已准备后中断由恢复通路接纳一次，后续恢复不重复输入 (193.5452ms)
✔ C01 媒体连接器挂起不阻durable接收和独立SQLite读回 (176.4855ms)
✔ 只关联话题时意图仍读到已执行Task及结果限制，运行成功不冒充目标达成 (280.5677ms)
✔ 方案阶段完成后等待确认，确认沿用业务Task并只启动下一阶段 (381.4643ms)
✔ UAT 缺受信适配器时已完成分析保留，Owner 后续阶段明确受阻 (218.709ms)
✔ 阶段间取消后经原发送人重新授权，只替换未完成后缀 (454.4134ms)
✔ 已绑定Owner会话确实缺失时换代并在原Task恢复，旧任务命令不重复创建 (156.584ms)
✔ 专业分析后在同一 Task 读取前序产物，不依赖 general intake (389.0302ms)
✔ Owner 可在零阶段 Task 首先选择一项受信能力并完成原文整理 (205.3329ms)
✔ 执行中收到追加阶段意图时保留当前Run，完成后从核验产物启动后继 (414.666ms)
✔ 纯排查完成后续办仍用原业务Task，原Run成功证据不重跑 (418.109ms)
✔ C13 渠道读回挂起时新业务和取消继续，ACK不冒充送达 (299.4682ms)
✔ 只读轨迹 API 回读真实节点、话题批次与已绑定 Owner，并隔离其他群 (148.6833ms)
✔ 只读历史执行 API 不把预留 Owner 身份伪装成已绑定会话 (141.1883ms)
✔ 消息证据 API 仅回读绑定原文并以 hash 固定分页版本 (288.4653ms)
✔ 超过 200 个话题时明确引用仍找回最早话题且不建新 Task (1058.3657ms)
✔ 同话题一千条相同事实在 IB 合并投影，跨发送人或不同约束不合并 (8627.4464ms)
✔ 原发送人撤销仅排查条件可替换历史，另一发送人不得替换或派发 (298.8149ms)
✔ 局部撤销范围及模型误报整话题均保留其他任务限制且零派发 (226.2857ms)
✔ answer 创建的任务可回读来源及历史执行 (192.3667ms)
ℹ tests 74
ℹ suites 0
ℹ pass 73
ℹ fail 1
ℹ cancelled 0
ℹ skipped 0
ℹ todo 0
ℹ duration_ms 25134.5599

✖ failing tests:

test at test\workflow-service.test.js:466:1
✖ 同一话题含两个Task时按明确目标绑定短追问，不默认最近执行Run (177.1124ms)
  Error: runId
      at deserializeError (file:///D:/project/worktrees/dingtalk-topic-context-completeness/packages/dingtalk-dsh-assistant/execution-store.js:8:49)
      at Worker.<anonymous> (file:///D:/project/worktrees/dingtalk-topic-context-completeness/packages/dingtalk-dsh-assistant/execution-store.js:58:23)
      at Worker.emit (node:events:509:28)
      at MessagePort.<anonymous> (node:internal/worker:350:14)
      at [nodejs.internal.kHybridDispatch] (node:internal/event_target:856:20)
      at MessagePort.<anonymous> (node:internal/per_context/messageport:23:28) {
    code: 'INVALID_ARGUMENT',
    sqliteCode: null
  }
