✔ 历史成功阶段观察沿用旧事件身份，不唤醒已完成Owner (222.6039ms)
✔ 原生维护恢复仅处理重复观察，重启保留原complete及错误回合与事件 (379.2655ms)
✔ 完成观察恢复拒绝新业务事件 (352.802ms)
✔ 完成观察恢复拒绝不同产出 (378.3996ms)
✔ 完成观察恢复拒绝权限变化 (390.3938ms)
✔ 完成观察恢复拒绝要求变化 (375.0011ms)
✔ 完成观察恢复拒绝计划变化 (343.0458ms)
✔ 完成观察恢复拒绝新业务执行 (334.3446ms)
✔ 完成观察恢复拒绝节点未排空 (350.8523ms)
✔ 完成观察恢复拒绝阶段未成功 (339.0414ms)
✔ 完成观察恢复拒绝原完成证明未应用 (330.9483ms)
✔ 完成观察恢复拒绝完成后接纳业务决定 (338.5683ms)
✔ 完成观察恢复拒绝不确定外部效果 (316.6535ms)
✔ 启动材料引用由Host列举，查询资源和其他事项引用不能进入材料等待 (1.5406ms)
✔ answer objective进入消息Agent并持久产出、零Task，补读及重启不重执行或重发 (265.5669ms)
✔ 慢查询不堵塞其他消息判断和独立Agent执行 (271.55ms)
✔ 错误查询资源引用在意图落账前纠正，不生成材料等待或重复执行 (223.8619ms)
✔ 异步问答完成即派发后继，不依赖再次process或恢复轮询 (237.6172ms)
✔ 同话题后续问题读取既有话题，但创建独立消息会话和发送者范围 (307.3409ms)
✔ 需要补充创建message request，授权答复沿用会话递增输入版本 (260.3022ms)
✔ 新目录统一调查入口，旧材料流程不再可选 (165.3237ms)
✔ 能力受阻如实结束为blocked，伪造工具证据不能成为回答 (398.3942ms)
✔ 通知发送未知后重启只补读原通知，不重复Agent执行与外发 (213.6105ms)
✔ 已排队旧answer.text明确拒绝，不由新Agent猜测旧合同 (172.5053ms)
✔ 消息trace只返回Agent摘要、耗时和绑定会话，长产出按需分页且不允许跨消息工件 (236.3539ms)
✔ Agent资源权限独立于发送者，各发送者使用相同职责范围 (260.4503ms)
✔ 单Task恢复失败和正在执行Task不能阻止其它恢复与通知扫描 (5.7637ms)
✔ 大量unknown通知不能挤掉新prepared；对账游标可到下一页 (772.6609ms)
✔ 旧活动Task不会被超过200条新终态任务挤出恢复索引 (882.1685ms)
ℹ tests 29
ℹ suites 0
ℹ pass 29
ℹ fail 0
ℹ cancelled 0
ℹ skipped 0
ℹ todo 0
ℹ duration_ms 4603.0367
