✔ 备份验证包含WAL最新提交、全文件清单、完整性及工件引用 (159.2077ms)
✔ 失败启动只读复核原备份：none (116.1455ms)
✔ 失败启动只读复核原备份：profile (177.6606ms)
✔ 失败启动只读复核原备份：backup (129.4314ms)
✔ 失败启动只读复核原备份：domain (126.7278ms)
✔ 失败启动只读复核原备份：new-domain (132.0597ms)
✔ 失败启动只读复核原备份：new-artifact (113.4737ms)
✔ 失败启动只读复核原备份：wal (138.8501ms)
✔ 备份WAL破损和工件缺失均拒绝 (107.7993ms)
✔ 数据库到工件闭包回读：missing (162.8334ms)
✔ 数据库到工件闭包回读：corrupt (102.636ms)
✔ 数据库到工件闭包回读：完整重复引用 (111.1248ms)
✔ 引用闭包按内容去重且数量/字节超限显式拒绝 (11.5681ms)
✔ HTTP正常但恢复报错或认证失败不得部署ready，凭据不出现在结果 (20.5794ms)
ℹ tests 14
ℹ suites 0
ℹ pass 14
ℹ fail 0
ℹ cancelled 0
ℹ skipped 0
ℹ todo 0
ℹ duration_ms 1716.4264
