✔ Host恢复已退役调查定义按任务控制状态处理：cancelled (351.0752ms)
✔ Host恢复已退役调查定义按任务控制状态处理：active (288.8866ms)
✔ Host恢复已退役调查定义按任务控制状态处理：paused (307.4505ms)
✔ 维护HTTP仅受信本机身份可改，严格参数、幂等与过期许可均校验 (361.1589ms)
✔ 完成观察维护HTTP复用原生完成证明，拒绝跨源和伪造身份并校验CAS (413.5823ms)
✔ service真实恢复入口不重派确定性错误，只有明确暂态可有限重试 (3903.8395ms)
✔ 预算续行真实HTTP与Controller保留54次消耗、验收一次、旧失败领取及阶段门禁 (1975.6838ms)
✔ 默认日常能力按当前原文生成 Markdown，并拒绝把排查目标当整理完成 (0.8617ms)
✔ 平台附件只读能力绑定当前 Task 消息、附件 ID 与来源版本，并独立二次回读 (0.6405ms)
✔ 平台附件变更、跨群回读和二次内容漂移均不能成为通用任务证据 (0.3889ms)
✔ 短指代消息优先呈现紧邻来源的话题，显式引用仍优先 (6.8433ms)
✔ 明确交办与问题报告分开准入 (0.613ms)
✔ 群回复署名只取唯一明确职责，不默认身份，不重复或注入内部信息 (0.4978ms)
✔ 状态问句支持任意配置名称及别名，改名和清空后不保留旧身份捷径 (367.8846ms)
✔ 内置进展查询限制本群与八项候选，流程结果可审计 (1.3601ms)
✔ 渠道回读归一化空白及已观察inline-code样式，正文差异仍阻止送达 (0.4572ms)
✔ DWS 发送 ACK 的实际 result.openTaskId 可用于独立回读 (0.0939ms)
✔ 群职责指定的日常代答署名在通知准备时固化且不会重复附加 (0.0843ms)
✔ 群职责贯穿即时进展查询的持久通知正文与引用来源 (205.7091ms)
✔ 群职责调整后已送达通知保留原正文，新通知仍可继续发送 (269.4618ms)
✔ 工作流通知引用来源消息，缺来源才发送普通群消息 (0.3334ms)
✔ 正式 Web 重执行新建独立任务，持久幂等、原任务不变、恢复只留 Web 且拒绝越权阶段 (7235.8617ms)
✔ I 只能提交目标：Task 与 Owner 原子接纳，Owner 未建计划前没有业务 Run (196.2891ms)
✔ 真实同库消息接纳→固定Task执行→看板结果；重复入站不重复创建 (307.4411ms)
✔ 没有 Owner 的已成功问答计划显示完成，结果中的未知不制造等待；确认阶段仍等待 (241.4687ms)
✔ 混合调查与写入通过真实服务Owner门禁：无关备忘录不能证明生产修复 (335.0225ms)
✔ 混合调查与写入通过真实服务Owner门禁：同项有效保存完成 (410.5775ms)
✔ 混合调查与写入通过真实服务Owner门禁：引用调查不足产物不能完成保存项 (377.0725ms)
✔ 混合调查与写入通过真实服务Owner门禁：业务检查返回错项不能完成 (338.4935ms)
✔ 混合调查与写入通过真实服务Owner门禁：默认原生领域检查拒绝备忘录冒充生产修复 (321.354ms)
✔ 混合调查与写入通过真实服务Owner门禁：默认原生领域检查接纳有效保存并持久化凭证 (407.0127ms)
✔ 正式服务重启恢复通用 v4 成功前序且新任务使用 v6 (364.0266ms)
✔ 正式服务重启恢复通用 v5 成功前序且新任务使用 v6 (354.6826ms)
✔ 流程成功后由同一Task负责人验收并只汇报一次最终结果 (276.8389ms)
✔ 最终报告领取前新增目标使旧完成通知失效，已完成流程不重跑 (251.2394ms)
✔ 同一任务承接与最终报告并存时只按精确通知身份纠正最终报告 (298.3449ms)
✔ 仅把已完成任务报告改成中文只唤醒Owner，不重跑排查或新增Run (458.91ms)
✔ Owner长事件积压分页读取全部内容后才推进同一Task水位 (479.6567ms)
✔ 账号问题与“这不是让你去查吗”回到同一Task，不重建或丢失原上下文 (357.7504ms)
✔ 同一话题含两个Task时按明确目标绑定短追问，不默认最近执行Run (422.6786ms)
✔ 模型要求为非本人创建Task仍被Host拒绝，未受权群也拒绝 (174.5665ms)
✔ 无可信消息编辑版本不能把变更正文当重复消息或新授权 (176.2829ms)
✔ Web与IM引用同一澄清首终态生效，无权拒绝且答复不新建消息或重跑S (200.7377ms)
✔ 纯话题事实同库沉淀，后续任务读取原文并强制继承话题约束 (316.4071ms)
✔ 旧完成Task只读候选返回旧结果，不调用新controller或恢复旧引擎 (195.3742ms)
✔ 群集合查询不要求单个Task身份 (200.8542ms)
✔ 必需附件正文进入Task固定输入且保留意图约束 (333.0563ms)
✔ 通知ACK丢失只回查不重发；当前披露不允许时零发送 (255.3372ms)
✔ 同文高版本编辑复用原Task且别名重投回原run (268.7528ms)
✔ 群职责允许明确点名交办创建任务，普通问题报告仍无创建权 (377.9489ms)
✔ 本机操作者逐条重处理旧澄清，旧请求失效且有命令消息拒绝重跑 (238.4076ms)
✔ 无引用的先别管它静默收束，不追问也不创建任务 (140.4214ms)
✔ 第三方任务已创建进展同步即使含@也静默，不生成澄清或业务任务 (143.3171ms)
✔ 已送达回复引用可将第三方进展静默绑定到唯一话题，且旧消息可确定性补录 (193.3874ms)
✔ 已完成的纯排查任务再次收到相同问题反馈时提出修复授权问题 (167.4386ms)
✔ 旧任务缺标题且长目标进入R候选时仍能计算材料摘要 (1697.7036ms)
✔ 旧排查任务的肯定答复只授权同一消息继续准入，随后可创建新工作流任务 (285.9577ms)
✔ 本人可答复他人旧排查澄清，其他群成员不能冒用且不阻断消息接收 (353.3188ms)
✔ 明确问小助手审核问题是否部署时即使I误判无动作也回读群任务 (201.3987ms)
✔ 审核状态问句、两个任务说明和引用问题清单归为同一话题，不误建三个任务 (308.1161ms)
✔ 恢复扫描先重试一次无回执只读查询，再完成原命令 (171.5776ms)
✔ 回声先启动模型而通知随后读回时，隔离取消原调用且迟到结果不影响 drained (225.9351ms)
✔ 已回读的自身澄清通知不再作为新消息入站，收发信箱分别投影 (173.1117ms)
✔ 受管撤回逐条核验负责人原消息，回读后补发保留原通知 (278.4937ms)
✔ 群职责进入 I 而不占用 S/R；任务历史可由固定材料键读取 (183.7102ms)
✔ 群成员可核对本群旧任务摘要和UAT2交付状态，跨群历史不可读取 (188.3581ms)
✔ 旧群历史缺发送人字段时仍能写入快照 (163.3079ms)
✔ I 的流程提示不直接派发；专业目录供 Owner 选择，缺适配器不执行外部效果 (543.7905ms)
✔ 受信外部适配器齐备时目录可见，I 仍不能直接启动外部效果 (669.6398ms)
✔ 原消息否定编辑取消原Task，不发第二个任务且屏障释放 (377.9806ms)
✔ 运行中原消息修订更新 Task 要求并保持旧 Run 输入冻结 (435.9606ms)
✔ 新Task真实HTTP补充与取消同库幂等；无权/跨站/伪造输入不执行，暂停不恢复 (364.3676ms)
✔ Controller未排空错误投影等待原因，不能显示正常执行 (227.8723ms)
✔ Web事件已准备后中断由恢复通路接纳一次，后续恢复不重复输入 (267.6288ms)
✔ C01 媒体连接器挂起不阻durable接收和独立SQLite读回 (252.4377ms)
✔ 只关联话题时意图仍读到已执行Task及结果限制，运行成功不冒充目标达成 (333.8201ms)
✔ 方案阶段完成后等待确认，确认沿用业务Task并只启动下一阶段 (553.8778ms)
✔ UAT 缺受信适配器时已完成分析保留，Owner 后续阶段明确受阻 (309.265ms)
✔ 阶段间取消后经原发送人重新授权，只替换未完成后缀 (494.688ms)
✔ 已绑定Owner会话确实缺失时换代并在原Task恢复，旧任务命令不重复创建 (265.4304ms)
✔ 专业分析后在同一 Task 读取前序产物，不依赖 general intake (490.3157ms)
✔ Owner 可在零阶段 Task 选择共享调查并按来源完成原文整理 (380.8269ms)
✔ 执行中收到追加阶段意图时保留当前Run，完成后从核验产物启动后继 (684.4298ms)
✔ 纯排查完成后续办仍用原业务Task，原Run成功证据不重跑 (644.0391ms)
✔ C13 渠道读回挂起时新业务和取消继续，ACK不冒充送达 (384.7352ms)
✔ 只读轨迹 API 回读真实节点、话题批次与已绑定 Owner，并隔离其他群 (248.7711ms)
✔ 步骤产出只投影业务正文及限制，不泄露任意对象字段 (297.3443ms)
✔ 当前工程和分析节点逐类投影，数量去重且准备态不冒充执行 (1.8695ms)
✔ 只有局部替换的工程方案仍展示真实产出，分页不丢修改前后内容 (324.0461ms)
✔ 只读历史执行 API 不把预留 Owner 身份伪装成已绑定会话 (193.2885ms)
✔ 消息证据 API 仅回读绑定原文并以 hash 固定分页版本 (371.9306ms)
✔ 超过 200 个话题时明确引用仍找回最早话题且不建新 Task (1268.6449ms)
✔ 同话题一千条相同事实在 IB 合并投影，跨发送人或不同约束不合并 (11428.5739ms)
✔ 原发送人撤销仅排查条件可替换历史，另一发送人不得替换或派发 (584.9877ms)
✔ 局部撤销范围及模型误报整话题均保留其他任务限制且零派发 (535.7772ms)
✔ 普通 answer 的 Host 门禁拒绝已排队的旧参数与任务参数，且不豁免创建权限 (293.8253ms)
✔ 普通 answer 回复原任务消息的编辑，不被误当新增事项也不修改原任务 (515ms)
✔ 普通 answer 对旧任务仅允许本群只读答复，跨群仍拒绝 (250.1584ms)
✔ 普通 answer 可向 owner 引用回复，重复处理不重发且不创建任务 (294.2891ms)
✔ 普通 answer 可向 participant 引用回复，重复处理不重发且不创建任务 (339.5799ms)
✔ 普通 answer 保留 none 通知门禁 (344.357ms)
✔ 普通 answer 保留 denied 通知门禁 (312.5129ms)
✔ 普通 answer 发送结果未知后重启只补读原通知，不重复派发 (327.7386ms)
✔ 方案节点仅返回真实工件路径，不附正文、摘要或下载名称 (595.2397ms)
✔ 业务验收产出独立显示验收项、预期和实际结果 (0.421ms)
✔ 开发目标缺失或不明确先询问具体UAT：修复合并问题/undefined (232.8619ms)
✔ 开发目标缺失或不明确先询问具体UAT：修复合并问题/uat1 (268.3141ms)
✔ 开发目标缺失或不明确先询问具体UAT：提交到uat1或uat2/uat1 (266.3163ms)
✔ 开发目标缺失或不明确先询问具体UAT：提交到uat1～9/uat1 (249.3065ms)
✔ UAT澄清回答绑定同一请求并进入任务目标，不猜环境或重新拆消息 (426.9407ms)
✔ 本地验收产出：条件、方案与目录准确展示且不泄漏执行参数 (1.2011ms)
✔ 本地验收产出：阶段耗时、预期实际与清理结果进入同一报告 (0.539ms)
✔ 只读本地验收明确没有业务数据写入，不冒充删除数据 (0.122ms)
✔ 本地验收产出：dataCleaned未确认不能显示整体通过 (0.0994ms)
✔ 本地验收产出：processStopped未确认不能显示整体通过 (0.0387ms)
✔ 本地验收产出：业务失败和缺失实际结果不伪装通过 (0.0776ms)
✔ 本地验收产出：执行中、未知状态及空回执明确标记未确认 (0.063ms)
✔ 暂态恢复三次上限与退避持久化 ECONNRESET，重开控制账不能重置额度 (4504.7555ms)
✔ 暂态恢复三次上限与退避持久化 ENGINEERING_REMOTE_READ_TRANSIENT，重开控制账不能重置额度 (4328.0706ms)
✔ 交付只读恢复 succeeded：既有效果不重发且仅成功恢复原节点 (643.2013ms)
✔ 交付只读恢复 unknown：既有效果不重发且仅成功恢复原节点 (569.4064ms)
✔ 交付只读恢复 failed：既有效果不重发且仅成功恢复原节点 (543.4921ms)
✔ 交付只读恢复 throws：既有效果不重发且仅成功恢复原节点 (555.2331ms)
✔ 交付只读恢复屏障 maintenance (527.6189ms)
✔ 交付只读恢复屏障 pause (562.712ms)
✔ 交付只读恢复屏障 stop (516.7397ms)
✔ 交付只读恢复屏障 input (515.4072ms)
✔ 交付只读恢复屏障 maintenance-during-read (565.9287ms)
✔ UAT Web 审批完整请求ID uat-deployment/approved：可见、授权、首终态与Owner事件幂等 (657.1447ms)
✔ UAT Web 审批完整请求ID uat-deployment/rejected：可见、授权、首终态与Owner事件幂等 (600.2322ms)
✔ UAT Web 审批完整请求ID uat-rebuild/approved：可见、授权、首终态与Owner事件幂等 (653.4593ms)
✔ 普通UAT构建失败收口 receipt=true：单次发送、保留失败证据且不反复恢复 (695.2458ms)
✔ 普通UAT构建失败收口 receipt=false：单次发送、保留失败证据且不反复恢复 (599.8207ms)
✔ 普通UAT构建失败收口 receipt=observed：单次发送、保留失败证据且不反复恢复 (656.3535ms)
✔ 任务投影只在真实等待时显示原因，完成后隐藏遗留原因且不改历史 (455.0572ms)
✔ 真实Owner路径保留工程本地验收与合并前缀，失败第三阶段重建后可结案 (1966.4165ms)
✔ 调查成功产物经真实Service与工程准备进入方案节点输入，伪造前序引用拒绝 (18770.5723ms)
✔ 渠道inline-code转换可独立回读，值变化仍拒绝 (0.5925ms)
✔ 新版任务真实HTTP归档仅完成可用，幂等持久且不改变节点产物或发送消息 (621.8039ms)
✔ 新版任务归档拒绝运行中与等待中任务且不记录归档事件 (319.246ms)
✔ 同任务汇总卡片并分页历次执行：取消保留阶段成果、旧详情与权限隔离 (469.218ms)
✔ 当前完整详情保留已成功前段，替换删除新增后段并隔离同名步骤 (436.5863ms)
✔ 当前完整详情只取最新节点代次，需求更新后旧结果及正文立即失效 (2400.561ms)
✔ 当前完整详情拒绝持续变化的版本，不交付混合计划快照 (356.6652ms)
✔ 历史并发分叉保持一张活动卡片，相同标题的独立任务不合并 (0.3517ms)
✔ 完整任务目录超过200条运行仍保留旧任务，投影不超过原生RPC队列 (4472.8279ms)
✔ 待澄清和待材料有各自状态及原因，真正失败仍为关联受阻 (178.8485ms)
✔ revise 整批追加超过累计32项时需求与验收均不写入 (1889.6809ms)
✔ reopen 整批追加超过累计32项时需求与验收均不写入 (1901.8142ms)
ℹ tests 149
ℹ suites 0
ℹ pass 149
ℹ fail 0
ℹ cancelled 0
ℹ skipped 0
ℹ todo 0
ℹ duration_ms 109498.1105
