✔ 输出校验仅明确的格式和引用错误可纠正，权限和存储故障不降级 (0.6429ms)
✔ 问答证据须由Host实际验证，false、缺失和跨范围拒绝不被当成成功 (2.4103ms)
✔ 结果区分已答复、必需补充和能力阻塞；limitations不自动将答复变成等待 (0.689ms)
✔ 调查只有一个自主Agent阶段及受信接纳，Owner不能将needs_input或blocked视为完成 (5.9673ms)
✔ 共享执行保留规划、审查、数据和复盘的专业约束，禁止重复工具声明 (0.5608ms)
✔ 派发核对绑定来源事项与当前启用流程版本 (5.8961ms)
✔ 定向重规划证据必须给出消息依据、原因及受影响阶段 (1.9605ms)
✔ Topic 决策独立提交并以固定 Topic 版本关联任务 (1.4123ms)
✔ Topic 决策拒绝缺失来源依据、消息副本和缺失执行版本 (1.004ms)
✔ 任务续接协议允许目标修订同时携带新的任务名称 (0.5255ms)
✔ 归类可新建、追加或多归属，空归属必须有原因 (2.6584ms)
✔ 显式任务指向识别配置名称、别名、DWS登录人或cc指令 (0.7608ms)
✔ 回复审阅结构严格区分确认、结果与订正 (0.3989ms)
✔ 历史回复候选保留真实消息内容且引用ID不参与同一事项定论 (6.2369ms)
✔ 历史回复候选按真实关联优先且严格限制数量和序列化体积 (11.2971ms)
✔ 图片mediaId不算@对象且明确询问其他同事不算Agent授权 (0.3481ms)
✔ 叶子任务不得绕过Runtime直接发送群通知 (10.9842ms)
✔ 同事AI回复必须进入模型并由群决策协议判断 (3.3829ms)
✔ 未点名但应处理时先询问且不得由 Runtime 静默降级 (1.4382ms)
✔ 主会话对任务补充发送简短且不复述信息的确认 (1.313ms)
✔ 诊断请求不得被主会话或叶子会话扩大为修复授权 (1.6072ms)
✔ 任务关联索引覆盖当前群全部状态并允许历史任务记录关联上下文 (1.3849ms)
✔ 任务所需附件读取失败时硬拦截任务动作并反馈缺失信息 (0.3787ms)
✔ 历史回复审阅从 Task 固定 Topic 版本读取事实，不偷换为最新消息 (0.354ms)
✔ 失败分类仅使用精确白名单，输出错误不扩散到输入和未知故障 (1.5044ms)
▶ 执行失败保存恢复责任，未知故障和外部未知结果不自动重放
  ✔ ENGINEERING_ACCEPTANCE_FAILED (204.4335ms)
  ✔ ENGINEERING_UAT_ENVIRONMENT_REQUIRED (183.6565ms)
  ✔ DELIVERY_RECONCILIATION_REQUIRED (186.0811ms)
  ✔ CUSTOM_ACCEPTANCE_FAILED (197.8609ms)
✔ 执行失败保存恢复责任，未知故障和外部未知结果不自动重放 (773.2622ms)
✔ 缺资料等待保存分类和原始产物，不改变续行协议 (203.367ms)
▶ 未知业务失败也保存诊断，非法失败材料不能让已排空节点残留 running
  ✔ 第三类业务材料 (201.7442ms)
  ✔ 非法材料 (208.4207ms)
✔ 未知业务失败也保存诊断，非法失败材料不能让已排空节点残留 running (410.8251ms)
✔ 相同函数跨 LF/CRLF 打包保持定义身份，旧 CRLF 摘要可恢复 (255.3722ms)
✔ 暂停等待真实排空，保留新输入，系统恢复不解除用户暂停，resume先应用新输入 (237.1525ms)
✔ 取消的任务不能通过resume复活 (186.2268ms)
✔ 暂停在排空前重启：系统恢复仅完成暂停，用户resume才重领节点 (399.7172ms)
✔ 当前定义改变时注册历史定义，旧run按旧digest续接而新run用当前定义 (284.9216ms)
✔ 正式Controller：schema映射→事务下游→最终输出，不读取聊天历史 (207.4467ms)
✔ 新输入先持久屏障，旧执行排空后换代，只使用最新输入 (254.7533ms)
✔ 取消先记cancelling，真实函数未退出不显示cancelled、不启动下游 (155.4119ms)
✔ 无效输出不能让下游获得执行租约 (160.1457ms)
▶ 产出和后继纯映射错误统一持久交接，保留有效产物且下游不执行
  ✔ date (202.9733ms)
  ✔ map (176.3192ms)
  ✔ undefined (166.6556ms)
  ✔ mapper (173.0327ms)
  ✔ next-schema (178.0248ms)
✔ 产出和后继纯映射错误统一持久交接，保留有效产物且下游不执行 (898.1041ms)
✔ 结果落盘响应未知时读取原提交继续，不写失败或重做已完成节点 (196.1922ms)
✔ 工件磁盘写失败不伪造契约失败，不派发下游 (158.9361ms)
✔ 冻结待启动阶段在重启升级后按原摘要运行，合同也随摘要固定 (323.0809ms)
✔ 失败结果在Owner唤醒前重启仍可读取，重复观察不重复事件或业务执行 (355.3935ms)
✔ 工件坏字节拒绝读取；正常读不会悄悄修复内容 (177.761ms)
✔ 工件读取期间stop已持久接纳，释放读取后不得再进入executor (151.4247ms)
✔ 同一内容并发落盘只能公开完整工件 (174.2952ms)
✔ 重启恢复优先处理已持久input屏障 (398.4575ms)
✔ 重启恢复优先处理已持久stop屏障 (298.5895ms)
✔ 省略runId时重试同一创建命令沿用确定身份 (168.7019ms)
✔ 持久ready节点重启恢复：尚未首次claim (326.9771ms)
✔ 持久ready节点重启恢复：前节点已提交 (347.3468ms)
✔ 大量合法长inputId分批应用，不超过RPC上限且只运行最后输入 (646.1463ms)
✔ 外部检查未排空跨Store重启保留屏障，真实存活父子进程不能被recover误放行 (912.5843ms)
✔ 原生工具缺失路径为结构化结果，不停止queued读取；模型list纠正后能提交 (325.9757ms)
✔ 原生工具安全门禁及普通异常仍停止会话和queued读取，不白名单泛化错误 (143.5779ms)
✔ 原生读取超限提示后可在同会话缩小分页并提交 (31.3601ms)
✔ 工程只读工具在原生节点会话中可用并绑定当前运行身份 (31.7603ms)
✔ 固定reasoningEffort透传到原生Provider请求 (29.9039ms)
✔ 正式适配器：两次读取同Session，先持久绑定，提交结果排空后仅回调业务output (175.0959ms)
✔ 无提交和输出schema失败均结束attempt，不反复调用模型 (197.7953ms)
✔ 受信工具参数与提交格式可在原会话修正，失败调用不进入工具体 (60.8984ms)
✔ 连续格式错误耗尽原步数预算，不重置额度或无限续行 (28.3256ms)
✔ 参数修正不能覆盖后置权限拒绝，也不能改写已接纳提交 (52.972ms)
✔ restrict隐藏继承写工具，单调guard拒绝scope-local写和恶意调用 (63.1018ms)
✔ 首step与submit前检查当前租约；过期状态不交付业务output (51.6849ms)
✔ bound Session缺失或既有Session身份未知不得新建/认领 (46.8787ms)
✔ create后bind失败：持久身份可恢复，须递增lease；同身份错digest仍拒绝 (122.307ms)
✔ R1输入失效后新generation新Session实际请求不含旧规则或历史 (47.6196ms)
✔ 真实post-execute未结束不回调；取消和close等待工具退出，期间不能创建替身 (217.578ms)
✔ 实际JSONL跨OS进程恢复正式模块：原日志前缀不变，lease增加，旧工具结果进入新请求 (885.5254ms)
✔ 重复合法工具读取受maxSteps约束；timeout取消后仍须等真实工具排空 (3123.8091ms)
✔ 定义仅快照执行字段；排空持久化失败明确标记未证明排空并保留占位 (28.7296ms)
✔ 未知所有者的真实原生句柄拒绝标记未排空，cancel与恢复检查不得取消或认领它 (29.1616ms)
✔ 消息原生会话：查询纠正、提交和跨Host补充恢复，无虚假任务身份 (149.0398ms)
✔ 受信工具安全失败中止queued调用 (31.9669ms)
✔ 消息原生恢复保持step预算；不能借新lease或新预算重置 (91.27ms)
✔ 消息取消会排空受信工具并拒绝迟到产出，工具不能软化取消 (25.3555ms)
✔ 消息恢复累计timeout，完成后的等待时间不占执行预算 (2255.782ms)
✔ 消息续接不能重置已消耗timeout (2037.4285ms)
✔ 显式调查节点同Session补充：Host历史逐项匹配，任务身份及代际不变 (121.9417ms)
✔ 普通工程session不能借添加补充合同更改digest，调查不能删除合同或跳过历史版本 (103.2356ms)
✔ 调查补充不会重置原生step预算 (81.3698ms)
✔ Host输出语义校验可纠正错误在conclude前反馈，修正才接纳且不泄露路径 (30.5705ms)
✔ Host输出校验默认fatal，校验期间失效的lease不可软化 (51.4885ms)
✔ 新原生会话使用Host工作区meta，模型input不能覆盖；恢复保持原metadata (131.4827ms)
✔ 同消息不同unit原生并行且取消只排空目标unit (75.6739ms)
✔ 工作流只读状态与异步任务视图保留新节点真实完成状态 (48.0127ms)
✔ 工程仓库重发仅接受本机同源严格参数并返回受管结果 (24.6123ms)
✔ 群收发信箱合并新工作流持久消息与通知，按 ID 去重且保留旧群记录 (7.2444ms)
✔ 新工作流话题进入列表与详情，跨群详情不可读 (21.6015ms)
✔ 本机澄清回答拒绝body伪造actor与外站Origin，只传固定路径身份 (15.7815ms)
✔ 通知操作仅本机逐条预检和按路径执行，拒绝额外对象字段 (78.9533ms)
✔ 通知恢复仅使用路径身份，受阻或过期意图返回冲突 (6.5398ms)
✔ 生产HTTP开放只读状态与明确的本机群配置接口，测试控制面仍关闭 (246.4546ms)
✔ 活动审计历史缺源计入单独状态但不误报当前健康故障 (6.6672ms)
✔ 显式testApiEnabled才开放测试写入口 (3.0956ms)
✔ 报告查询与显式恢复只采用路径身份，缺失返回404、不可恢复状态409 (73.3843ms)
✔ Host 原操作恢复固定路径身份且要求对账，模型字段不能覆盖作用域 (49.2923ms)
✔ context支持同源影响证据，create/reopen拒绝这些字段 (19.8671ms)
✔ Web Task 入口强制稳定请求与执行版本且拒绝伪造来源和Session (137.3042ms)
✔ 移除群遇到Topic引用或未完成决策返回409而非普通参数错误 (12.1267ms)
✔ Web输入版本与幂等身份冲突返回409，可靠接收尚未完成返回202 (16.3004ms)
✔ Topic 查询有界分页且群摘要不泄漏内部决策、归类和预约记录 (107.7057ms)
✔ 本机Web的127.0.0.1与localhost来源均可读取resident，其他来源不开放CORS (31.1834ms)
✔ DWS健康状态以实际 bridge 存活和补拉状态为准 (15.3282ms)
✔ 上下文只读 HTTP 路径完整传递分页与版本参数 (46.7203ms)
✔ 当前任务详情与正文过期版本返回409，文档也不能绕过版本校验 (15.7472ms)
✔ 上下文只读 HTTP 对未启用接口和不存在资源返回404 (91.2133ms)
✔ 节点文档下载沿用工件引用授权并以Markdown附件返回 (3.7409ms)
✔ 新版任务归档HTTP仅接受空对象并转交正式工作流，不走旧版归档 (81.2025ms)
✔ Web 新任务验收入参接受 16/17/32 条并拒绝超限、空白、超长和非法类型 (122.1901ms)
✔ v5 冻结定义保留历史 digest，新运行 v6 维持原预算 (8.1018ms)
✔ 调查阶段交付逐条说明整体要求的不足，后续编码未执行不阻塞阶段成功 (2.5535ms)
✔ Owner不能把调查明确不足改成已满足，必须引用随后阶段的有效产物 (4.3129ms)
✔ 领域结果拒绝错型、缺失及重复验收项、虚构证据及无引用事实 (4.0989ms)
✔ 旧来源校验仅接收基础字段，权限错误不被领域校验覆盖 (0.534ms)
✔ 调查输入保留 Host handoff、材料按 ID 去重且拒绝冲突 (0.4982ms)
✔ 修订后的真实 hash 验收 ID 冻结交接，拒绝按序号冒充及容量截断 (0.7464ms)
✔ 正式清单绑定冻结产物身份及验收，计划成功不能代替逐项评估 (55.0495ms)
✔ 缺字段、未成功阶段和旧需求清单不可完成，串换Run或代际直接拒绝 (167.9573ms)
✔ 必交文件由受管字节独立核验，缺失、旧版本、错误生产者和摘要损坏不得通过 (154.24ms)
✔ 外发声明必须取得独立送达核验，文件生成不能替代送达 (73.0188ms)
✔ 文件验证回调缺失、false或篡改结果均不能授予完成 (31.3039ms)
✔ 受理回执先unknown，原消息字节核验后成功，恢复绝不再次发送 (3.7061ms)
✔ 无ACK、错群、内容不匹配或授权撤销均unknown且零重发 (1.4699ms)
✔ 冻结准备拒绝跨profile、篡改group和旧需求文件 (0.5181ms)
✔ 固定三节点通过逐件效果与验收收口，未确认项阻止后续发送 (1.6177ms)
✔ 真实Controller/Store三文件工作流逐件持久化并核验收口 (814.8776ms)
✔ 同一个业务 Task 的原生 Owner 会话跨唤醒复用并持久记录候选 (143.9596ms)
✔ 原生Owner会话必须读取积压事件页后才能提交候选 (32.3492ms)
✔ Owner 仅能读取当前 Task 已成功阶段的产物正文 (31.9058ms)
✔ 已绑定的负责人会话缺失时拒绝另建会话 (4.6694ms)
✔ 会话存储读故障原样阻断，不能伪装为可重建的缺失 (0.3243ms)
✔ Owner新增能力阶段只接纳已登记写能力，调查读取不能逐次编排 (66.126ms)
✔ 原生Owner公开摘要含内部编号时工具反馈要求改写，记录仍保留绑定 (45.9277ms)
✔ 只读调查范围说明不阻塞完成，未知来源和未满足验收仍被拒绝 (245.9523ms)
✔ 第三个纯代码流程只通过合同扩展读产物和验收，旧计划仍使用冻结合同 (209.9036ms)
✔ 未绑定合同的旧定义保留产出读取，但完成和修复不得套用当前合同 (224.2323ms)
✔ 保留写效果流程冻结验收身份，不再导出旧只读执行工厂 (1.6384ms)
✔ 平台流程绑定既有外部结果合同，未验证和受阻结果不能完成 (0.242ms)
✔ 公共修复屏障不依赖领域合同自律，不确定效果、暂停、待处理输入与未排空均不得准备修复 (0.9674ms)
✔ 通用能力合同仍按同一产物摘要与完整验收条件检查目标 (0.5326ms)
✔ 第三种流程经真实 Controller/Store 修复，同一合同准备票据不可伪造或修改，未知效果阻断 (2327.0831ms)
✔ 正式 Host 继续恢复外部旧/新定义，待执行阶段不套最新合同 (566.5787ms)
✔ v13冻结目标树并强制冲突在范围内、被实际读取和纳入修改 (11.4184ms)
✔ v12 工作目录产出区分已有开发分支与提测目标 (6.0977ms)
✔ 新工程节点保存起点、目录回执和方案文档，缺失覆盖的方案不得进入修改 (2.5828ms)
✔ 检查报告解释真实命令，跳过测试不可被显示为测试通过 (0.4959ms)
✔ 工程读取节点可交接超过旧 48KB 限额的完整文件材料 (3736.3634ms)
✔ 固定工程流程实跑：受管clone→结构化修改→冻结验证 (13611.5963ms)
✔ 固定工程流程实跑：受管clone→结构化修改→冻结验证→commit/push→PR独立回读 (26097.2279ms)
✔ 提交准备只复用进程内可信票据；全新Node进程忽略持久JSON并重新实跑检查 (12091.0076ms)
✔ 失败工程检查以有界工件保留完整日志，节点仍waiting且下游不执行 (4154.0024ms)
✔ 业务验收独立于构建，缺用例或实际结果不匹配时阻止提交，重建后不信任旧票据 (14548.7132ms)
✔ v14真实controller按需检索依次进入方案和应用，v13冻结合同不改 (21358.0752ms)
✔ v15无需修改保留源码并重新检查；缺读取、冲突、工作树漂移均阻断，v14仍拒绝空方案 (24723.4567ms)
✔ Topic 固定版本投影在摘要缺失时仍是无损 JSON (1.9043ms)
✔ Topic 工具统一返回 lossless JSON (22.3315ms)
✔ 工具参数错误返回精简字段问题且不产生副作用 (4.4128ms)
✔ 联合分支错误返回具体多余字段和动作路径，不只返回 Invalid input (3.7091ms)
✔ 归类期间消息版本变化返回刷新后的当前请求 (2.6097ms)
✔ Topic 决策信封受字符预算约束，缺失增量读完后才可提交 (496.6935ms)
✔ 超长直接引用保持当前事项可见，引用续读前拒绝决策 (19.7995ms)
✔ 长历史不进入新决策首屏，路由回执保持精简 (140.5194ms)
✔ 同消息多事项的引用与原始点名只发送一次 (6.4609ms)
✔ 压缩移除已见决策正文后需重新取得必要增量 (4.514ms)
✔ 超长单消息必须按连续文本片段读完后才允许决策 (16.4859ms)
✔ 归类协议区分 Topic 归属与历史资料查询 (1.5648ms)
✔ 消息仅在全部关联 Topic 完成后收口为已投递 (3.5892ms)
✔ 明确无需进入 Topic 的消息在归类完成后直接收口 (1.6199ms)
✔ 归类 exact batch 零副作用拒绝漏项，新增消息进入下一批 (3.2979ms)
✔ A/B 独立提交不要求覆盖其他 Topic，先完成 B 不消费 A (3.7631ms)
✔ 超长消息路由必须按冻结原文坐标连续读完，未读完不能原子接受 (15.6857ms)
✔ #1066 单消息拆成三个事项，各自建 Task 且已完成事项不等待兄弟事项反馈 (28.3957ms)
✔ 同消息复核不能改 unitKey 重授执行权，显式拆分保留旧固定版本 (5.1591ms)
✔ 未知输入返回 routing-required，归到 B 后原 A 草稿自动重验提交 (28.6852ms)
✔ 待归类输入不阻止已准备的其他 Topic 决策进入公平队列 (6.8597ms)
✔ 待路由的新建任务草稿遇同话题撤销时失效，不能自动补建 (5.0529ms)
✔ 路由等待期间回复候选变化，缓存草稿仍须重新审阅 (6.9557ms)
✔ 异步决策预处理期间来了新消息，原请求仍仅派发一次且提交受保护 (4.2835ms)
✔ 新消息等待归类时决策协议提醒不消耗重试次数 (4.4689ms)
✔ 同 Topic 新增输入使旧决策失效且新依据必须覆盖本次增量 (5.5362ms)
✔ Topic 关联不能替代原消息授权，明确给他人的请求不得擅自接单 (1.9385ms)
▶ 事项正文剥离称呼后仍按原始消息核验任务授权及其他人定向
  ✔ agent (3.1285ms)
  ✔ colleague (1.8509ms)
✔ 事项正文剥离称呼后仍按原始消息核验任务授权及其他人定向 (5.3959ms)
▶ 同一消息拆分后的任务授权按事项就近点名判断
  ✔ other-b (2.4455ms)
  ✔ shared-agent (5.2473ms)
  ✔ other-after-agent (2.9364ms)
  ✔ agent-after-other (3.6321ms)
  ✔ other-despite-agent-in-decision (2.0638ms)
✔ 同一消息拆分后的任务授权按事项就近点名判断 (16.993ms)
✔ 其他人的称呼被归类为 ignoredRefs 后仍禁止接走其事项 (2.3176ms)
✔ 引用消息正文不能作为当前消息的 contextRefs (3.963ms)
✔ 引用消息中的 Agent 点名不授权当前未点名事项 (2.4638ms)
✔ 已建 Task 后故障，重启恢复只保留一个 Task 与 Outbox (5.2686ms)
✔ 同revision拒绝后新请求跨重启稳定，共享消息不转授权且已发回复不重放 (14.9142ms)
✔ 审阅工具同源契约通过真实 DSH 校验，并按请求种类限制字段 (5.887ms)
✔ Host 审阅拒绝跨种类决策及原生投影未执行的空文本约束 (10.6242ms)
✔ 内部审阅按请求绑定 Task 版本，拒绝错种类和版本变更 (4.9218ms)
✔ 完成审阅一次提交通知草稿，Task 落盘后才写入 Outbox (11.3498ms)
✔ 完成审阅后新增历史候选使通知草稿失效 (3.8108ms)
✔ 完成审阅只内联受限的近期 Topic 消息 (137.0134ms)
✔ 内部检查点必须结构化确认，不能携带相互矛盾的 guidance (5.9549ms)
✔ 话题上下文剩余预算连一个字符也装不下时保留已装入消息 (0.4134ms)
✔ 单条超长消息保持 12k 硬预算并可完整续读 (32.6285ms)
✔ 超长目标及审阅结果分页保留原文，越序读取不能绕过完整读取门禁 (18.4813ms)
✔ 无专用流程时审阅者仍可见目录和选择依据并读取未选候选 (4.7827ms)
✔ 审阅读取后已选或未选候选改版、禁用、删除都使旧请求失效，无关配置不影响 (27.7362ms)
✔ 多流程组合一次批量读取，后续检查点会使原审阅失效 (5.2113ms)
✔ 诊断检查点可在旧流程删除后不读取流程获得协调意见 (5.0978ms)
✔ 通知回退同样限制整体预算并须读完超长目标结果后才允许入队 (13.6833ms)
✔ 协调方使指定 Task 审阅失效后拒绝迟到结果 (3.2172ms)
✔ Topic 按需搜索分页及固定版本读回，跨群与越界拒绝 (3.8623ms)
✔ 历史 Topic 先根据引用消息补 summary，再据此重生成 title (4.9304ms)
✔ Task 通知要求真实 Topic 引用及参与人，并拒绝旧 Task 输入 (8.792ms)
✔ 同Topic新版本替代内存请求时持久协调账同步落superseded终态 (4.405ms)
✔ 普通Task通知与完成通知一致：引用消息时省略at默认关联发送人 (3.456ms)
✔ 审阅后历史候选变化必须重新读取，不能用旧快照发新回复 (1.8597ms)
✔ 无关 B 的新历史回复不使 A 的候选审阅失效 (2.2634ms)
✔ 决策进入 Store 队列后候选变化仍在原子提交点拦截 (2.0944ms)
✔ Task 通知在 Outbox 落盘前再次核对输入版本 (5.2438ms)
✔ Task 通知读取最新相关候选后可提交，重试不产生第二条 Outbox (4.2586ms)
✔ 未知回复请求不可用且不产生 Outbox (0.8865ms)
✔ 本地已知瞬时错误最多三次，跨重启保存预算并保持冲突保留 (4.4368ms)
✔ 未知错误停住，普通消息重试不解锁；显式原操作对账恢复 (4.092ms)
✔ 取消控制可越过已阻塞保留，普通上下文和进行中保留仍拒绝 (5.619ms)
✔ 部分成功时不能用已应用动作或Outbox的对账解锁另一未知操作 (3.7803ms)
✔ 已接受决策已落盘后到期对账完成，不重复执行动作 (19.9816ms)
✔ 共享消息只有主 Topic 能创建 Task 或确认，其他 Topic 可独立实质回答 (6.1228ms)
✔ 非空回复必须声明 kind，不能用省略审阅绕过共享确认门禁 (2.4498ms)
✔ 改归属后空 Topic 可以用 removedMessageIds 静默完成，但不能创建任务 (3.9479ms)
✔ 明确给他人的补充或取消同样不能改变已有 Task，引用转交后才可执行 (11.4793ms)
✔ 显式归属复核冻结已处理消息，修订后原 Task 仍可读取旧 Topic 版本 (5.7538ms)
✔ 精确消息重试清除失败等待且不重放已完成动作 (5.0372ms)
✔ 嵌套暂停需全部释放且 release 幂等，关闭后拒绝所有工具新意图 (1.5198ms)
✔ 归类快照只携带当前事实，失败决策按需查询可见精简进度 (4.6127ms)
✔ 动作必须先有确认且可靠 Outbox 拒绝时零 Task 副作用 (9.0679ms)
✔ 模型停稳后仅有限次提醒，同一归类请求仍可提交 (12.4237ms)
✔ 材料清单从当前surface分页形成，跨请求与压缩摘要不冒充正文 (6.9553ms)
✔ 审阅先落Task执行事件，重启同报告换提交时间仍恢复原response且不再次注入 (6.6222ms)
✔ 审阅持久化失败不得resolve，重提相同判断后只保存一份 (4.5071ms)
✔ 耗尽审阅不自动reset，显式reset只清账与旧Promise不创建新审阅 (4.7109ms)
✔ 完成审阅重启恢复时重建preparedNotification，保持原审批且不新增模型请求 (8.2182ms)
✔ 审阅身份忽略提交时间，但流程引用、最后检查点和Topic修订变化会换身份 (5.1456ms)
✔ 原生 surface 流程正文与连续页跨请求复用，压缩后历史日志不能冒充可见 (1.7111ms)
✔ 审阅复用当前流程正文，压缩或禁用后重新门禁而不是沿用已读标记 (6.5464ms)
✔ 稳定请求跨重启识别已消费消息，原文可见时恢复只发送短提醒 (17.166ms)
✔ 协议提醒到上限后持久停住，新增输入仍能形成新请求 (31.5293ms)
✔ 只读快路径共享决策门禁，成功时不向常驻再注入请求 (4.8365ms)
✔ 只读快路径拒绝动作和候选变化，Task事实在真实提交临界点变更时零Outbox (2.8776ms)
✔ 原生 Inbox 仍停放原请求时，恢复提醒不会再排入第二份正文 (6.3502ms)
✔ 显式恢复递增持久epoch，不会被此前已消费提醒身份吞掉 (32.4129ms)
✔ 同请求材料只保留一份正文，跨请求或内容变化不复用 (0.4075ms)
✔ 结构校验一次返回全部引用歧义及字段位置，整批零副作用 (2.5923ms)
✔ 紧凑目录连续分页无漏项，引用同消息全部旧事项保留摘要 (317.4918ms)
✔ 路由关联摘要包含引用命中Task的其他固定Topic，不只保留被引用单项 (3.111ms)
✔ 决策一次报告独立动作的版本和归属问题，不写Task或Outbox (2.5853ms)
✔ 决策首包提供固定流程索引、合法 section 与批量正文读取，并拒绝跨请求 (3.7967ms)
✔ 超长流程索引通过声明的 promptIndex 分页完整读取且保持决策首包预算 (5.8976ms)
▶ 读取流程后更新或禁用，new-task 提交拒绝旧版本且不写 Task 或 Outbox
  ✔ revision (2.932ms)
  ✔ disabled (2.0087ms)
✔ 读取流程后更新或禁用，new-task 提交拒绝旧版本且不写 Task 或 Outbox (5.3155ms)
✔ 无动作且从未入 Outbox 的 blocked 决策可并发安全重判，保留失败证据与原输入 (3.437ms)
✔ 重判与旧 not-applied 恢复并发时旧恢复 CAS 不得复活已拒绝草稿 (2.7932ms)
✔ 纯闲聊完整归类收口但不新建话题或触发业务决策 (4.1455ms)
✔ 混合消息只为具体事项建话题，闲聊片段保留在忽略范围 (3.7611ms)
✔ 重执行复用受信开发分支最新提交并冻结远端，保留源检出与历史定义 (22939.1202ms)
✔ 工程交付证明复用同一 Run 工件并要求显式业务 E2E 检查 (4.1996ms)
✔ 已终结工程 Run 的旧定义不参与启动恢复 (0.2625ms)
✔ 工程空方案重发保留原任务并冻结新仓库定义 (30968.03ms)
✔ 工程registry按Task冻结配置，重启重建同digest，模型变化不改历史，owner/目录/argv不由消息提升 (5335.5136ms)
✔ 工程交付后补充：固定分支祖先条件续写、PR原位修订且新代读取旧代结果 (111262.9429ms)
✔ 九个 UAT 环境精确映射固定分支，缺失和其他名称不能猜测 (0.2127ms)
✔ v11 缺本地验收配置时真实 controller 阻塞且不准备工作区 (161.8347ms)
✔ v11 输入映射、候选绑定和失败验收不能进入提交；v10 工厂摘要保持稳定 (4.9358ms)
✔ 本地验收经 delivery 对共享 UAT 加锁，另一个 Run 在首个排空前零发送 (154.6395ms)
✔ 远端引用只读重试：超时后成功，命令身份与15秒边界保持 (0.6324ms)
✔ 远端引用只读重试耗尽明确暂态 {"code":null,"killed":true,"signal":"SIGTERM"} (0.182ms)
✔ 远端引用只读重试耗尽明确暂态 {"code":"ECONNRESET"} (0.0797ms)
✔ 远端引用只读重试耗尽明确暂态 {"code":"EAI_AGAIN"} (0.0636ms)
✔ 远端引用只读重试耗尽明确暂态 {"code":128,"stderr":"fatal: TLS handshake timeout secret-token"} (0.1931ms)
✔ 远端引用只读重试耗尽明确暂态 {"code":128,"stderr":"fatal: The requested URL returned error: 503 secret-token"} (0.0746ms)
✔ 远端引用确定性失败不重试 {"code":128,"stderr":"Authentication failed secret-token"} (0.151ms)
✔ 远端引用确定性失败不重试 {"code":128,"stderr":"Permission denied (publickey)."} (0.0603ms)
✔ 远端引用确定性失败不重试 {"code":128,"stderr":"repository not found"} (0.0493ms)
✔ 远端引用确定性失败不重试 {"code":128,"stderr":"The requested URL returned error: 403"} (0.0436ms)
✔ 远端引用确定性失败不重试 {"code":128,"stderr":"SSL certificate problem: unable to get local issuer certificate"} (0.0408ms)
✔ 远端引用确定性失败不重试 {"code":"ENOENT"} (0.0407ms)
✔ 远端引用确定性失败不重试 {"code":128,"stderr":"unknown failure"} (0.0408ms)
✔ 远端引用确定性失败不重试 {"code":"ETIMEDOUT","stderr":"Authentication failed"} (0.0388ms)
✔ 远端引用分支不存在不重试，写命令不进入读取器 (0.2403ms)
✔ 仅原文明确群发授权可绑定文件，禁止否定授权和路径 (3.5998ms)
✔ 真实消息与Owner业务交付闭环：write (1118.7744ms)
✔ 真实消息与Owner业务交付闭环：omitted (503.5529ms)
✔ 真实消息与Owner业务交付闭环：import (1067.6955ms)
✔ 真实产物写步骤输出经过发送三节点后满足服务完成门禁 (82.0612ms)
ℹ tests 307
ℹ suites 0
ℹ pass 307
ℹ fail 0
ℹ cancelled 0
ℹ skipped 0
ℹ todo 0
ℹ duration_ms 189605.4791
